<html>
<body>
<pre>
<h1>µVision Build Log</h1>
<h2>Project:</h2>
C:\ti\TivaWare_C_Series-2.1.0.12573\examples\boards\TM4C1294\toggle_PinMux\toggle_PinMux.uvproj
Project File Date:  09/25/2014

<h2>Output:</h2>
Rebuild target 'Target 1'
assembling startup_rvmdk.S...
compiling toggle_PinMux.c...
linking...
Program Size: Code=1332 RO-data=16 RW-data=0 ZI-data=352  
".\toggle_PinMux.axf" - 0 Error(s), 0 Warning(s).
Load "C:\\ti\\TivaWare_C_Series-2.1.0.12573\\examples\\boards\\TM4C1294\\toggle_PinMux\\toggle_PinMux.axf" 
Connecting: Mode=JTAG, Speed=1000000Hz
Erase Done.
Programming Done.
Verify OK.
</pre>
</body>
</html>
