<html>
<body>
<pre>
<h1>µVision Build Log</h1>
<h2>Project:</h2>
C:\ti\TivaWare_C_Series-2.1.0.12573\examples\boards\my_projects\ADC_temperature\ADC_temperature.uvproj
Project File Date:  10/26/2014

<h2>Output:</h2>
Rebuild target 'Target 1'
assembling startup_rvmdk.S...
compiling ADC_temperature.c...
ADC_temperature.c(30): warning:  #550-D: variable "ui32SysClkFreq" was set but never used
                int ui32SysClkFreq;
ADC_temperature.c: 1 warning, 0 errors
linking...
Program Size: Code=2532 RO-data=752 RW-data=12 ZI-data=372  
".\ADC_temperature.axf" - 0 Error(s), 1 Warning(s).
Load "C:\\ti\\TivaWare_C_Series-2.1.0.12573\\examples\\boards\\my_projects\\ADC_temperature\\ADC_temperature.axf" 
Connecting: Mode=JTAG, Speed=1000000Hz
Erase Done.
Programming Done.
Verify OK.
</pre>
</body>
</html>
