<html>
<body>
<pre>
<h1>µVision Build Log</h1>
<h2>Project:</h2>
C:\ti\TivaWare_C_Series-2.1.0.12573\examples\project\project.uvproj
Project File Date:  10/05/2014

<h2>Output:</h2>
Rebuild target 'project'
compiling project.c...
assembling startup_rvmdk.S...
linking...
Program Size: Code=828 RO-data=16 RW-data=0 ZI-data=256  
After Build - User command #1: fromelf --bin --output .\rvmdk\project.bin .\rvmdk\project.axf
".\rvmdk\project.axf" - 0 Error(s), 0 Warning(s).
Load "C:\\ti\\TivaWare_C_Series-2.1.0.12573\\examples\\project\\rvmdk\\project.axf" 
Connecting: Mode=JTAG, Speed=1000000Hz
Erase Done.
Programming Done.
Verify OK.
</pre>
</body>
</html>
