<!doctype html public "-//w3c//dtd html 4.0 transitional//en">
<html><head>
<title>Static Call Graph - [.\rvmdk\enet_lwip.axf]</title></head>
<body><HR>
<H1>Static Call Graph for image .\rvmdk\enet_lwip.axf</H1><HR>
<BR><P>#&#060CALLGRAPH&#062# ARM Linker, 5.03 [Build 76]: Last Updated: Sat Oct 25 10:33:07 2014
<BR><P>
<H3>Maximum Stack Usage =        424 bytes + Unknown(Functions without stacksize, Cycles, Untraceable Function Pointers)</H3><H3>
Call chain for Maximum Stack Depth:</H3>
lwIPEthernetIntHandler &rArr; tivaif_interrupt &rArr; tivaif_receive &rArr; ethernet_input &rArr; ip_input &rArr; tcp_input &rArr; tcp_process &rArr; tcp_abort &rArr; tcp_abandon &rArr; tcp_pcb_remove &rArr; tcp_output &rArr; tcp_send_empty_ack &rArr; ip_output &rArr; ip_output_if &rArr; pbuf_header
<P>
<H3>
Functions with no stack information
</H3><UL>
 <LI><a href="#[19]">Reset_Handler</a>
 <LI><a href="#[1]">NmiSR</a>
 <LI><a href="#[2]">FaultISR</a>
 <LI><a href="#[3]">IntDefaultHandler</a>
</UL>
</UL>
<P>
<H3>
Mutually Recursive functions
</H3> <LI><a href="#[28]">EMACPHYRead</a>&nbsp;&nbsp;&nbsp;&rArr;&nbsp;&nbsp;&nbsp;<a href="#[28]">EMACPHYRead</a><BR>
 <LI><a href="#[1d]">SysCtlDelay</a>&nbsp;&nbsp;&nbsp;&rArr;&nbsp;&nbsp;&nbsp;<a href="#[1d]">SysCtlDelay</a><BR>
 <LI><a href="#[29]">EMACPHYWrite</a>&nbsp;&nbsp;&nbsp;&rArr;&nbsp;&nbsp;&nbsp;<a href="#[29]">EMACPHYWrite</a><BR>
 <LI><a href="#[1]">NmiSR</a>&nbsp;&nbsp;&nbsp;&rArr;&nbsp;&nbsp;&nbsp;<a href="#[1]">NmiSR</a><BR>
 <LI><a href="#[2]">FaultISR</a>&nbsp;&nbsp;&nbsp;&rArr;&nbsp;&nbsp;&nbsp;<a href="#[2]">FaultISR</a><BR>
 <LI><a href="#[3]">IntDefaultHandler</a>&nbsp;&nbsp;&nbsp;&rArr;&nbsp;&nbsp;&nbsp;<a href="#[3]">IntDefaultHandler</a><BR>
</UL>
<P>
<H3>
Function Pointers
</H3><UL>
 <LI><a href="#[2]">FaultISR</a> from startup_rvmdk.o(RESET) referenced from startup_rvmdk.o(RESET)
 <LI><a href="#[3]">IntDefaultHandler</a> from startup_rvmdk.o(RESET) referenced 114 times from startup_rvmdk.o(RESET)
 <LI><a href="#[7]">LocatorReceive</a> from locator.o(i.LocatorReceive) referenced from locator.o(i.LocatorInit)
 <LI><a href="#[1]">NmiSR</a> from startup_rvmdk.o(RESET) referenced from startup_rvmdk.o(RESET)
 <LI><a href="#[19]">Reset_Handler</a> from startup_rvmdk.o(RESET) referenced from startup_rvmdk.o(RESET)
 <LI><a href="#[4]">SysTickIntHandler</a> from enet_lwip.o(i.SysTickIntHandler) referenced from startup_rvmdk.o(RESET)
 <LI><a href="#[8]">arp_timer</a> from lwiplib.o(i.arp_timer) referenced from lwiplib.o(i.arp_timer)
 <LI><a href="#[8]">arp_timer</a> from lwiplib.o(i.arp_timer) referenced from lwiplib.o(i.sys_timeouts_init)
 <LI><a href="#[9]">autoip_timer</a> from lwiplib.o(i.autoip_timer) referenced from lwiplib.o(i.autoip_timer)
 <LI><a href="#[9]">autoip_timer</a> from lwiplib.o(i.autoip_timer) referenced from lwiplib.o(i.sys_timeouts_init)
 <LI><a href="#[a]">dhcp_recv</a> from lwiplib.o(i.dhcp_recv) referenced from lwiplib.o(i.dhcp_start)
 <LI><a href="#[b]">dhcp_timer_coarse</a> from lwiplib.o(i.dhcp_timer_coarse) referenced from lwiplib.o(i.dhcp_timer_coarse)
 <LI><a href="#[b]">dhcp_timer_coarse</a> from lwiplib.o(i.dhcp_timer_coarse) referenced from lwiplib.o(i.sys_timeouts_init)
 <LI><a href="#[c]">dhcp_timer_fine</a> from lwiplib.o(i.dhcp_timer_fine) referenced from lwiplib.o(i.dhcp_timer_fine)
 <LI><a href="#[c]">dhcp_timer_fine</a> from lwiplib.o(i.dhcp_timer_fine) referenced from lwiplib.o(i.sys_timeouts_init)
 <LI><a href="#[17]">etharp_output</a> from lwiplib.o(i.etharp_output) referenced from lwiplib.o(i.tivaif_init)
 <LI><a href="#[11]">http_accept</a> from httpd.o(i.http_accept) referenced from httpd.o(i.httpd_init)
 <LI><a href="#[e]">http_err</a> from httpd.o(i.http_err) referenced from httpd.o(i.http_accept)
 <LI><a href="#[f]">http_poll</a> from httpd.o(i.http_poll) referenced from httpd.o(i.http_accept)
 <LI><a href="#[f]">http_poll</a> from httpd.o(i.http_poll) referenced from httpd.o(i.http_close_conn)
 <LI><a href="#[d]">http_recv</a> from httpd.o(i.http_recv) referenced from httpd.o(i.http_accept)
 <LI><a href="#[10]">http_sent</a> from httpd.o(i.http_sent) referenced from httpd.o(i.http_accept)
 <LI><a href="#[12]">ip_input</a> from lwiplib.o(i.ip_input) referenced from lwiplib.o(i.lwIPPrivateInit)
 <LI><a href="#[5]">lwIPEthernetIntHandler</a> from lwiplib.o(i.lwIPEthernetIntHandler) referenced from startup_rvmdk.o(RESET)
 <LI><a href="#[6]">main</a> from enet_lwip.o(i.main) referenced from entry9a.o(.ARM.Collect$$$$0000000B)
 <LI><a href="#[15]">tcp_accept_null</a> from lwiplib.o(i.tcp_accept_null) referenced from lwiplib.o(i.tcp_listen_with_backlog)
 <LI><a href="#[14]">tcp_recv_null</a> from lwiplib.o(i.tcp_recv_null) referenced from lwiplib.o(i.tcp_alloc)
 <LI><a href="#[16]">tcpip_tcp_timer</a> from lwiplib.o(i.tcpip_tcp_timer) referenced from lwiplib.o(i.tcp_timer_needed)
 <LI><a href="#[16]">tcpip_tcp_timer</a> from lwiplib.o(i.tcpip_tcp_timer) referenced from lwiplib.o(i.tcpip_tcp_timer)
 <LI><a href="#[13]">tivaif_init</a> from lwiplib.o(i.tivaif_init) referenced from lwiplib.o(i.lwIPPrivateInit)
 <LI><a href="#[18]">tivaif_transmit</a> from lwiplib.o(i.tivaif_transmit) referenced from lwiplib.o(i.tivaif_init)
</UL>
<P>
<H3>
Global Symbols
</H3>
<P><STRONG><a name="[19]"></a>Reset_Handler</STRONG> (Thumb, 0 bytes, Stack size unknown bytes, startup_rvmdk.o(RESET))
<BR><BR>[Calls]<UL><LI><a href="#[1a]">&gt;&gt;</a>&nbsp;&nbsp;&nbsp;__main
</UL>

<P><STRONG><a name="[1a]"></a>__main</STRONG> (Thumb, 0 bytes, Stack size unknown bytes, entry.o(.ARM.Collect$$$$00000000))
<BR><BR>[Called By]<UL><LI><a href="#[19]">&gt;&gt;</a>&nbsp;&nbsp;&nbsp;Reset_Handler
</UL>

<P><STRONG><a name="[12f]"></a>_main_stk</STRONG> (Thumb, 0 bytes, Stack size unknown bytes, entry2.o(.ARM.Collect$$$$00000001))

<P><STRONG><a name="[1b]"></a>_main_scatterload</STRONG> (Thumb, 0 bytes, Stack size unknown bytes, entry5.o(.ARM.Collect$$$$00000004))
<BR><BR>[Calls]<UL><LI><a href="#[1c]">&gt;&gt;</a>&nbsp;&nbsp;&nbsp;__scatterload
</UL>

<P><STRONG><a name="[21]"></a>__main_after_scatterload</STRONG> (Thumb, 0 bytes, Stack size unknown bytes, entry5.o(.ARM.Collect$$$$00000004))
<BR><BR>[Called By]<UL><LI><a href="#[1c]">&gt;&gt;</a>&nbsp;&nbsp;&nbsp;__scatterload
</UL>

<P><STRONG><a name="[130]"></a>_main_clock</STRONG> (Thumb, 0 bytes, Stack size unknown bytes, entry7b.o(.ARM.Collect$$$$00000008))

<P><STRONG><a name="[131]"></a>_main_cpp_init</STRONG> (Thumb, 0 bytes, Stack size unknown bytes, entry8b.o(.ARM.Collect$$$$0000000A))

<P><STRONG><a name="[132]"></a>_main_init</STRONG> (Thumb, 0 bytes, Stack size unknown bytes, entry9a.o(.ARM.Collect$$$$0000000B))

<P><STRONG><a name="[133]"></a>__rt_final_cpp</STRONG> (Thumb, 0 bytes, Stack size unknown bytes, entry10a.o(.ARM.Collect$$$$0000000D))

<P><STRONG><a name="[134]"></a>__rt_final_exit</STRONG> (Thumb, 0 bytes, Stack size unknown bytes, entry11a.o(.ARM.Collect$$$$0000000F))

<P><STRONG><a name="[1d]"></a>SysCtlDelay</STRONG> (Thumb, 6 bytes, Stack size 0 bytes, sysctl.o(.emb_text))
<BR><BR>[Calls]<UL><LI><a href="#[1d]">&gt;&gt;</a>&nbsp;&nbsp;&nbsp;SysCtlDelay
</UL>
<BR>[Called By]<UL><LI><a href="#[1d]">&gt;&gt;</a>&nbsp;&nbsp;&nbsp;SysCtlDelay
<LI><a href="#[d5]">&gt;&gt;</a>&nbsp;&nbsp;&nbsp;lwIPHostTimerHandler
<LI><a href="#[25]">&gt;&gt;</a>&nbsp;&nbsp;&nbsp;EMACPHYConfigSet
</UL>

<P><STRONG><a name="[135]"></a>CPUcpsid</STRONG> (Thumb, 8 bytes, Stack size 0 bytes, cpu.o(.emb_text), UNUSED)

<P><STRONG><a name="[136]"></a>CPUprimask</STRONG> (Thumb, 6 bytes, Stack size 0 bytes, cpu.o(.emb_text), UNUSED)

<P><STRONG><a name="[33]"></a>CPUcpsie</STRONG> (Thumb, 8 bytes, Stack size 0 bytes, cpu.o(.emb_text))
<BR><BR>[Called By]<UL><LI><a href="#[32]">&gt;&gt;</a>&nbsp;&nbsp;&nbsp;IntMasterEnable
</UL>

<P><STRONG><a name="[137]"></a>CPUwfi</STRONG> (Thumb, 4 bytes, Stack size 0 bytes, cpu.o(.emb_text), UNUSED)

<P><STRONG><a name="[138]"></a>CPUbasepriSet</STRONG> (Thumb, 6 bytes, Stack size 0 bytes, cpu.o(.emb_text), UNUSED)

<P><STRONG><a name="[139]"></a>CPUbasepriGet</STRONG> (Thumb, 6 bytes, Stack size 0 bytes, cpu.o(.emb_text), UNUSED)

<P><STRONG><a name="[a6]"></a>__aeabi_memcpy</STRONG> (Thumb, 36 bytes, Stack size 0 bytes, memcpya.o(.text))
<BR><BR>[Called By]<UL><LI><a href="#[c0]">&gt;&gt;</a>&nbsp;&nbsp;&nbsp;tcp_write
<LI><a href="#[a5]">&gt;&gt;</a>&nbsp;&nbsp;&nbsp;fs_read
<LI><a href="#[73]">&gt;&gt;</a>&nbsp;&nbsp;&nbsp;pbuf_copy_partial
<LI><a href="#[96]">&gt;&gt;</a>&nbsp;&nbsp;&nbsp;pbuf_copy
<LI><a href="#[c7]">&gt;&gt;</a>&nbsp;&nbsp;&nbsp;icmp_send_response
</UL>

<P><STRONG><a name="[13a]"></a>__aeabi_memcpy4</STRONG> (Thumb, 0 bytes, Stack size 0 bytes, memcpya.o(.text), UNUSED)

<P><STRONG><a name="[13b]"></a>__aeabi_memcpy8</STRONG> (Thumb, 0 bytes, Stack size 0 bytes, memcpya.o(.text), UNUSED)

<P><STRONG><a name="[1f]"></a>__aeabi_memset</STRONG> (Thumb, 14 bytes, Stack size 0 bytes, memseta.o(.text), UNUSED)
<BR><BR>[Called By]<UL><LI><a href="#[20]">&gt;&gt;</a>&nbsp;&nbsp;&nbsp;_memset$wrapper
<LI><a href="#[1e]">&gt;&gt;</a>&nbsp;&nbsp;&nbsp;__aeabi_memclr
</UL>

<P><STRONG><a name="[13c]"></a>__aeabi_memset4</STRONG> (Thumb, 0 bytes, Stack size 0 bytes, memseta.o(.text), UNUSED)

<P><STRONG><a name="[13d]"></a>__aeabi_memset8</STRONG> (Thumb, 0 bytes, Stack size 0 bytes, memseta.o(.text), UNUSED)

<P><STRONG><a name="[1e]"></a>__aeabi_memclr</STRONG> (Thumb, 4 bytes, Stack size 0 bytes, memseta.o(.text), UNUSED)
<BR><BR>[Calls]<UL><LI><a href="#[1f]">&gt;&gt;</a>&nbsp;&nbsp;&nbsp;__aeabi_memset
</UL>

<P><STRONG><a name="[72]"></a>__aeabi_memclr4</STRONG> (Thumb, 0 bytes, Stack size 0 bytes, memseta.o(.text))
<BR><BR>[Called By]<UL><LI><a href="#[11]">&gt;&gt;</a>&nbsp;&nbsp;&nbsp;http_accept
<LI><a href="#[35]">&gt;&gt;</a>&nbsp;&nbsp;&nbsp;udp_new
<LI><a href="#[fd]">&gt;&gt;</a>&nbsp;&nbsp;&nbsp;tcp_alloc
<LI><a href="#[77]">&gt;&gt;</a>&nbsp;&nbsp;&nbsp;dhcp_start
<LI><a href="#[71]">&gt;&gt;</a>&nbsp;&nbsp;&nbsp;dhcp_parse_reply
</UL>

<P><STRONG><a name="[13e]"></a>__aeabi_memclr8</STRONG> (Thumb, 0 bytes, Stack size 0 bytes, memseta.o(.text), UNUSED)

<P><STRONG><a name="[20]"></a>_memset$wrapper</STRONG> (Thumb, 18 bytes, Stack size 8 bytes, memseta.o(.text), UNUSED)
<BR><BR>[Calls]<UL><LI><a href="#[1f]">&gt;&gt;</a>&nbsp;&nbsp;&nbsp;__aeabi_memset
</UL>

<P><STRONG><a name="[a8]"></a>strstr</STRONG> (Thumb, 36 bytes, Stack size 12 bytes, strstr.o(.text))
<BR><BR>[Stack]<UL><LI>Max Depth = 12<LI>Call Chain = strstr
</UL>
<BR>[Called By]<UL><LI><a href="#[a7]">&gt;&gt;</a>&nbsp;&nbsp;&nbsp;get_http_headers
</UL>

<P><STRONG><a name="[a9]"></a>strchr</STRONG> (Thumb, 20 bytes, Stack size 0 bytes, strchr.o(.text))
<BR><BR>[Called By]<UL><LI><a href="#[b4]">&gt;&gt;</a>&nbsp;&nbsp;&nbsp;http_find_file
<LI><a href="#[a7]">&gt;&gt;</a>&nbsp;&nbsp;&nbsp;get_http_headers
</UL>

<P><STRONG><a name="[bd]"></a>strlen</STRONG> (Thumb, 14 bytes, Stack size 0 bytes, strlen.o(.text))
<BR><BR>[Called By]<UL><LI><a href="#[b7]">&gt;&gt;</a>&nbsp;&nbsp;&nbsp;strnstr
<LI><a href="#[ba]">&gt;&gt;</a>&nbsp;&nbsp;&nbsp;http_send_data
</UL>

<P><STRONG><a name="[aa]"></a>strcmp</STRONG> (Thumb, 28 bytes, Stack size 8 bytes, strcmp.o(.text))
<BR><BR>[Stack]<UL><LI>Max Depth = 8<LI>Call Chain = strcmp
</UL>
<BR>[Called By]<UL><LI><a href="#[a7]">&gt;&gt;</a>&nbsp;&nbsp;&nbsp;get_http_headers
</UL>

<P><STRONG><a name="[43]"></a>memcmp</STRONG> (Thumb, 26 bytes, Stack size 12 bytes, memcmp.o(.text))
<BR><BR>[Stack]<UL><LI>Max Depth = 12<LI>Call Chain = memcmp
</UL>
<BR>[Called By]<UL><LI><a href="#[98]">&gt;&gt;</a>&nbsp;&nbsp;&nbsp;ethernet_input
<LI><a href="#[42]">&gt;&gt;</a>&nbsp;&nbsp;&nbsp;autoip_arp_reply
</UL>

<P><STRONG><a name="[b9]"></a>strncmp</STRONG> (Thumb, 30 bytes, Stack size 12 bytes, strncmp.o(.text))
<BR><BR>[Stack]<UL><LI>Max Depth = 12<LI>Call Chain = strncmp
</UL>
<BR>[Called By]<UL><LI><a href="#[b7]">&gt;&gt;</a>&nbsp;&nbsp;&nbsp;strnstr
<LI><a href="#[b8]">&gt;&gt;</a>&nbsp;&nbsp;&nbsp;http_parse_request
</UL>

<P><STRONG><a name="[1c]"></a>__scatterload</STRONG> (Thumb, 28 bytes, Stack size 0 bytes, init.o(.text))
<BR><BR>[Calls]<UL><LI><a href="#[21]">&gt;&gt;</a>&nbsp;&nbsp;&nbsp;__main_after_scatterload
</UL>
<BR>[Called By]<UL><LI><a href="#[1b]">&gt;&gt;</a>&nbsp;&nbsp;&nbsp;_main_scatterload
</UL>

<P><STRONG><a name="[13f]"></a>__scatterload_rt2</STRONG> (Thumb, 0 bytes, Stack size 0 bytes, init.o(.text), UNUSED)

<P><STRONG><a name="[22]"></a>DisplayIPAddress</STRONG> (Thumb, 38 bytes, Stack size 32 bytes, enet_lwip.o(i.DisplayIPAddress))
<BR><BR>[Stack]<UL><LI>Max Depth = 136<LI>Call Chain = DisplayIPAddress &rArr; UARTprintf &rArr; UARTvprintf &rArr; UARTwrite
</UL>
<BR>[Calls]<UL><LI><a href="#[23]">&gt;&gt;</a>&nbsp;&nbsp;&nbsp;usprintf
<LI><a href="#[24]">&gt;&gt;</a>&nbsp;&nbsp;&nbsp;UARTprintf
</UL>
<BR>[Called By]<UL><LI><a href="#[d5]">&gt;&gt;</a>&nbsp;&nbsp;&nbsp;lwIPHostTimerHandler
</UL>

<P><STRONG><a name="[11e]"></a>EMACAddrGet</STRONG> (Thumb, 30 bytes, Stack size 0 bytes, emac.o(i.EMACAddrGet))
<BR><BR>[Called By]<UL><LI><a href="#[11d]">&gt;&gt;</a>&nbsp;&nbsp;&nbsp;tivaif_hwinit
</UL>

<P><STRONG><a name="[12a]"></a>EMACConfigGet</STRONG> (Thumb, 62 bytes, Stack size 0 bytes, emac.o(i.EMACConfigGet))
<BR><BR>[Called By]<UL><LI><a href="#[126]">&gt;&gt;</a>&nbsp;&nbsp;&nbsp;tivaif_process_phy_interrupt
</UL>

<P><STRONG><a name="[12b]"></a>EMACConfigSet</STRONG> (Thumb, 50 bytes, Stack size 4 bytes, emac.o(i.EMACConfigSet))
<BR><BR>[Stack]<UL><LI>Max Depth = 4<LI>Call Chain = EMACConfigSet
</UL>
<BR>[Called By]<UL><LI><a href="#[126]">&gt;&gt;</a>&nbsp;&nbsp;&nbsp;tivaif_process_phy_interrupt
</UL>

<P><STRONG><a name="[11f]"></a>EMACFrameFilterSet</STRONG> (Thumb, 12 bytes, Stack size 0 bytes, emac.o(i.EMACFrameFilterSet))
<BR><BR>[Called By]<UL><LI><a href="#[11d]">&gt;&gt;</a>&nbsp;&nbsp;&nbsp;tivaif_hwinit
</UL>

<P><STRONG><a name="[121]"></a>EMACIntClear</STRONG> (Thumb, 62 bytes, Stack size 0 bytes, emac.o(i.EMACIntClear))
<BR><BR>[Called By]<UL><LI><a href="#[11d]">&gt;&gt;</a>&nbsp;&nbsp;&nbsp;tivaif_hwinit
</UL>

<P><STRONG><a name="[124]"></a>EMACIntEnable</STRONG> (Thumb, 70 bytes, Stack size 0 bytes, emac.o(i.EMACIntEnable))
<BR><BR>[Called By]<UL><LI><a href="#[11d]">&gt;&gt;</a>&nbsp;&nbsp;&nbsp;tivaif_hwinit
</UL>

<P><STRONG><a name="[120]"></a>EMACIntStatus</STRONG> (Thumb, 46 bytes, Stack size 0 bytes, emac.o(i.EMACIntStatus))
<BR><BR>[Called By]<UL><LI><a href="#[11d]">&gt;&gt;</a>&nbsp;&nbsp;&nbsp;tivaif_hwinit
</UL>

<P><STRONG><a name="[25]"></a>EMACPHYConfigSet</STRONG> (Thumb, 98 bytes, Stack size 16 bytes, emac.o(i.EMACPHYConfigSet))
<BR><BR>[Stack]<UL><LI>Max Depth = 20<LI>Call Chain = EMACPHYConfigSet &rArr; SysCtlPeripheralReset
</UL>
<BR>[Calls]<UL><LI><a href="#[1d]">&gt;&gt;</a>&nbsp;&nbsp;&nbsp;SysCtlDelay
<LI><a href="#[26]">&gt;&gt;</a>&nbsp;&nbsp;&nbsp;SysCtlPeripheralReset
<LI><a href="#[27]">&gt;&gt;</a>&nbsp;&nbsp;&nbsp;SysCtlPeripheralReady
</UL>
<BR>[Called By]<UL><LI><a href="#[d9]">&gt;&gt;</a>&nbsp;&nbsp;&nbsp;lwIPInit
</UL>

<P><STRONG><a name="[28]"></a>EMACPHYRead</STRONG> (Thumb, 42 bytes, Stack size 0 bytes, emac.o(i.EMACPHYRead))
<BR><BR>[Calls]<UL><LI><a href="#[28]">&gt;&gt;</a>&nbsp;&nbsp;&nbsp;EMACPHYRead
</UL>
<BR>[Called By]<UL><LI><a href="#[126]">&gt;&gt;</a>&nbsp;&nbsp;&nbsp;tivaif_process_phy_interrupt
<LI><a href="#[11d]">&gt;&gt;</a>&nbsp;&nbsp;&nbsp;tivaif_hwinit
<LI><a href="#[28]">&gt;&gt;</a>&nbsp;&nbsp;&nbsp;EMACPHYRead
</UL>

<P><STRONG><a name="[29]"></a>EMACPHYWrite</STRONG> (Thumb, 42 bytes, Stack size 0 bytes, emac.o(i.EMACPHYWrite))
<BR><BR>[Calls]<UL><LI><a href="#[29]">&gt;&gt;</a>&nbsp;&nbsp;&nbsp;EMACPHYWrite
</UL>
<BR>[Called By]<UL><LI><a href="#[11d]">&gt;&gt;</a>&nbsp;&nbsp;&nbsp;tivaif_hwinit
<LI><a href="#[29]">&gt;&gt;</a>&nbsp;&nbsp;&nbsp;EMACPHYWrite
</UL>

<P><STRONG><a name="[30]"></a>EMACRxDMADescriptorListSet</STRONG> (Thumb, 6 bytes, Stack size 0 bytes, emac.o(i.EMACRxDMADescriptorListSet))
<BR><BR>[Called By]<UL><LI><a href="#[2e]">&gt;&gt;</a>&nbsp;&nbsp;&nbsp;InitDMADescriptors
</UL>

<P><STRONG><a name="[123]"></a>EMACRxEnable</STRONG> (Thumb, 22 bytes, Stack size 0 bytes, emac.o(i.EMACRxEnable))
<BR><BR>[Called By]<UL><LI><a href="#[11d]">&gt;&gt;</a>&nbsp;&nbsp;&nbsp;tivaif_hwinit
</UL>

<P><STRONG><a name="[d2]"></a>EMACTimestampIntStatus</STRONG> (Thumb, 6 bytes, Stack size 0 bytes, emac.o(i.EMACTimestampIntStatus))
<BR><BR>[Called By]<UL><LI><a href="#[5]">&gt;&gt;</a>&nbsp;&nbsp;&nbsp;lwIPEthernetIntHandler
</UL>

<P><STRONG><a name="[31]"></a>EMACTxDMADescriptorListSet</STRONG> (Thumb, 6 bytes, Stack size 0 bytes, emac.o(i.EMACTxDMADescriptorListSet))
<BR><BR>[Called By]<UL><LI><a href="#[2e]">&gt;&gt;</a>&nbsp;&nbsp;&nbsp;InitDMADescriptors
</UL>

<P><STRONG><a name="[12c]"></a>EMACTxDMAPollDemand</STRONG> (Thumb, 8 bytes, Stack size 0 bytes, emac.o(i.EMACTxDMAPollDemand))
<BR><BR>[Called By]<UL><LI><a href="#[18]">&gt;&gt;</a>&nbsp;&nbsp;&nbsp;tivaif_transmit
</UL>

<P><STRONG><a name="[122]"></a>EMACTxEnable</STRONG> (Thumb, 22 bytes, Stack size 0 bytes, emac.o(i.EMACTxEnable))
<BR><BR>[Called By]<UL><LI><a href="#[11d]">&gt;&gt;</a>&nbsp;&nbsp;&nbsp;tivaif_hwinit
</UL>

<P><STRONG><a name="[e9]"></a>FlashUserGet</STRONG> (Thumb, 14 bytes, Stack size 0 bytes, flash.o(i.FlashUserGet))
<BR><BR>[Called By]<UL><LI><a href="#[6]">&gt;&gt;</a>&nbsp;&nbsp;&nbsp;main
</UL>

<P><STRONG><a name="[2b]"></a>GPIODirModeSet</STRONG> (Thumb, 40 bytes, Stack size 0 bytes, gpio.o(i.GPIODirModeSet))
<BR><BR>[Called By]<UL><LI><a href="#[2d]">&gt;&gt;</a>&nbsp;&nbsp;&nbsp;GPIOPinTypeGPIOOutput
<LI><a href="#[2a]">&gt;&gt;</a>&nbsp;&nbsp;&nbsp;GPIOPinTypeEthernetLED
</UL>

<P><STRONG><a name="[2c]"></a>GPIOPadConfigSet</STRONG> (Thumb, 314 bytes, Stack size 28 bytes, gpio.o(i.GPIOPadConfigSet))
<BR><BR>[Stack]<UL><LI>Max Depth = 28<LI>Call Chain = GPIOPadConfigSet
</UL>
<BR>[Called By]<UL><LI><a href="#[3a]">&gt;&gt;</a>&nbsp;&nbsp;&nbsp;PinoutSet
<LI><a href="#[2d]">&gt;&gt;</a>&nbsp;&nbsp;&nbsp;GPIOPinTypeGPIOOutput
<LI><a href="#[2a]">&gt;&gt;</a>&nbsp;&nbsp;&nbsp;GPIOPinTypeEthernetLED
<LI><a href="#[82]">&gt;&gt;</a>&nbsp;&nbsp;&nbsp;power_on
</UL>

<P><STRONG><a name="[d8]"></a>GPIOPinRead</STRONG> (Thumb, 6 bytes, Stack size 0 bytes, gpio.o(i.GPIOPinRead))
<BR><BR>[Called By]<UL><LI><a href="#[d5]">&gt;&gt;</a>&nbsp;&nbsp;&nbsp;lwIPHostTimerHandler
</UL>

<P><STRONG><a name="[2a]"></a>GPIOPinTypeEthernetLED</STRONG> (Thumb, 28 bytes, Stack size 12 bytes, gpio.o(i.GPIOPinTypeEthernetLED))
<BR><BR>[Stack]<UL><LI>Max Depth = 40<LI>Call Chain = GPIOPinTypeEthernetLED &rArr; GPIOPadConfigSet
</UL>
<BR>[Calls]<UL><LI><a href="#[2b]">&gt;&gt;</a>&nbsp;&nbsp;&nbsp;GPIODirModeSet
<LI><a href="#[2c]">&gt;&gt;</a>&nbsp;&nbsp;&nbsp;GPIOPadConfigSet
</UL>
<BR>[Called By]<UL><LI><a href="#[3a]">&gt;&gt;</a>&nbsp;&nbsp;&nbsp;PinoutSet
</UL>

<P><STRONG><a name="[2d]"></a>GPIOPinTypeGPIOOutput</STRONG> (Thumb, 28 bytes, Stack size 12 bytes, gpio.o(i.GPIOPinTypeGPIOOutput))
<BR><BR>[Stack]<UL><LI>Max Depth = 40<LI>Call Chain = GPIOPinTypeGPIOOutput &rArr; GPIOPadConfigSet
</UL>
<BR>[Calls]<UL><LI><a href="#[2b]">&gt;&gt;</a>&nbsp;&nbsp;&nbsp;GPIODirModeSet
<LI><a href="#[2c]">&gt;&gt;</a>&nbsp;&nbsp;&nbsp;GPIOPadConfigSet
</UL>
<BR>[Called By]<UL><LI><a href="#[6]">&gt;&gt;</a>&nbsp;&nbsp;&nbsp;main
</UL>

<P><STRONG><a name="[d7]"></a>GPIOPinWrite</STRONG> (Thumb, 6 bytes, Stack size 0 bytes, gpio.o(i.GPIOPinWrite))
<BR><BR>[Called By]<UL><LI><a href="#[6]">&gt;&gt;</a>&nbsp;&nbsp;&nbsp;main
<LI><a href="#[d5]">&gt;&gt;</a>&nbsp;&nbsp;&nbsp;lwIPHostTimerHandler
</UL>

<P><STRONG><a name="[2e]"></a>InitDMADescriptors</STRONG> (Thumb, 168 bytes, Stack size 32 bytes, lwiplib.o(i.InitDMADescriptors))
<BR><BR>[Stack]<UL><LI>Max Depth = 100<LI>Call Chain = InitDMADescriptors &rArr; pbuf_alloc &rArr; pbuf_free &rArr; mem_free &rArr; plug_holes
</UL>
<BR>[Calls]<UL><LI><a href="#[2f]">&gt;&gt;</a>&nbsp;&nbsp;&nbsp;pbuf_alloc
<LI><a href="#[31]">&gt;&gt;</a>&nbsp;&nbsp;&nbsp;EMACTxDMADescriptorListSet
<LI><a href="#[30]">&gt;&gt;</a>&nbsp;&nbsp;&nbsp;EMACRxDMADescriptorListSet
</UL>
<BR>[Called By]<UL><LI><a href="#[11d]">&gt;&gt;</a>&nbsp;&nbsp;&nbsp;tivaif_hwinit
</UL>

<P><STRONG><a name="[125]"></a>IntEnable</STRONG> (Thumb, 92 bytes, Stack size 0 bytes, interrupt.o(i.IntEnable))
<BR><BR>[Called By]<UL><LI><a href="#[11d]">&gt;&gt;</a>&nbsp;&nbsp;&nbsp;tivaif_hwinit
</UL>

<P><STRONG><a name="[32]"></a>IntMasterEnable</STRONG> (Thumb, 14 bytes, Stack size 8 bytes, interrupt.o(i.IntMasterEnable))
<BR><BR>[Stack]<UL><LI>Max Depth = 8<LI>Call Chain = IntMasterEnable
</UL>
<BR>[Calls]<UL><LI><a href="#[33]">&gt;&gt;</a>&nbsp;&nbsp;&nbsp;CPUcpsie
</UL>
<BR>[Called By]<UL><LI><a href="#[11d]">&gt;&gt;</a>&nbsp;&nbsp;&nbsp;tivaif_hwinit
</UL>

<P><STRONG><a name="[ec]"></a>IntPrioritySet</STRONG> (Thumb, 36 bytes, Stack size 0 bytes, interrupt.o(i.IntPrioritySet))
<BR><BR>[Called By]<UL><LI><a href="#[6]">&gt;&gt;</a>&nbsp;&nbsp;&nbsp;main
</UL>

<P><STRONG><a name="[eb]"></a>LocatorAppTitleSet</STRONG> (Thumb, 42 bytes, Stack size 8 bytes, locator.o(i.LocatorAppTitleSet))
<BR><BR>[Stack]<UL><LI>Max Depth = 8<LI>Call Chain = LocatorAppTitleSet
</UL>
<BR>[Called By]<UL><LI><a href="#[6]">&gt;&gt;</a>&nbsp;&nbsp;&nbsp;main
</UL>

<P><STRONG><a name="[34]"></a>LocatorInit</STRONG> (Thumb, 68 bytes, Stack size 8 bytes, locator.o(i.LocatorInit))
<BR><BR>[Stack]<UL><LI>Max Depth = 44<LI>Call Chain = LocatorInit &rArr; udp_bind
</UL>
<BR>[Calls]<UL><LI><a href="#[36]">&gt;&gt;</a>&nbsp;&nbsp;&nbsp;udp_recv
<LI><a href="#[35]">&gt;&gt;</a>&nbsp;&nbsp;&nbsp;udp_new
<LI><a href="#[37]">&gt;&gt;</a>&nbsp;&nbsp;&nbsp;udp_bind
</UL>
<BR>[Called By]<UL><LI><a href="#[6]">&gt;&gt;</a>&nbsp;&nbsp;&nbsp;main
</UL>

<P><STRONG><a name="[ea]"></a>LocatorMACAddrSet</STRONG> (Thumb, 28 bytes, Stack size 0 bytes, locator.o(i.LocatorMACAddrSet))
<BR><BR>[Called By]<UL><LI><a href="#[6]">&gt;&gt;</a>&nbsp;&nbsp;&nbsp;main
</UL>

<P><STRONG><a name="[3a]"></a>PinoutSet</STRONG> (Thumb, 406 bytes, Stack size 24 bytes, pinout.o(i.PinoutSet))
<BR><BR>[Stack]<UL><LI>Max Depth = 64<LI>Call Chain = PinoutSet &rArr; GPIOPinTypeEthernetLED &rArr; GPIOPadConfigSet
</UL>
<BR>[Calls]<UL><LI><a href="#[2a]">&gt;&gt;</a>&nbsp;&nbsp;&nbsp;GPIOPinTypeEthernetLED
<LI><a href="#[2c]">&gt;&gt;</a>&nbsp;&nbsp;&nbsp;GPIOPadConfigSet
</UL>
<BR>[Called By]<UL><LI><a href="#[6]">&gt;&gt;</a>&nbsp;&nbsp;&nbsp;main
</UL>

<P><STRONG><a name="[e4]"></a>SysCtlClockFreqSet</STRONG> (Thumb, 672 bytes, Stack size 28 bytes, sysctl.o(i.SysCtlClockFreqSet))
<BR><BR>[Stack]<UL><LI>Max Depth = 28<LI>Call Chain = SysCtlClockFreqSet
</UL>
<BR>[Called By]<UL><LI><a href="#[6]">&gt;&gt;</a>&nbsp;&nbsp;&nbsp;main
</UL>

<P><STRONG><a name="[e3]"></a>SysCtlMOSCConfigSet</STRONG> (Thumb, 6 bytes, Stack size 0 bytes, sysctl.o(i.SysCtlMOSCConfigSet))
<BR><BR>[Called By]<UL><LI><a href="#[6]">&gt;&gt;</a>&nbsp;&nbsp;&nbsp;main
</UL>

<P><STRONG><a name="[27]"></a>SysCtlPeripheralReady</STRONG> (Thumb, 40 bytes, Stack size 0 bytes, sysctl.o(i.SysCtlPeripheralReady))
<BR><BR>[Called By]<UL><LI><a href="#[25]">&gt;&gt;</a>&nbsp;&nbsp;&nbsp;EMACPHYConfigSet
</UL>

<P><STRONG><a name="[26]"></a>SysCtlPeripheralReset</STRONG> (Thumb, 56 bytes, Stack size 4 bytes, sysctl.o(i.SysCtlPeripheralReset))
<BR><BR>[Stack]<UL><LI>Max Depth = 4<LI>Call Chain = SysCtlPeripheralReset
</UL>
<BR>[Called By]<UL><LI><a href="#[25]">&gt;&gt;</a>&nbsp;&nbsp;&nbsp;EMACPHYConfigSet
</UL>

<P><STRONG><a name="[e7]"></a>SysTickEnable</STRONG> (Thumb, 14 bytes, Stack size 0 bytes, systick.o(i.SysTickEnable))
<BR><BR>[Called By]<UL><LI><a href="#[6]">&gt;&gt;</a>&nbsp;&nbsp;&nbsp;main
</UL>

<P><STRONG><a name="[e8]"></a>SysTickIntEnable</STRONG> (Thumb, 14 bytes, Stack size 0 bytes, systick.o(i.SysTickIntEnable))
<BR><BR>[Called By]<UL><LI><a href="#[6]">&gt;&gt;</a>&nbsp;&nbsp;&nbsp;main
</UL>

<P><STRONG><a name="[4]"></a>SysTickIntHandler</STRONG> (Thumb, 6 bytes, Stack size 0 bytes, enet_lwip.o(i.SysTickIntHandler))
<BR><BR>[Calls]<UL><LI><a href="#[3b]">&gt;&gt;</a>&nbsp;&nbsp;&nbsp;lwIPTimer
</UL>
<BR>[Address Reference Count : 1]<UL><LI> startup_rvmdk.o(RESET)
</UL>
<P><STRONG><a name="[e6]"></a>SysTickPeriodSet</STRONG> (Thumb, 10 bytes, Stack size 0 bytes, systick.o(i.SysTickPeriodSet))
<BR><BR>[Called By]<UL><LI><a href="#[6]">&gt;&gt;</a>&nbsp;&nbsp;&nbsp;main
</UL>

<P><STRONG><a name="[e5]"></a>UARTStdioConfig</STRONG> (Thumb, 82 bytes, Stack size 32 bytes, uartstdio.o(i.UARTStdioConfig))
<BR><BR>[Stack]<UL><LI>Max Depth = 32<LI>Call Chain = UARTStdioConfig
</UL>
<BR>[Called By]<UL><LI><a href="#[6]">&gt;&gt;</a>&nbsp;&nbsp;&nbsp;main
</UL>

<P><STRONG><a name="[24]"></a>UARTprintf</STRONG> (Thumb, 18 bytes, Stack size 24 bytes, uartstdio.o(i.UARTprintf))
<BR><BR>[Stack]<UL><LI>Max Depth = 104<LI>Call Chain = UARTprintf &rArr; UARTvprintf &rArr; UARTwrite
</UL>
<BR>[Calls]<UL><LI><a href="#[3c]">&gt;&gt;</a>&nbsp;&nbsp;&nbsp;UARTvprintf
</UL>
<BR>[Called By]<UL><LI><a href="#[6]">&gt;&gt;</a>&nbsp;&nbsp;&nbsp;main
<LI><a href="#[d5]">&gt;&gt;</a>&nbsp;&nbsp;&nbsp;lwIPHostTimerHandler
<LI><a href="#[22]">&gt;&gt;</a>&nbsp;&nbsp;&nbsp;DisplayIPAddress
</UL>

<P><STRONG><a name="[3c]"></a>UARTvprintf</STRONG> (Thumb, 420 bytes, Stack size 56 bytes, uartstdio.o(i.UARTvprintf))
<BR><BR>[Stack]<UL><LI>Max Depth = 80<LI>Call Chain = UARTvprintf &rArr; UARTwrite
</UL>
<BR>[Calls]<UL><LI><a href="#[3d]">&gt;&gt;</a>&nbsp;&nbsp;&nbsp;UARTwrite
</UL>
<BR>[Called By]<UL><LI><a href="#[24]">&gt;&gt;</a>&nbsp;&nbsp;&nbsp;UARTprintf
</UL>

<P><STRONG><a name="[3d]"></a>UARTwrite</STRONG> (Thumb, 56 bytes, Stack size 24 bytes, uartstdio.o(i.UARTwrite))
<BR><BR>[Stack]<UL><LI>Max Depth = 24<LI>Call Chain = UARTwrite
</UL>
<BR>[Called By]<UL><LI><a href="#[3c]">&gt;&gt;</a>&nbsp;&nbsp;&nbsp;UARTvprintf
</UL>

<P><STRONG><a name="[140]"></a>__scatterload_copy</STRONG> (Thumb, 14 bytes, Stack size unknown bytes, handlers.o(i.__scatterload_copy), UNUSED)

<P><STRONG><a name="[141]"></a>__scatterload_null</STRONG> (Thumb, 2 bytes, Stack size unknown bytes, handlers.o(i.__scatterload_null), UNUSED)

<P><STRONG><a name="[142]"></a>__scatterload_zeroinit</STRONG> (Thumb, 14 bytes, Stack size unknown bytes, handlers.o(i.__scatterload_zeroinit), UNUSED)

<P><STRONG><a name="[42]"></a>autoip_arp_reply</STRONG> (Thumb, 124 bytes, Stack size 24 bytes, lwiplib.o(i.autoip_arp_reply))
<BR><BR>[Stack]<UL><LI>Max Depth = 156<LI>Call Chain = autoip_arp_reply &rArr; autoip_arp_announce &rArr; etharp_raw &rArr; pbuf_alloc &rArr; pbuf_free &rArr; mem_free &rArr; plug_holes
</UL>
<BR>[Calls]<UL><LI><a href="#[43]">&gt;&gt;</a>&nbsp;&nbsp;&nbsp;memcmp
<LI><a href="#[44]">&gt;&gt;</a>&nbsp;&nbsp;&nbsp;autoip_restart
<LI><a href="#[40]">&gt;&gt;</a>&nbsp;&nbsp;&nbsp;autoip_arp_announce
</UL>
<BR>[Called By]<UL><LI><a href="#[8c]">&gt;&gt;</a>&nbsp;&nbsp;&nbsp;etharp_arp_input
</UL>

<P><STRONG><a name="[45]"></a>autoip_network_changed</STRONG> (Thumb, 34 bytes, Stack size 8 bytes, lwiplib.o(i.autoip_network_changed))
<BR><BR>[Stack]<UL><LI>Max Depth = 76<LI>Call Chain = autoip_network_changed &rArr; netif_set_down &rArr; etharp_cleanup_netif &rArr; etharp_free_entry &rArr; pbuf_free &rArr; mem_free &rArr; plug_holes
</UL>
<BR>[Calls]<UL><LI><a href="#[46]">&gt;&gt;</a>&nbsp;&nbsp;&nbsp;netif_set_down
<LI><a href="#[47]">&gt;&gt;</a>&nbsp;&nbsp;&nbsp;autoip_start_probing
</UL>
<BR>[Called By]<UL><LI><a href="#[f4]">&gt;&gt;</a>&nbsp;&nbsp;&nbsp;netif_set_link_up
</UL>

<P><STRONG><a name="[48]"></a>autoip_start</STRONG> (Thumb, 128 bytes, Stack size 24 bytes, lwiplib.o(i.autoip_start))
<BR><BR>[Stack]<UL><LI>Max Depth = 92<LI>Call Chain = autoip_start &rArr; netif_set_down &rArr; etharp_cleanup_netif &rArr; etharp_free_entry &rArr; pbuf_free &rArr; mem_free &rArr; plug_holes
</UL>
<BR>[Calls]<UL><LI><a href="#[49]">&gt;&gt;</a>&nbsp;&nbsp;&nbsp;mem_malloc
<LI><a href="#[46]">&gt;&gt;</a>&nbsp;&nbsp;&nbsp;netif_set_down
<LI><a href="#[47]">&gt;&gt;</a>&nbsp;&nbsp;&nbsp;autoip_start_probing
</UL>
<BR>[Called By]<UL><LI><a href="#[db]">&gt;&gt;</a>&nbsp;&nbsp;&nbsp;lwIPLinkDetect
<LI><a href="#[6b]">&gt;&gt;</a>&nbsp;&nbsp;&nbsp;dhcp_discover
<LI><a href="#[44]">&gt;&gt;</a>&nbsp;&nbsp;&nbsp;autoip_restart
</UL>

<P><STRONG><a name="[4a]"></a>autoip_stop</STRONG> (Thumb, 16 bytes, Stack size 8 bytes, lwiplib.o(i.autoip_stop))
<BR><BR>[Stack]<UL><LI>Max Depth = 76<LI>Call Chain = autoip_stop &rArr; netif_set_down &rArr; etharp_cleanup_netif &rArr; etharp_free_entry &rArr; pbuf_free &rArr; mem_free &rArr; plug_holes
</UL>
<BR>[Calls]<UL><LI><a href="#[46]">&gt;&gt;</a>&nbsp;&nbsp;&nbsp;netif_set_down
</UL>
<BR>[Called By]<UL><LI><a href="#[7a]">&gt;&gt;</a>&nbsp;&nbsp;&nbsp;dhcp_stop
<LI><a href="#[6f]">&gt;&gt;</a>&nbsp;&nbsp;&nbsp;dhcp_network_changed
<LI><a href="#[db]">&gt;&gt;</a>&nbsp;&nbsp;&nbsp;lwIPLinkDetect
<LI><a href="#[5c]">&gt;&gt;</a>&nbsp;&nbsp;&nbsp;dhcp_bind
</UL>

<P><STRONG><a name="[4b]"></a>autoip_tmr</STRONG> (Thumb, 260 bytes, Stack size 40 bytes, lwiplib.o(i.autoip_tmr))
<BR><BR>[Stack]<UL><LI>Max Depth = 256<LI>Call Chain = autoip_tmr &rArr; netif_set_ipaddr &rArr; tcp_abort &rArr; tcp_abandon &rArr; tcp_pcb_remove &rArr; tcp_output &rArr; tcp_send_empty_ack &rArr; ip_output &rArr; ip_output_if &rArr; pbuf_header
</UL>
<BR>[Calls]<UL><LI><a href="#[4f]">&gt;&gt;</a>&nbsp;&nbsp;&nbsp;netif_set_up
<LI><a href="#[4d]">&gt;&gt;</a>&nbsp;&nbsp;&nbsp;netif_set_netmask
<LI><a href="#[4c]">&gt;&gt;</a>&nbsp;&nbsp;&nbsp;netif_set_ipaddr
<LI><a href="#[4e]">&gt;&gt;</a>&nbsp;&nbsp;&nbsp;netif_set_gw
<LI><a href="#[41]">&gt;&gt;</a>&nbsp;&nbsp;&nbsp;etharp_raw
<LI><a href="#[40]">&gt;&gt;</a>&nbsp;&nbsp;&nbsp;autoip_arp_announce
</UL>
<BR>[Called By]<UL><LI><a href="#[d4]">&gt;&gt;</a>&nbsp;&nbsp;&nbsp;lwIPServiceTimers
<LI><a href="#[9]">&gt;&gt;</a>&nbsp;&nbsp;&nbsp;autoip_timer
</UL>

<P><STRONG><a name="[7d]"></a>clust2sect</STRONG> (Thumb, 24 bytes, Stack size 0 bytes, ff.o(i.clust2sect))
<BR><BR>[Called By]<UL><LI><a href="#[7f]">&gt;&gt;</a>&nbsp;&nbsp;&nbsp;dir_sdi
<LI><a href="#[7b]">&gt;&gt;</a>&nbsp;&nbsp;&nbsp;dir_next
<LI><a href="#[9f]">&gt;&gt;</a>&nbsp;&nbsp;&nbsp;f_read
</UL>

<P><STRONG><a name="[5a]"></a>dhcp_arp_reply</STRONG> (Thumb, 30 bytes, Stack size 0 bytes, lwiplib.o(i.dhcp_arp_reply))
<BR><BR>[Stack]<UL><LI>Max Depth = 132<LI>Call Chain = dhcp_arp_reply &rArr; dhcp_decline &rArr; udp_sendto_if &rArr; pbuf_alloc &rArr; pbuf_free &rArr; mem_free &rArr; plug_holes
</UL>
<BR>[Calls]<UL><LI><a href="#[5b]">&gt;&gt;</a>&nbsp;&nbsp;&nbsp;dhcp_decline
</UL>
<BR>[Called By]<UL><LI><a href="#[8c]">&gt;&gt;</a>&nbsp;&nbsp;&nbsp;etharp_arp_input
</UL>

<P><STRONG><a name="[60]"></a>dhcp_coarse_tmr</STRONG> (Thumb, 90 bytes, Stack size 8 bytes, lwiplib.o(i.dhcp_coarse_tmr))
<BR><BR>[Stack]<UL><LI>Max Depth = 140<LI>Call Chain = dhcp_coarse_tmr &rArr; dhcp_renew &rArr; udp_sendto_if &rArr; pbuf_alloc &rArr; pbuf_free &rArr; mem_free &rArr; plug_holes
</UL>
<BR>[Calls]<UL><LI><a href="#[62]">&gt;&gt;</a>&nbsp;&nbsp;&nbsp;dhcp_renew
<LI><a href="#[61]">&gt;&gt;</a>&nbsp;&nbsp;&nbsp;dhcp_rebind
</UL>
<BR>[Called By]<UL><LI><a href="#[d4]">&gt;&gt;</a>&nbsp;&nbsp;&nbsp;lwIPServiceTimers
<LI><a href="#[b]">&gt;&gt;</a>&nbsp;&nbsp;&nbsp;dhcp_timer_coarse
</UL>

<P><STRONG><a name="[6d]"></a>dhcp_fine_tmr</STRONG> (Thumb, 46 bytes, Stack size 16 bytes, lwiplib.o(i.dhcp_fine_tmr))
<BR><BR>[Stack]<UL><LI>Max Depth = 272<LI>Call Chain = dhcp_fine_tmr &rArr; dhcp_timeout &rArr; dhcp_bind &rArr; netif_set_ipaddr &rArr; tcp_abort &rArr; tcp_abandon &rArr; tcp_pcb_remove &rArr; tcp_output &rArr; tcp_send_empty_ack &rArr; ip_output &rArr; ip_output_if &rArr; pbuf_header
</UL>
<BR>[Calls]<UL><LI><a href="#[6e]">&gt;&gt;</a>&nbsp;&nbsp;&nbsp;dhcp_timeout
</UL>
<BR>[Called By]<UL><LI><a href="#[d4]">&gt;&gt;</a>&nbsp;&nbsp;&nbsp;lwIPServiceTimers
<LI><a href="#[c]">&gt;&gt;</a>&nbsp;&nbsp;&nbsp;dhcp_timer_fine
</UL>

<P><STRONG><a name="[6f]"></a>dhcp_network_changed</STRONG> (Thumb, 84 bytes, Stack size 16 bytes, lwiplib.o(i.dhcp_network_changed))
<BR><BR>[Stack]<UL><LI>Max Depth = 148<LI>Call Chain = dhcp_network_changed &rArr; dhcp_reboot &rArr; udp_sendto_if &rArr; pbuf_alloc &rArr; pbuf_free &rArr; mem_free &rArr; plug_holes
</UL>
<BR>[Calls]<UL><LI><a href="#[46]">&gt;&gt;</a>&nbsp;&nbsp;&nbsp;netif_set_down
<LI><a href="#[4a]">&gt;&gt;</a>&nbsp;&nbsp;&nbsp;autoip_stop
<LI><a href="#[70]">&gt;&gt;</a>&nbsp;&nbsp;&nbsp;dhcp_reboot
<LI><a href="#[6b]">&gt;&gt;</a>&nbsp;&nbsp;&nbsp;dhcp_discover
</UL>
<BR>[Called By]<UL><LI><a href="#[f4]">&gt;&gt;</a>&nbsp;&nbsp;&nbsp;netif_set_link_up
</UL>

<P><STRONG><a name="[76]"></a>dhcp_release</STRONG> (Thumb, 158 bytes, Stack size 24 bytes, lwiplib.o(i.dhcp_release))
<BR><BR>[Stack]<UL><LI>Max Depth = 240<LI>Call Chain = dhcp_release &rArr; netif_set_ipaddr &rArr; tcp_abort &rArr; tcp_abandon &rArr; tcp_pcb_remove &rArr; tcp_output &rArr; tcp_send_empty_ack &rArr; ip_output &rArr; ip_output_if &rArr; pbuf_header
</UL>
<BR>[Calls]<UL><LI><a href="#[69]">&gt;&gt;</a>&nbsp;&nbsp;&nbsp;udp_sendto_if
<LI><a href="#[68]">&gt;&gt;</a>&nbsp;&nbsp;&nbsp;pbuf_realloc
<LI><a href="#[4d]">&gt;&gt;</a>&nbsp;&nbsp;&nbsp;netif_set_netmask
<LI><a href="#[4c]">&gt;&gt;</a>&nbsp;&nbsp;&nbsp;netif_set_ipaddr
<LI><a href="#[4e]">&gt;&gt;</a>&nbsp;&nbsp;&nbsp;netif_set_gw
<LI><a href="#[46]">&gt;&gt;</a>&nbsp;&nbsp;&nbsp;netif_set_down
<LI><a href="#[5d]">&gt;&gt;</a>&nbsp;&nbsp;&nbsp;dhcp_set_state
<LI><a href="#[67]">&gt;&gt;</a>&nbsp;&nbsp;&nbsp;dhcp_option_trailer
<LI><a href="#[6a]">&gt;&gt;</a>&nbsp;&nbsp;&nbsp;dhcp_delete_msg
<LI><a href="#[63]">&gt;&gt;</a>&nbsp;&nbsp;&nbsp;dhcp_create_msg
</UL>
<BR>[Called By]<UL><LI><a href="#[6e]">&gt;&gt;</a>&nbsp;&nbsp;&nbsp;dhcp_timeout
</UL>

<P><STRONG><a name="[62]"></a>dhcp_renew</STRONG> (Thumb, 130 bytes, Stack size 24 bytes, lwiplib.o(i.dhcp_renew))
<BR><BR>[Stack]<UL><LI>Max Depth = 132<LI>Call Chain = dhcp_renew &rArr; udp_sendto_if &rArr; pbuf_alloc &rArr; pbuf_free &rArr; mem_free &rArr; plug_holes
</UL>
<BR>[Calls]<UL><LI><a href="#[69]">&gt;&gt;</a>&nbsp;&nbsp;&nbsp;udp_sendto_if
<LI><a href="#[68]">&gt;&gt;</a>&nbsp;&nbsp;&nbsp;pbuf_realloc
<LI><a href="#[5d]">&gt;&gt;</a>&nbsp;&nbsp;&nbsp;dhcp_set_state
<LI><a href="#[67]">&gt;&gt;</a>&nbsp;&nbsp;&nbsp;dhcp_option_trailer
<LI><a href="#[6c]">&gt;&gt;</a>&nbsp;&nbsp;&nbsp;dhcp_option_short
<LI><a href="#[64]">&gt;&gt;</a>&nbsp;&nbsp;&nbsp;dhcp_option
<LI><a href="#[6a]">&gt;&gt;</a>&nbsp;&nbsp;&nbsp;dhcp_delete_msg
<LI><a href="#[63]">&gt;&gt;</a>&nbsp;&nbsp;&nbsp;dhcp_create_msg
</UL>
<BR>[Called By]<UL><LI><a href="#[60]">&gt;&gt;</a>&nbsp;&nbsp;&nbsp;dhcp_coarse_tmr
<LI><a href="#[6e]">&gt;&gt;</a>&nbsp;&nbsp;&nbsp;dhcp_timeout
</UL>

<P><STRONG><a name="[77]"></a>dhcp_start</STRONG> (Thumb, 152 bytes, Stack size 16 bytes, lwiplib.o(i.dhcp_start))
<BR><BR>[Stack]<UL><LI>Max Depth = 148<LI>Call Chain = dhcp_start &rArr; dhcp_discover &rArr; udp_sendto_if &rArr; pbuf_alloc &rArr; pbuf_free &rArr; mem_free &rArr; plug_holes
</UL>
<BR>[Calls]<UL><LI><a href="#[49]">&gt;&gt;</a>&nbsp;&nbsp;&nbsp;mem_malloc
<LI><a href="#[35]">&gt;&gt;</a>&nbsp;&nbsp;&nbsp;udp_new
<LI><a href="#[37]">&gt;&gt;</a>&nbsp;&nbsp;&nbsp;udp_bind
<LI><a href="#[72]">&gt;&gt;</a>&nbsp;&nbsp;&nbsp;__aeabi_memclr4
<LI><a href="#[78]">&gt;&gt;</a>&nbsp;&nbsp;&nbsp;udp_remove
<LI><a href="#[79]">&gt;&gt;</a>&nbsp;&nbsp;&nbsp;udp_connect
<LI><a href="#[7a]">&gt;&gt;</a>&nbsp;&nbsp;&nbsp;dhcp_stop
<LI><a href="#[6b]">&gt;&gt;</a>&nbsp;&nbsp;&nbsp;dhcp_discover
</UL>
<BR>[Called By]<UL><LI><a href="#[db]">&gt;&gt;</a>&nbsp;&nbsp;&nbsp;lwIPLinkDetect
</UL>

<P><STRONG><a name="[7a]"></a>dhcp_stop</STRONG> (Thumb, 62 bytes, Stack size 16 bytes, lwiplib.o(i.dhcp_stop))
<BR><BR>[Stack]<UL><LI>Max Depth = 92<LI>Call Chain = dhcp_stop &rArr; autoip_stop &rArr; netif_set_down &rArr; etharp_cleanup_netif &rArr; etharp_free_entry &rArr; pbuf_free &rArr; mem_free &rArr; plug_holes
</UL>
<BR>[Calls]<UL><LI><a href="#[78]">&gt;&gt;</a>&nbsp;&nbsp;&nbsp;udp_remove
<LI><a href="#[4a]">&gt;&gt;</a>&nbsp;&nbsp;&nbsp;autoip_stop
<LI><a href="#[5d]">&gt;&gt;</a>&nbsp;&nbsp;&nbsp;dhcp_set_state
</UL>
<BR>[Called By]<UL><LI><a href="#[77]">&gt;&gt;</a>&nbsp;&nbsp;&nbsp;dhcp_start
<LI><a href="#[db]">&gt;&gt;</a>&nbsp;&nbsp;&nbsp;lwIPLinkDetect
</UL>

<P><STRONG><a name="[54]"></a>disk_initialize</STRONG> (Thumb, 344 bytes, Stack size 32 bytes, mmc-ek-tm4c1294xl.o(i.disk_initialize))
<BR><BR>[Stack]<UL><LI>Max Depth = 92<LI>Call Chain = disk_initialize &rArr; power_on &rArr; GPIOPadConfigSet
</UL>
<BR>[Calls]<UL><LI><a href="#[83]">&gt;&gt;</a>&nbsp;&nbsp;&nbsp;send_initial_clock_train
<LI><a href="#[85]">&gt;&gt;</a>&nbsp;&nbsp;&nbsp;send_cmd
<LI><a href="#[86]">&gt;&gt;</a>&nbsp;&nbsp;&nbsp;rcvr_spi
<LI><a href="#[82]">&gt;&gt;</a>&nbsp;&nbsp;&nbsp;power_on
<LI><a href="#[84]">&gt;&gt;</a>&nbsp;&nbsp;&nbsp;SELECT
<LI><a href="#[87]">&gt;&gt;</a>&nbsp;&nbsp;&nbsp;DESELECT
</UL>
<BR>[Called By]<UL><LI><a href="#[52]">&gt;&gt;</a>&nbsp;&nbsp;&nbsp;chk_mounted
</UL>

<P><STRONG><a name="[51]"></a>disk_read</STRONG> (Thumb, 178 bytes, Stack size 24 bytes, mmc-ek-tm4c1294xl.o(i.disk_read))
<BR><BR>[Stack]<UL><LI>Max Depth = 64<LI>Call Chain = disk_read &rArr; send_cmd &rArr; wait_ready &rArr; rcvr_spi
</UL>
<BR>[Calls]<UL><LI><a href="#[89]">&gt;&gt;</a>&nbsp;&nbsp;&nbsp;xmit_spi
<LI><a href="#[85]">&gt;&gt;</a>&nbsp;&nbsp;&nbsp;send_cmd
<LI><a href="#[86]">&gt;&gt;</a>&nbsp;&nbsp;&nbsp;rcvr_spi
<LI><a href="#[88]">&gt;&gt;</a>&nbsp;&nbsp;&nbsp;rcvr_datablock
<LI><a href="#[84]">&gt;&gt;</a>&nbsp;&nbsp;&nbsp;SELECT
<LI><a href="#[87]">&gt;&gt;</a>&nbsp;&nbsp;&nbsp;DESELECT
</UL>
<BR>[Called By]<UL><LI><a href="#[80]">&gt;&gt;</a>&nbsp;&nbsp;&nbsp;move_window
<LI><a href="#[52]">&gt;&gt;</a>&nbsp;&nbsp;&nbsp;chk_mounted
<LI><a href="#[50]">&gt;&gt;</a>&nbsp;&nbsp;&nbsp;check_fs
<LI><a href="#[9f]">&gt;&gt;</a>&nbsp;&nbsp;&nbsp;f_read
</UL>

<P><STRONG><a name="[53]"></a>disk_status</STRONG> (Thumb, 12 bytes, Stack size 0 bytes, mmc-ek-tm4c1294xl.o(i.disk_status))
<BR><BR>[Called By]<UL><LI><a href="#[a0]">&gt;&gt;</a>&nbsp;&nbsp;&nbsp;validate
<LI><a href="#[52]">&gt;&gt;</a>&nbsp;&nbsp;&nbsp;chk_mounted
</UL>

<P><STRONG><a name="[8a]"></a>disk_write</STRONG> (Thumb, 168 bytes, Stack size 24 bytes, mmc-ek-tm4c1294xl.o(i.disk_write))
<BR><BR>[Stack]<UL><LI>Max Depth = 64<LI>Call Chain = disk_write &rArr; xmit_datablock &rArr; wait_ready &rArr; rcvr_spi
</UL>
<BR>[Calls]<UL><LI><a href="#[8b]">&gt;&gt;</a>&nbsp;&nbsp;&nbsp;xmit_datablock
<LI><a href="#[85]">&gt;&gt;</a>&nbsp;&nbsp;&nbsp;send_cmd
<LI><a href="#[86]">&gt;&gt;</a>&nbsp;&nbsp;&nbsp;rcvr_spi
<LI><a href="#[84]">&gt;&gt;</a>&nbsp;&nbsp;&nbsp;SELECT
<LI><a href="#[87]">&gt;&gt;</a>&nbsp;&nbsp;&nbsp;DESELECT
</UL>
<BR>[Called By]<UL><LI><a href="#[7c]">&gt;&gt;</a>&nbsp;&nbsp;&nbsp;sync_window
<LI><a href="#[9f]">&gt;&gt;</a>&nbsp;&nbsp;&nbsp;f_read
</UL>

<P><STRONG><a name="[8e]"></a>etharp_cleanup_netif</STRONG> (Thumb, 42 bytes, Stack size 16 bytes, lwiplib.o(i.etharp_cleanup_netif))
<BR><BR>[Stack]<UL><LI>Max Depth = 68<LI>Call Chain = etharp_cleanup_netif &rArr; etharp_free_entry &rArr; pbuf_free &rArr; mem_free &rArr; plug_holes
</UL>
<BR>[Calls]<UL><LI><a href="#[8f]">&gt;&gt;</a>&nbsp;&nbsp;&nbsp;etharp_free_entry
</UL>
<BR>[Called By]<UL><LI><a href="#[46]">&gt;&gt;</a>&nbsp;&nbsp;&nbsp;netif_set_down
</UL>

<P><STRONG><a name="[17]"></a>etharp_output</STRONG> (Thumb, 274 bytes, Stack size 32 bytes, lwiplib.o(i.etharp_output))
<BR><BR>[Stack]<UL><LI>Max Depth = 220<LI>Call Chain = etharp_output &rArr; etharp_query &rArr; etharp_request &rArr; etharp_raw &rArr; pbuf_alloc &rArr; pbuf_free &rArr; mem_free &rArr; plug_holes
</UL>
<BR>[Calls]<UL><LI><a href="#[91]">&gt;&gt;</a>&nbsp;&nbsp;&nbsp;pbuf_header
<LI><a href="#[92]">&gt;&gt;</a>&nbsp;&nbsp;&nbsp;ip4_addr_isbroadcast
<LI><a href="#[5f]">&gt;&gt;</a>&nbsp;&nbsp;&nbsp;etharp_query
<LI><a href="#[93]">&gt;&gt;</a>&nbsp;&nbsp;&nbsp;etharp_send_ip
<LI><a href="#[94]">&gt;&gt;</a>&nbsp;&nbsp;&nbsp;etharp_output_to_arp_index
</UL>
<BR>[Address Reference Count : 1]<UL><LI> lwiplib.o(i.tivaif_init)
</UL>
<P><STRONG><a name="[5f]"></a>etharp_query</STRONG> (Thumb, 262 bytes, Stack size 56 bytes, lwiplib.o(i.etharp_query))
<BR><BR>[Stack]<UL><LI>Max Depth = 188<LI>Call Chain = etharp_query &rArr; etharp_request &rArr; etharp_raw &rArr; pbuf_alloc &rArr; pbuf_free &rArr; mem_free &rArr; plug_holes
</UL>
<BR>[Calls]<UL><LI><a href="#[38]">&gt;&gt;</a>&nbsp;&nbsp;&nbsp;pbuf_free
<LI><a href="#[2f]">&gt;&gt;</a>&nbsp;&nbsp;&nbsp;pbuf_alloc
<LI><a href="#[97]">&gt;&gt;</a>&nbsp;&nbsp;&nbsp;pbuf_ref
<LI><a href="#[96]">&gt;&gt;</a>&nbsp;&nbsp;&nbsp;pbuf_copy
<LI><a href="#[92]">&gt;&gt;</a>&nbsp;&nbsp;&nbsp;ip4_addr_isbroadcast
<LI><a href="#[95]">&gt;&gt;</a>&nbsp;&nbsp;&nbsp;etharp_request
<LI><a href="#[93]">&gt;&gt;</a>&nbsp;&nbsp;&nbsp;etharp_send_ip
<LI><a href="#[90]">&gt;&gt;</a>&nbsp;&nbsp;&nbsp;etharp_find_entry
</UL>
<BR>[Called By]<UL><LI><a href="#[17]">&gt;&gt;</a>&nbsp;&nbsp;&nbsp;etharp_output
<LI><a href="#[5e]">&gt;&gt;</a>&nbsp;&nbsp;&nbsp;dhcp_check
</UL>

<P><STRONG><a name="[41]"></a>etharp_raw</STRONG> (Thumb, 184 bytes, Stack size 40 bytes, lwiplib.o(i.etharp_raw))
<BR><BR>[Stack]<UL><LI>Max Depth = 108<LI>Call Chain = etharp_raw &rArr; pbuf_alloc &rArr; pbuf_free &rArr; mem_free &rArr; plug_holes
</UL>
<BR>[Calls]<UL><LI><a href="#[38]">&gt;&gt;</a>&nbsp;&nbsp;&nbsp;pbuf_free
<LI><a href="#[2f]">&gt;&gt;</a>&nbsp;&nbsp;&nbsp;pbuf_alloc
</UL>
<BR>[Called By]<UL><LI><a href="#[95]">&gt;&gt;</a>&nbsp;&nbsp;&nbsp;etharp_request
<LI><a href="#[4b]">&gt;&gt;</a>&nbsp;&nbsp;&nbsp;autoip_tmr
<LI><a href="#[40]">&gt;&gt;</a>&nbsp;&nbsp;&nbsp;autoip_arp_announce
</UL>

<P><STRONG><a name="[95]"></a>etharp_request</STRONG> (Thumb, 32 bytes, Stack size 24 bytes, lwiplib.o(i.etharp_request))
<BR><BR>[Stack]<UL><LI>Max Depth = 132<LI>Call Chain = etharp_request &rArr; etharp_raw &rArr; pbuf_alloc &rArr; pbuf_free &rArr; mem_free &rArr; plug_holes
</UL>
<BR>[Calls]<UL><LI><a href="#[41]">&gt;&gt;</a>&nbsp;&nbsp;&nbsp;etharp_raw
</UL>
<BR>[Called By]<UL><LI><a href="#[4f]">&gt;&gt;</a>&nbsp;&nbsp;&nbsp;netif_set_up
<LI><a href="#[f4]">&gt;&gt;</a>&nbsp;&nbsp;&nbsp;netif_set_link_up
<LI><a href="#[5f]">&gt;&gt;</a>&nbsp;&nbsp;&nbsp;etharp_query
<LI><a href="#[94]">&gt;&gt;</a>&nbsp;&nbsp;&nbsp;etharp_output_to_arp_index
</UL>

<P><STRONG><a name="[3e]"></a>etharp_tmr</STRONG> (Thumb, 66 bytes, Stack size 16 bytes, lwiplib.o(i.etharp_tmr))
<BR><BR>[Stack]<UL><LI>Max Depth = 68<LI>Call Chain = etharp_tmr &rArr; etharp_free_entry &rArr; pbuf_free &rArr; mem_free &rArr; plug_holes
</UL>
<BR>[Calls]<UL><LI><a href="#[8f]">&gt;&gt;</a>&nbsp;&nbsp;&nbsp;etharp_free_entry
</UL>
<BR>[Called By]<UL><LI><a href="#[d4]">&gt;&gt;</a>&nbsp;&nbsp;&nbsp;lwIPServiceTimers
<LI><a href="#[8]">&gt;&gt;</a>&nbsp;&nbsp;&nbsp;arp_timer
</UL>

<P><STRONG><a name="[98]"></a>ethernet_input</STRONG> (Thumb, 160 bytes, Stack size 24 bytes, lwiplib.o(i.ethernet_input))
<BR><BR>[Stack]<UL><LI>Max Depth = 352<LI>Call Chain = ethernet_input &rArr; ip_input &rArr; tcp_input &rArr; tcp_process &rArr; tcp_abort &rArr; tcp_abandon &rArr; tcp_pcb_remove &rArr; tcp_output &rArr; tcp_send_empty_ack &rArr; ip_output &rArr; ip_output_if &rArr; pbuf_header
</UL>
<BR>[Calls]<UL><LI><a href="#[38]">&gt;&gt;</a>&nbsp;&nbsp;&nbsp;pbuf_free
<LI><a href="#[43]">&gt;&gt;</a>&nbsp;&nbsp;&nbsp;memcmp
<LI><a href="#[91]">&gt;&gt;</a>&nbsp;&nbsp;&nbsp;pbuf_header
<LI><a href="#[12]">&gt;&gt;</a>&nbsp;&nbsp;&nbsp;ip_input
<LI><a href="#[8c]">&gt;&gt;</a>&nbsp;&nbsp;&nbsp;etharp_arp_input
</UL>
<BR>[Called By]<UL><LI><a href="#[128]">&gt;&gt;</a>&nbsp;&nbsp;&nbsp;tivaif_receive
</UL>

<P><STRONG><a name="[99]"></a>f_open</STRONG> (Thumb, 310 bytes, Stack size 88 bytes, ff.o(i.f_open))
<BR><BR>[Stack]<UL><LI>Max Depth = 296<LI>Call Chain = f_open &rArr; follow_path &rArr; dir_next &rArr; create_chain &rArr; put_fat &rArr; move_window &rArr; sync_window &rArr; disk_write &rArr; xmit_datablock &rArr; wait_ready &rArr; rcvr_spi
</UL>
<BR>[Calls]<UL><LI><a href="#[9b]">&gt;&gt;</a>&nbsp;&nbsp;&nbsp;get_fattime
<LI><a href="#[9d]">&gt;&gt;</a>&nbsp;&nbsp;&nbsp;st_clust
<LI><a href="#[9e]">&gt;&gt;</a>&nbsp;&nbsp;&nbsp;remove_chain
<LI><a href="#[80]">&gt;&gt;</a>&nbsp;&nbsp;&nbsp;move_window
<LI><a href="#[9c]">&gt;&gt;</a>&nbsp;&nbsp;&nbsp;ld_clust
<LI><a href="#[9a]">&gt;&gt;</a>&nbsp;&nbsp;&nbsp;follow_path
<LI><a href="#[7e]">&gt;&gt;</a>&nbsp;&nbsp;&nbsp;dir_register
<LI><a href="#[52]">&gt;&gt;</a>&nbsp;&nbsp;&nbsp;chk_mounted
</UL>
<BR>[Called By]<UL><LI><a href="#[a3]">&gt;&gt;</a>&nbsp;&nbsp;&nbsp;fs_open
</UL>

<P><STRONG><a name="[9f]"></a>f_read</STRONG> (Thumb, 320 bytes, Stack size 40 bytes, ff.o(i.f_read))
<BR><BR>[Stack]<UL><LI>Max Depth = 168<LI>Call Chain = f_read &rArr; get_fat &rArr; move_window &rArr; sync_window &rArr; disk_write &rArr; xmit_datablock &rArr; wait_ready &rArr; rcvr_spi
</UL>
<BR>[Calls]<UL><LI><a href="#[8a]">&gt;&gt;</a>&nbsp;&nbsp;&nbsp;disk_write
<LI><a href="#[51]">&gt;&gt;</a>&nbsp;&nbsp;&nbsp;disk_read
<LI><a href="#[56]">&gt;&gt;</a>&nbsp;&nbsp;&nbsp;get_fat
<LI><a href="#[7d]">&gt;&gt;</a>&nbsp;&nbsp;&nbsp;clust2sect
<LI><a href="#[a0]">&gt;&gt;</a>&nbsp;&nbsp;&nbsp;validate
<LI><a href="#[81]">&gt;&gt;</a>&nbsp;&nbsp;&nbsp;mem_cpy
</UL>
<BR>[Called By]<UL><LI><a href="#[a5]">&gt;&gt;</a>&nbsp;&nbsp;&nbsp;fs_read
</UL>

<P><STRONG><a name="[bf]"></a>fs_bytes_left</STRONG> (Thumb, 20 bytes, Stack size 0 bytes, enet_fs.o(i.fs_bytes_left))
<BR><BR>[Called By]<UL><LI><a href="#[ba]">&gt;&gt;</a>&nbsp;&nbsp;&nbsp;http_send_data
</UL>

<P><STRONG><a name="[a1]"></a>fs_close</STRONG> (Thumb, 22 bytes, Stack size 8 bytes, enet_fs.o(i.fs_close))
<BR><BR>[Stack]<UL><LI>Max Depth = 28<LI>Call Chain = fs_close &rArr; mem_free &rArr; plug_holes
</UL>
<BR>[Calls]<UL><LI><a href="#[a2]">&gt;&gt;</a>&nbsp;&nbsp;&nbsp;mem_free
</UL>
<BR>[Called By]<UL><LI><a href="#[b2]">&gt;&gt;</a>&nbsp;&nbsp;&nbsp;http_state_free
</UL>

<P><STRONG><a name="[a3]"></a>fs_open</STRONG> (Thumb, 134 bytes, Stack size 24 bytes, enet_fs.o(i.fs_open))
<BR><BR>[Stack]<UL><LI>Max Depth = 320<LI>Call Chain = fs_open &rArr; f_open &rArr; follow_path &rArr; dir_next &rArr; create_chain &rArr; put_fat &rArr; move_window &rArr; sync_window &rArr; disk_write &rArr; xmit_datablock &rArr; wait_ready &rArr; rcvr_spi
</UL>
<BR>[Calls]<UL><LI><a href="#[a4]">&gt;&gt;</a>&nbsp;&nbsp;&nbsp;ustrncmp
<LI><a href="#[49]">&gt;&gt;</a>&nbsp;&nbsp;&nbsp;mem_malloc
<LI><a href="#[a2]">&gt;&gt;</a>&nbsp;&nbsp;&nbsp;mem_free
<LI><a href="#[99]">&gt;&gt;</a>&nbsp;&nbsp;&nbsp;f_open
</UL>
<BR>[Called By]<UL><LI><a href="#[b5]">&gt;&gt;</a>&nbsp;&nbsp;&nbsp;http_get_404_file
<LI><a href="#[b4]">&gt;&gt;</a>&nbsp;&nbsp;&nbsp;http_find_file
</UL>

<P><STRONG><a name="[a5]"></a>fs_read</STRONG> (Thumb, 68 bytes, Stack size 24 bytes, enet_fs.o(i.fs_read))
<BR><BR>[Stack]<UL><LI>Max Depth = 192<LI>Call Chain = fs_read &rArr; f_read &rArr; get_fat &rArr; move_window &rArr; sync_window &rArr; disk_write &rArr; xmit_datablock &rArr; wait_ready &rArr; rcvr_spi
</UL>
<BR>[Calls]<UL><LI><a href="#[9f]">&gt;&gt;</a>&nbsp;&nbsp;&nbsp;f_read
<LI><a href="#[a6]">&gt;&gt;</a>&nbsp;&nbsp;&nbsp;__aeabi_memcpy
</UL>
<BR>[Called By]<UL><LI><a href="#[ba]">&gt;&gt;</a>&nbsp;&nbsp;&nbsp;http_send_data
</UL>

<P><STRONG><a name="[56]"></a>get_fat</STRONG> (Thumb, 184 bytes, Stack size 24 bytes, ff.o(i.get_fat))
<BR><BR>[Stack]<UL><LI>Max Depth = 128<LI>Call Chain = get_fat &rArr; move_window &rArr; sync_window &rArr; disk_write &rArr; xmit_datablock &rArr; wait_ready &rArr; rcvr_spi
</UL>
<BR>[Calls]<UL><LI><a href="#[80]">&gt;&gt;</a>&nbsp;&nbsp;&nbsp;move_window
</UL>
<BR>[Called By]<UL><LI><a href="#[9e]">&gt;&gt;</a>&nbsp;&nbsp;&nbsp;remove_chain
<LI><a href="#[7f]">&gt;&gt;</a>&nbsp;&nbsp;&nbsp;dir_sdi
<LI><a href="#[7b]">&gt;&gt;</a>&nbsp;&nbsp;&nbsp;dir_next
<LI><a href="#[55]">&gt;&gt;</a>&nbsp;&nbsp;&nbsp;create_chain
<LI><a href="#[9f]">&gt;&gt;</a>&nbsp;&nbsp;&nbsp;f_read
</UL>

<P><STRONG><a name="[9b]"></a>get_fattime</STRONG> (Thumb, 4 bytes, Stack size 0 bytes, mmc-ek-tm4c1294xl.o(i.get_fattime))
<BR><BR>[Called By]<UL><LI><a href="#[99]">&gt;&gt;</a>&nbsp;&nbsp;&nbsp;f_open
</UL>

<P><STRONG><a name="[c1]"></a>httpd_init</STRONG> (Thumb, 54 bytes, Stack size 16 bytes, httpd.o(i.httpd_init))
<BR><BR>[Stack]<UL><LI>Max Depth = 232<LI>Call Chain = httpd_init &rArr; tcp_new &rArr; tcp_alloc &rArr; tcp_abort &rArr; tcp_abandon &rArr; tcp_pcb_remove &rArr; tcp_output &rArr; tcp_send_empty_ack &rArr; ip_output &rArr; ip_output_if &rArr; pbuf_header
</UL>
<BR>[Calls]<UL><LI><a href="#[ab]">&gt;&gt;</a>&nbsp;&nbsp;&nbsp;tcp_setprio
<LI><a href="#[c2]">&gt;&gt;</a>&nbsp;&nbsp;&nbsp;tcp_new
<LI><a href="#[c4]">&gt;&gt;</a>&nbsp;&nbsp;&nbsp;tcp_listen_with_backlog
<LI><a href="#[c3]">&gt;&gt;</a>&nbsp;&nbsp;&nbsp;tcp_bind
<LI><a href="#[ac]">&gt;&gt;</a>&nbsp;&nbsp;&nbsp;tcp_arg
<LI><a href="#[c5]">&gt;&gt;</a>&nbsp;&nbsp;&nbsp;tcp_accept
</UL>
<BR>[Called By]<UL><LI><a href="#[6]">&gt;&gt;</a>&nbsp;&nbsp;&nbsp;main
</UL>

<P><STRONG><a name="[c6]"></a>icmp_dest_unreach</STRONG> (Thumb, 8 bytes, Stack size 0 bytes, lwiplib.o(i.icmp_dest_unreach))
<BR><BR>[Stack]<UL><LI>Max Depth = 128<LI>Call Chain = icmp_dest_unreach &rArr; icmp_send_response &rArr; ip_output &rArr; ip_output_if &rArr; pbuf_header
</UL>
<BR>[Calls]<UL><LI><a href="#[c7]">&gt;&gt;</a>&nbsp;&nbsp;&nbsp;icmp_send_response
</UL>
<BR>[Called By]<UL><LI><a href="#[cf]">&gt;&gt;</a>&nbsp;&nbsp;&nbsp;udp_input
<LI><a href="#[12]">&gt;&gt;</a>&nbsp;&nbsp;&nbsp;ip_input
</UL>

<P><STRONG><a name="[c8]"></a>icmp_input</STRONG> (Thumb, 322 bytes, Stack size 48 bytes, lwiplib.o(i.icmp_input))
<BR><BR>[Stack]<UL><LI>Max Depth = 116<LI>Call Chain = icmp_input &rArr; pbuf_alloc &rArr; pbuf_free &rArr; mem_free &rArr; plug_holes
</UL>
<BR>[Calls]<UL><LI><a href="#[38]">&gt;&gt;</a>&nbsp;&nbsp;&nbsp;pbuf_free
<LI><a href="#[2f]">&gt;&gt;</a>&nbsp;&nbsp;&nbsp;pbuf_alloc
<LI><a href="#[91]">&gt;&gt;</a>&nbsp;&nbsp;&nbsp;pbuf_header
<LI><a href="#[96]">&gt;&gt;</a>&nbsp;&nbsp;&nbsp;pbuf_copy
<LI><a href="#[ca]">&gt;&gt;</a>&nbsp;&nbsp;&nbsp;ip_output_if
<LI><a href="#[92]">&gt;&gt;</a>&nbsp;&nbsp;&nbsp;ip4_addr_isbroadcast
<LI><a href="#[c9]">&gt;&gt;</a>&nbsp;&nbsp;&nbsp;inet_chksum_pbuf
</UL>
<BR>[Called By]<UL><LI><a href="#[12]">&gt;&gt;</a>&nbsp;&nbsp;&nbsp;ip_input
</UL>

<P><STRONG><a name="[cb]"></a>inet_chksum</STRONG> (Thumb, 12 bytes, Stack size 8 bytes, lwiplib.o(i.inet_chksum))
<BR><BR>[Stack]<UL><LI>Max Depth = 20<LI>Call Chain = inet_chksum &rArr; lwip_standard_chksum
</UL>
<BR>[Calls]<UL><LI><a href="#[cd]">&gt;&gt;</a>&nbsp;&nbsp;&nbsp;lwip_standard_chksum
</UL>
<BR>[Called By]<UL><LI><a href="#[c7]">&gt;&gt;</a>&nbsp;&nbsp;&nbsp;icmp_send_response
</UL>

<P><STRONG><a name="[c9]"></a>inet_chksum_pbuf</STRONG> (Thumb, 72 bytes, Stack size 16 bytes, lwiplib.o(i.inet_chksum_pbuf))
<BR><BR>[Stack]<UL><LI>Max Depth = 28<LI>Call Chain = inet_chksum_pbuf &rArr; lwip_standard_chksum
</UL>
<BR>[Calls]<UL><LI><a href="#[cd]">&gt;&gt;</a>&nbsp;&nbsp;&nbsp;lwip_standard_chksum
</UL>
<BR>[Called By]<UL><LI><a href="#[c8]">&gt;&gt;</a>&nbsp;&nbsp;&nbsp;icmp_input
</UL>

<P><STRONG><a name="[92]"></a>ip4_addr_isbroadcast</STRONG> (Thumb, 46 bytes, Stack size 0 bytes, lwiplib.o(i.ip4_addr_isbroadcast))
<BR><BR>[Called By]<UL><LI><a href="#[cf]">&gt;&gt;</a>&nbsp;&nbsp;&nbsp;udp_input
<LI><a href="#[d0]">&gt;&gt;</a>&nbsp;&nbsp;&nbsp;tcp_input
<LI><a href="#[12]">&gt;&gt;</a>&nbsp;&nbsp;&nbsp;ip_input
<LI><a href="#[c8]">&gt;&gt;</a>&nbsp;&nbsp;&nbsp;icmp_input
<LI><a href="#[5f]">&gt;&gt;</a>&nbsp;&nbsp;&nbsp;etharp_query
<LI><a href="#[17]">&gt;&gt;</a>&nbsp;&nbsp;&nbsp;etharp_output
<LI><a href="#[8d]">&gt;&gt;</a>&nbsp;&nbsp;&nbsp;etharp_update_arp_entry
</UL>

<P><STRONG><a name="[12]"></a>ip_input</STRONG> (Thumb, 478 bytes, Stack size 40 bytes, lwiplib.o(i.ip_input))
<BR><BR>[Stack]<UL><LI>Max Depth = 328<LI>Call Chain = ip_input &rArr; tcp_input &rArr; tcp_process &rArr; tcp_abort &rArr; tcp_abandon &rArr; tcp_pcb_remove &rArr; tcp_output &rArr; tcp_send_empty_ack &rArr; ip_output &rArr; ip_output_if &rArr; pbuf_header
</UL>
<BR>[Calls]<UL><LI><a href="#[38]">&gt;&gt;</a>&nbsp;&nbsp;&nbsp;pbuf_free
<LI><a href="#[cf]">&gt;&gt;</a>&nbsp;&nbsp;&nbsp;udp_input
<LI><a href="#[d0]">&gt;&gt;</a>&nbsp;&nbsp;&nbsp;tcp_input
<LI><a href="#[ce]">&gt;&gt;</a>&nbsp;&nbsp;&nbsp;raw_input
<LI><a href="#[68]">&gt;&gt;</a>&nbsp;&nbsp;&nbsp;pbuf_realloc
<LI><a href="#[92]">&gt;&gt;</a>&nbsp;&nbsp;&nbsp;ip4_addr_isbroadcast
<LI><a href="#[c8]">&gt;&gt;</a>&nbsp;&nbsp;&nbsp;icmp_input
<LI><a href="#[c6]">&gt;&gt;</a>&nbsp;&nbsp;&nbsp;icmp_dest_unreach
</UL>
<BR>[Called By]<UL><LI><a href="#[98]">&gt;&gt;</a>&nbsp;&nbsp;&nbsp;ethernet_input
</UL>
<BR>[Address Reference Count : 1]<UL><LI> lwiplib.o(i.lwIPPrivateInit)
</UL>
<P><STRONG><a name="[cc]"></a>ip_output</STRONG> (Thumb, 60 bytes, Stack size 40 bytes, lwiplib.o(i.ip_output))
<BR><BR>[Stack]<UL><LI>Max Depth = 88<LI>Call Chain = ip_output &rArr; ip_output_if &rArr; pbuf_header
</UL>
<BR>[Calls]<UL><LI><a href="#[d1]">&gt;&gt;</a>&nbsp;&nbsp;&nbsp;ip_route
<LI><a href="#[ca]">&gt;&gt;</a>&nbsp;&nbsp;&nbsp;ip_output_if
</UL>
<BR>[Called By]<UL><LI><a href="#[11c]">&gt;&gt;</a>&nbsp;&nbsp;&nbsp;tcp_zero_window_probe
<LI><a href="#[112]">&gt;&gt;</a>&nbsp;&nbsp;&nbsp;tcp_send_empty_ack
<LI><a href="#[fc]">&gt;&gt;</a>&nbsp;&nbsp;&nbsp;tcp_rst
<LI><a href="#[10e]">&gt;&gt;</a>&nbsp;&nbsp;&nbsp;tcp_keepalive
<LI><a href="#[113]">&gt;&gt;</a>&nbsp;&nbsp;&nbsp;tcp_output_segment
<LI><a href="#[c7]">&gt;&gt;</a>&nbsp;&nbsp;&nbsp;icmp_send_response
</UL>

<P><STRONG><a name="[ca]"></a>ip_output_if</STRONG> (Thumb, 144 bytes, Stack size 40 bytes, lwiplib.o(i.ip_output_if))
<BR><BR>[Stack]<UL><LI>Max Depth = 48<LI>Call Chain = ip_output_if &rArr; pbuf_header
</UL>
<BR>[Calls]<UL><LI><a href="#[91]">&gt;&gt;</a>&nbsp;&nbsp;&nbsp;pbuf_header
</UL>
<BR>[Called By]<UL><LI><a href="#[69]">&gt;&gt;</a>&nbsp;&nbsp;&nbsp;udp_sendto_if
<LI><a href="#[cc]">&gt;&gt;</a>&nbsp;&nbsp;&nbsp;ip_output
<LI><a href="#[c8]">&gt;&gt;</a>&nbsp;&nbsp;&nbsp;icmp_input
</UL>

<P><STRONG><a name="[d1]"></a>ip_route</STRONG> (Thumb, 62 bytes, Stack size 12 bytes, lwiplib.o(i.ip_route))
<BR><BR>[Stack]<UL><LI>Max Depth = 12<LI>Call Chain = ip_route
</UL>
<BR>[Called By]<UL><LI><a href="#[39]">&gt;&gt;</a>&nbsp;&nbsp;&nbsp;udp_sendto
<LI><a href="#[106]">&gt;&gt;</a>&nbsp;&nbsp;&nbsp;tcp_eff_send_mss
<LI><a href="#[cc]">&gt;&gt;</a>&nbsp;&nbsp;&nbsp;ip_output
<LI><a href="#[113]">&gt;&gt;</a>&nbsp;&nbsp;&nbsp;tcp_output_segment
</UL>

<P><STRONG><a name="[5]"></a>lwIPEthernetIntHandler</STRONG> (Thumb, 76 bytes, Stack size 16 bytes, lwiplib.o(i.lwIPEthernetIntHandler))
<BR><BR>[Stack]<UL><LI>Max Depth = 424<LI>Call Chain = lwIPEthernetIntHandler &rArr; tivaif_interrupt &rArr; tivaif_receive &rArr; ethernet_input &rArr; ip_input &rArr; tcp_input &rArr; tcp_process &rArr; tcp_abort &rArr; tcp_abandon &rArr; tcp_pcb_remove &rArr; tcp_output &rArr; tcp_send_empty_ack &rArr; ip_output &rArr; ip_output_if &rArr; pbuf_header
</UL>
<BR>[Calls]<UL><LI><a href="#[d3]">&gt;&gt;</a>&nbsp;&nbsp;&nbsp;tivaif_interrupt
<LI><a href="#[d4]">&gt;&gt;</a>&nbsp;&nbsp;&nbsp;lwIPServiceTimers
<LI><a href="#[d2]">&gt;&gt;</a>&nbsp;&nbsp;&nbsp;EMACTimestampIntStatus
</UL>
<BR>[Address Reference Count : 1]<UL><LI> startup_rvmdk.o(RESET)
</UL>
<P><STRONG><a name="[d5]"></a>lwIPHostTimerHandler</STRONG> (Thumb, 114 bytes, Stack size 16 bytes, enet_lwip.o(i.lwIPHostTimerHandler))
<BR><BR>[Stack]<UL><LI>Max Depth = 152<LI>Call Chain = lwIPHostTimerHandler &rArr; DisplayIPAddress &rArr; UARTprintf &rArr; UARTvprintf &rArr; UARTwrite
</UL>
<BR>[Calls]<UL><LI><a href="#[d6]">&gt;&gt;</a>&nbsp;&nbsp;&nbsp;lwIPLocalIPAddrGet
<LI><a href="#[24]">&gt;&gt;</a>&nbsp;&nbsp;&nbsp;UARTprintf
<LI><a href="#[1d]">&gt;&gt;</a>&nbsp;&nbsp;&nbsp;SysCtlDelay
<LI><a href="#[d7]">&gt;&gt;</a>&nbsp;&nbsp;&nbsp;GPIOPinWrite
<LI><a href="#[d8]">&gt;&gt;</a>&nbsp;&nbsp;&nbsp;GPIOPinRead
<LI><a href="#[22]">&gt;&gt;</a>&nbsp;&nbsp;&nbsp;DisplayIPAddress
</UL>
<BR>[Called By]<UL><LI><a href="#[d4]">&gt;&gt;</a>&nbsp;&nbsp;&nbsp;lwIPServiceTimers
</UL>

<P><STRONG><a name="[d9]"></a>lwIPInit</STRONG> (Thumb, 182 bytes, Stack size 64 bytes, lwiplib.o(i.lwIPInit))
<BR><BR>[Stack]<UL><LI>Max Depth = 352<LI>Call Chain = lwIPInit &rArr; lwIPPrivateInit &rArr; netif_add &rArr; netif_set_addr &rArr; netif_set_ipaddr &rArr; tcp_abort &rArr; tcp_abandon &rArr; tcp_pcb_remove &rArr; tcp_output &rArr; tcp_send_empty_ack &rArr; ip_output &rArr; ip_output_if &rArr; pbuf_header
</UL>
<BR>[Calls]<UL><LI><a href="#[da]">&gt;&gt;</a>&nbsp;&nbsp;&nbsp;lwIPPrivateInit
<LI><a href="#[25]">&gt;&gt;</a>&nbsp;&nbsp;&nbsp;EMACPHYConfigSet
</UL>
<BR>[Called By]<UL><LI><a href="#[6]">&gt;&gt;</a>&nbsp;&nbsp;&nbsp;main
</UL>

<P><STRONG><a name="[d6]"></a>lwIPLocalIPAddrGet</STRONG> (Thumb, 18 bytes, Stack size 0 bytes, lwiplib.o(i.lwIPLocalIPAddrGet))
<BR><BR>[Called By]<UL><LI><a href="#[d5]">&gt;&gt;</a>&nbsp;&nbsp;&nbsp;lwIPHostTimerHandler
</UL>

<P><STRONG><a name="[3b]"></a>lwIPTimer</STRONG> (Thumb, 20 bytes, Stack size 0 bytes, lwiplib.o(i.lwIPTimer))
<BR><BR>[Called By]<UL><LI><a href="#[4]">&gt;&gt;</a>&nbsp;&nbsp;&nbsp;SysTickIntHandler
</UL>

<P><STRONG><a name="[dd]"></a>lwip_init</STRONG> (Thumb, 18 bytes, Stack size 8 bytes, lwiplib.o(i.lwip_init))
<BR><BR>[Stack]<UL><LI>Max Depth = 48<LI>Call Chain = lwip_init &rArr; sys_timeouts_init &rArr; sys_timeout &rArr; memp_malloc
</UL>
<BR>[Calls]<UL><LI><a href="#[e2]">&gt;&gt;</a>&nbsp;&nbsp;&nbsp;sys_timeouts_init
<LI><a href="#[e1]">&gt;&gt;</a>&nbsp;&nbsp;&nbsp;memp_init
<LI><a href="#[e0]">&gt;&gt;</a>&nbsp;&nbsp;&nbsp;mem_init
</UL>
<BR>[Called By]<UL><LI><a href="#[da]">&gt;&gt;</a>&nbsp;&nbsp;&nbsp;lwIPPrivateInit
</UL>

<P><STRONG><a name="[6]"></a>main</STRONG> (Thumb, 220 bytes, Stack size 24 bytes, enet_lwip.o(i.main))
<BR><BR>[Stack]<UL><LI>Max Depth = 376<LI>Call Chain = main &rArr; lwIPInit &rArr; lwIPPrivateInit &rArr; netif_add &rArr; netif_set_addr &rArr; netif_set_ipaddr &rArr; tcp_abort &rArr; tcp_abandon &rArr; tcp_pcb_remove &rArr; tcp_output &rArr; tcp_send_empty_ack &rArr; ip_output &rArr; ip_output_if &rArr; pbuf_header
</UL>
<BR>[Calls]<UL><LI><a href="#[d9]">&gt;&gt;</a>&nbsp;&nbsp;&nbsp;lwIPInit
<LI><a href="#[c1]">&gt;&gt;</a>&nbsp;&nbsp;&nbsp;httpd_init
<LI><a href="#[24]">&gt;&gt;</a>&nbsp;&nbsp;&nbsp;UARTprintf
<LI><a href="#[e5]">&gt;&gt;</a>&nbsp;&nbsp;&nbsp;UARTStdioConfig
<LI><a href="#[e6]">&gt;&gt;</a>&nbsp;&nbsp;&nbsp;SysTickPeriodSet
<LI><a href="#[e8]">&gt;&gt;</a>&nbsp;&nbsp;&nbsp;SysTickIntEnable
<LI><a href="#[e7]">&gt;&gt;</a>&nbsp;&nbsp;&nbsp;SysTickEnable
<LI><a href="#[e3]">&gt;&gt;</a>&nbsp;&nbsp;&nbsp;SysCtlMOSCConfigSet
<LI><a href="#[e4]">&gt;&gt;</a>&nbsp;&nbsp;&nbsp;SysCtlClockFreqSet
<LI><a href="#[3a]">&gt;&gt;</a>&nbsp;&nbsp;&nbsp;PinoutSet
<LI><a href="#[ea]">&gt;&gt;</a>&nbsp;&nbsp;&nbsp;LocatorMACAddrSet
<LI><a href="#[34]">&gt;&gt;</a>&nbsp;&nbsp;&nbsp;LocatorInit
<LI><a href="#[eb]">&gt;&gt;</a>&nbsp;&nbsp;&nbsp;LocatorAppTitleSet
<LI><a href="#[ec]">&gt;&gt;</a>&nbsp;&nbsp;&nbsp;IntPrioritySet
<LI><a href="#[d7]">&gt;&gt;</a>&nbsp;&nbsp;&nbsp;GPIOPinWrite
<LI><a href="#[2d]">&gt;&gt;</a>&nbsp;&nbsp;&nbsp;GPIOPinTypeGPIOOutput
<LI><a href="#[e9]">&gt;&gt;</a>&nbsp;&nbsp;&nbsp;FlashUserGet
</UL>
<BR>[Address Reference Count : 1]<UL><LI> entry9a.o(.ARM.Collect$$$$0000000B)
</UL>
<P><STRONG><a name="[a2]"></a>mem_free</STRONG> (Thumb, 80 bytes, Stack size 8 bytes, lwiplib.o(i.mem_free))
<BR><BR>[Stack]<UL><LI>Max Depth = 20<LI>Call Chain = mem_free &rArr; plug_holes
</UL>
<BR>[Calls]<UL><LI><a href="#[ee]">&gt;&gt;</a>&nbsp;&nbsp;&nbsp;sys_arch_unprotect
<LI><a href="#[ed]">&gt;&gt;</a>&nbsp;&nbsp;&nbsp;sys_arch_protect
<LI><a href="#[ef]">&gt;&gt;</a>&nbsp;&nbsp;&nbsp;plug_holes
</UL>
<BR>[Called By]<UL><LI><a href="#[38]">&gt;&gt;</a>&nbsp;&nbsp;&nbsp;pbuf_free
<LI><a href="#[b2]">&gt;&gt;</a>&nbsp;&nbsp;&nbsp;http_state_free
<LI><a href="#[a3]">&gt;&gt;</a>&nbsp;&nbsp;&nbsp;fs_open
<LI><a href="#[a1]">&gt;&gt;</a>&nbsp;&nbsp;&nbsp;fs_close
</UL>

<P><STRONG><a name="[e0]"></a>mem_init</STRONG> (Thumb, 50 bytes, Stack size 8 bytes, lwiplib.o(i.mem_init))
<BR><BR>[Stack]<UL><LI>Max Depth = 8<LI>Call Chain = mem_init
</UL>
<BR>[Called By]<UL><LI><a href="#[dd]">&gt;&gt;</a>&nbsp;&nbsp;&nbsp;lwip_init
</UL>

<P><STRONG><a name="[49]"></a>mem_malloc</STRONG> (Thumb, 214 bytes, Stack size 32 bytes, lwiplib.o(i.mem_malloc))
<BR><BR>[Stack]<UL><LI>Max Depth = 32<LI>Call Chain = mem_malloc
</UL>
<BR>[Called By]<UL><LI><a href="#[ba]">&gt;&gt;</a>&nbsp;&nbsp;&nbsp;http_send_data
<LI><a href="#[11]">&gt;&gt;</a>&nbsp;&nbsp;&nbsp;http_accept
<LI><a href="#[a3]">&gt;&gt;</a>&nbsp;&nbsp;&nbsp;fs_open
<LI><a href="#[2f]">&gt;&gt;</a>&nbsp;&nbsp;&nbsp;pbuf_alloc
<LI><a href="#[77]">&gt;&gt;</a>&nbsp;&nbsp;&nbsp;dhcp_start
<LI><a href="#[48]">&gt;&gt;</a>&nbsp;&nbsp;&nbsp;autoip_start
</UL>

<P><STRONG><a name="[f0]"></a>mem_trim</STRONG> (Thumb, 216 bytes, Stack size 40 bytes, lwiplib.o(i.mem_trim))
<BR><BR>[Stack]<UL><LI>Max Depth = 40<LI>Call Chain = mem_trim
</UL>
<BR>[Calls]<UL><LI><a href="#[ee]">&gt;&gt;</a>&nbsp;&nbsp;&nbsp;sys_arch_unprotect
<LI><a href="#[ed]">&gt;&gt;</a>&nbsp;&nbsp;&nbsp;sys_arch_protect
</UL>
<BR>[Called By]<UL><LI><a href="#[68]">&gt;&gt;</a>&nbsp;&nbsp;&nbsp;pbuf_realloc
</UL>

<P><STRONG><a name="[f1]"></a>memp_free</STRONG> (Thumb, 54 bytes, Stack size 16 bytes, lwiplib.o(i.memp_free))
<BR><BR>[Stack]<UL><LI>Max Depth = 16<LI>Call Chain = memp_free
</UL>
<BR>[Calls]<UL><LI><a href="#[ee]">&gt;&gt;</a>&nbsp;&nbsp;&nbsp;sys_arch_unprotect
<LI><a href="#[ed]">&gt;&gt;</a>&nbsp;&nbsp;&nbsp;sys_arch_protect
</UL>
<BR>[Called By]<UL><LI><a href="#[c4]">&gt;&gt;</a>&nbsp;&nbsp;&nbsp;tcp_listen_with_backlog
<LI><a href="#[38]">&gt;&gt;</a>&nbsp;&nbsp;&nbsp;pbuf_free
<LI><a href="#[78]">&gt;&gt;</a>&nbsp;&nbsp;&nbsp;udp_remove
<LI><a href="#[11b]">&gt;&gt;</a>&nbsp;&nbsp;&nbsp;tcp_slowtmr
<LI><a href="#[105]">&gt;&gt;</a>&nbsp;&nbsp;&nbsp;tcp_seg_free
<LI><a href="#[d0]">&gt;&gt;</a>&nbsp;&nbsp;&nbsp;tcp_input
<LI><a href="#[f9]">&gt;&gt;</a>&nbsp;&nbsp;&nbsp;tcp_abandon
<LI><a href="#[101]">&gt;&gt;</a>&nbsp;&nbsp;&nbsp;tcp_close_shutdown
</UL>

<P><STRONG><a name="[e1]"></a>memp_init</STRONG> (Thumb, 98 bytes, Stack size 20 bytes, lwiplib.o(i.memp_init))
<BR><BR>[Stack]<UL><LI>Max Depth = 20<LI>Call Chain = memp_init
</UL>
<BR>[Called By]<UL><LI><a href="#[dd]">&gt;&gt;</a>&nbsp;&nbsp;&nbsp;lwip_init
</UL>

<P><STRONG><a name="[f2]"></a>memp_malloc</STRONG> (Thumb, 78 bytes, Stack size 16 bytes, lwiplib.o(i.memp_malloc))
<BR><BR>[Stack]<UL><LI>Max Depth = 16<LI>Call Chain = memp_malloc
</UL>
<BR>[Calls]<UL><LI><a href="#[ee]">&gt;&gt;</a>&nbsp;&nbsp;&nbsp;sys_arch_unprotect
<LI><a href="#[ed]">&gt;&gt;</a>&nbsp;&nbsp;&nbsp;sys_arch_protect
</UL>
<BR>[Called By]<UL><LI><a href="#[c4]">&gt;&gt;</a>&nbsp;&nbsp;&nbsp;tcp_listen_with_backlog
<LI><a href="#[35]">&gt;&gt;</a>&nbsp;&nbsp;&nbsp;udp_new
<LI><a href="#[2f]">&gt;&gt;</a>&nbsp;&nbsp;&nbsp;pbuf_alloc
<LI><a href="#[119]">&gt;&gt;</a>&nbsp;&nbsp;&nbsp;tcp_seg_copy
<LI><a href="#[fd]">&gt;&gt;</a>&nbsp;&nbsp;&nbsp;tcp_alloc
<LI><a href="#[3f]">&gt;&gt;</a>&nbsp;&nbsp;&nbsp;sys_timeout
<LI><a href="#[104]">&gt;&gt;</a>&nbsp;&nbsp;&nbsp;tcp_create_segment
</UL>

<P><STRONG><a name="[de]"></a>netif_add</STRONG> (Thumb, 70 bytes, Stack size 24 bytes, lwiplib.o(i.netif_add))
<BR><BR>[Stack]<UL><LI>Max Depth = 256<LI>Call Chain = netif_add &rArr; netif_set_addr &rArr; netif_set_ipaddr &rArr; tcp_abort &rArr; tcp_abandon &rArr; tcp_pcb_remove &rArr; tcp_output &rArr; tcp_send_empty_ack &rArr; ip_output &rArr; ip_output_if &rArr; pbuf_header
</UL>
<BR>[Calls]<UL><LI><a href="#[dc]">&gt;&gt;</a>&nbsp;&nbsp;&nbsp;netif_set_addr
</UL>
<BR>[Called By]<UL><LI><a href="#[da]">&gt;&gt;</a>&nbsp;&nbsp;&nbsp;lwIPPrivateInit
</UL>

<P><STRONG><a name="[dc]"></a>netif_set_addr</STRONG> (Thumb, 32 bytes, Stack size 16 bytes, lwiplib.o(i.netif_set_addr))
<BR><BR>[Stack]<UL><LI>Max Depth = 232<LI>Call Chain = netif_set_addr &rArr; netif_set_ipaddr &rArr; tcp_abort &rArr; tcp_abandon &rArr; tcp_pcb_remove &rArr; tcp_output &rArr; tcp_send_empty_ack &rArr; ip_output &rArr; ip_output_if &rArr; pbuf_header
</UL>
<BR>[Calls]<UL><LI><a href="#[4d]">&gt;&gt;</a>&nbsp;&nbsp;&nbsp;netif_set_netmask
<LI><a href="#[4c]">&gt;&gt;</a>&nbsp;&nbsp;&nbsp;netif_set_ipaddr
<LI><a href="#[4e]">&gt;&gt;</a>&nbsp;&nbsp;&nbsp;netif_set_gw
</UL>
<BR>[Called By]<UL><LI><a href="#[de]">&gt;&gt;</a>&nbsp;&nbsp;&nbsp;netif_add
<LI><a href="#[db]">&gt;&gt;</a>&nbsp;&nbsp;&nbsp;lwIPLinkDetect
</UL>

<P><STRONG><a name="[46]"></a>netif_set_down</STRONG> (Thumb, 26 bytes, Stack size 0 bytes, lwiplib.o(i.netif_set_down))
<BR><BR>[Stack]<UL><LI>Max Depth = 68<LI>Call Chain = netif_set_down &rArr; etharp_cleanup_netif &rArr; etharp_free_entry &rArr; pbuf_free &rArr; mem_free &rArr; plug_holes
</UL>
<BR>[Calls]<UL><LI><a href="#[8e]">&gt;&gt;</a>&nbsp;&nbsp;&nbsp;etharp_cleanup_netif
</UL>
<BR>[Called By]<UL><LI><a href="#[76]">&gt;&gt;</a>&nbsp;&nbsp;&nbsp;dhcp_release
<LI><a href="#[6f]">&gt;&gt;</a>&nbsp;&nbsp;&nbsp;dhcp_network_changed
<LI><a href="#[4a]">&gt;&gt;</a>&nbsp;&nbsp;&nbsp;autoip_stop
<LI><a href="#[48]">&gt;&gt;</a>&nbsp;&nbsp;&nbsp;autoip_start
<LI><a href="#[45]">&gt;&gt;</a>&nbsp;&nbsp;&nbsp;autoip_network_changed
<LI><a href="#[a]">&gt;&gt;</a>&nbsp;&nbsp;&nbsp;dhcp_recv
</UL>

<P><STRONG><a name="[4e]"></a>netif_set_gw</STRONG> (Thumb, 8 bytes, Stack size 0 bytes, lwiplib.o(i.netif_set_gw))
<BR><BR>[Called By]<UL><LI><a href="#[dc]">&gt;&gt;</a>&nbsp;&nbsp;&nbsp;netif_set_addr
<LI><a href="#[76]">&gt;&gt;</a>&nbsp;&nbsp;&nbsp;dhcp_release
<LI><a href="#[4b]">&gt;&gt;</a>&nbsp;&nbsp;&nbsp;autoip_tmr
<LI><a href="#[a]">&gt;&gt;</a>&nbsp;&nbsp;&nbsp;dhcp_recv
<LI><a href="#[5c]">&gt;&gt;</a>&nbsp;&nbsp;&nbsp;dhcp_bind
</UL>

<P><STRONG><a name="[4c]"></a>netif_set_ipaddr</STRONG> (Thumb, 112 bytes, Stack size 24 bytes, lwiplib.o(i.netif_set_ipaddr))
<BR><BR>[Stack]<UL><LI>Max Depth = 216<LI>Call Chain = netif_set_ipaddr &rArr; tcp_abort &rArr; tcp_abandon &rArr; tcp_pcb_remove &rArr; tcp_output &rArr; tcp_send_empty_ack &rArr; ip_output &rArr; ip_output_if &rArr; pbuf_header
</UL>
<BR>[Calls]<UL><LI><a href="#[f3]">&gt;&gt;</a>&nbsp;&nbsp;&nbsp;tcp_abort
</UL>
<BR>[Called By]<UL><LI><a href="#[dc]">&gt;&gt;</a>&nbsp;&nbsp;&nbsp;netif_set_addr
<LI><a href="#[76]">&gt;&gt;</a>&nbsp;&nbsp;&nbsp;dhcp_release
<LI><a href="#[4b]">&gt;&gt;</a>&nbsp;&nbsp;&nbsp;autoip_tmr
<LI><a href="#[a]">&gt;&gt;</a>&nbsp;&nbsp;&nbsp;dhcp_recv
<LI><a href="#[5c]">&gt;&gt;</a>&nbsp;&nbsp;&nbsp;dhcp_bind
</UL>

<P><STRONG><a name="[129]"></a>netif_set_link_down</STRONG> (Thumb, 18 bytes, Stack size 0 bytes, lwiplib.o(i.netif_set_link_down))
<BR><BR>[Called By]<UL><LI><a href="#[126]">&gt;&gt;</a>&nbsp;&nbsp;&nbsp;tivaif_process_phy_interrupt
</UL>

<P><STRONG><a name="[f4]"></a>netif_set_link_up</STRONG> (Thumb, 66 bytes, Stack size 8 bytes, lwiplib.o(i.netif_set_link_up))
<BR><BR>[Stack]<UL><LI>Max Depth = 156<LI>Call Chain = netif_set_link_up &rArr; dhcp_network_changed &rArr; dhcp_reboot &rArr; udp_sendto_if &rArr; pbuf_alloc &rArr; pbuf_free &rArr; mem_free &rArr; plug_holes
</UL>
<BR>[Calls]<UL><LI><a href="#[95]">&gt;&gt;</a>&nbsp;&nbsp;&nbsp;etharp_request
<LI><a href="#[6f]">&gt;&gt;</a>&nbsp;&nbsp;&nbsp;dhcp_network_changed
<LI><a href="#[45]">&gt;&gt;</a>&nbsp;&nbsp;&nbsp;autoip_network_changed
</UL>
<BR>[Called By]<UL><LI><a href="#[126]">&gt;&gt;</a>&nbsp;&nbsp;&nbsp;tivaif_process_phy_interrupt
</UL>

<P><STRONG><a name="[4d]"></a>netif_set_netmask</STRONG> (Thumb, 8 bytes, Stack size 0 bytes, lwiplib.o(i.netif_set_netmask))
<BR><BR>[Called By]<UL><LI><a href="#[dc]">&gt;&gt;</a>&nbsp;&nbsp;&nbsp;netif_set_addr
<LI><a href="#[76]">&gt;&gt;</a>&nbsp;&nbsp;&nbsp;dhcp_release
<LI><a href="#[4b]">&gt;&gt;</a>&nbsp;&nbsp;&nbsp;autoip_tmr
<LI><a href="#[a]">&gt;&gt;</a>&nbsp;&nbsp;&nbsp;dhcp_recv
<LI><a href="#[5c]">&gt;&gt;</a>&nbsp;&nbsp;&nbsp;dhcp_bind
</UL>

<P><STRONG><a name="[4f]"></a>netif_set_up</STRONG> (Thumb, 32 bytes, Stack size 0 bytes, lwiplib.o(i.netif_set_up))
<BR><BR>[Stack]<UL><LI>Max Depth = 132<LI>Call Chain = netif_set_up &rArr; etharp_request &rArr; etharp_raw &rArr; pbuf_alloc &rArr; pbuf_free &rArr; mem_free &rArr; plug_holes
</UL>
<BR>[Calls]<UL><LI><a href="#[95]">&gt;&gt;</a>&nbsp;&nbsp;&nbsp;etharp_request
</UL>
<BR>[Called By]<UL><LI><a href="#[4b]">&gt;&gt;</a>&nbsp;&nbsp;&nbsp;autoip_tmr
<LI><a href="#[da]">&gt;&gt;</a>&nbsp;&nbsp;&nbsp;lwIPPrivateInit
<LI><a href="#[5c]">&gt;&gt;</a>&nbsp;&nbsp;&nbsp;dhcp_bind
</UL>

<P><STRONG><a name="[2f]"></a>pbuf_alloc</STRONG> (Thumb, 284 bytes, Stack size 32 bytes, lwiplib.o(i.pbuf_alloc))
<BR><BR>[Stack]<UL><LI>Max Depth = 68<LI>Call Chain = pbuf_alloc &rArr; pbuf_free &rArr; mem_free &rArr; plug_holes
</UL>
<BR>[Calls]<UL><LI><a href="#[38]">&gt;&gt;</a>&nbsp;&nbsp;&nbsp;pbuf_free
<LI><a href="#[49]">&gt;&gt;</a>&nbsp;&nbsp;&nbsp;mem_malloc
<LI><a href="#[f2]">&gt;&gt;</a>&nbsp;&nbsp;&nbsp;memp_malloc
<LI><a href="#[f5]">&gt;&gt;</a>&nbsp;&nbsp;&nbsp;pbuf_pool_is_empty
</UL>
<BR>[Called By]<UL><LI><a href="#[c0]">&gt;&gt;</a>&nbsp;&nbsp;&nbsp;tcp_write
<LI><a href="#[7]">&gt;&gt;</a>&nbsp;&nbsp;&nbsp;LocatorReceive
<LI><a href="#[69]">&gt;&gt;</a>&nbsp;&nbsp;&nbsp;udp_sendto_if
<LI><a href="#[fc]">&gt;&gt;</a>&nbsp;&nbsp;&nbsp;tcp_rst
<LI><a href="#[107]">&gt;&gt;</a>&nbsp;&nbsp;&nbsp;tcp_enqueue_flags
<LI><a href="#[c8]">&gt;&gt;</a>&nbsp;&nbsp;&nbsp;icmp_input
<LI><a href="#[41]">&gt;&gt;</a>&nbsp;&nbsp;&nbsp;etharp_raw
<LI><a href="#[5f]">&gt;&gt;</a>&nbsp;&nbsp;&nbsp;etharp_query
<LI><a href="#[2e]">&gt;&gt;</a>&nbsp;&nbsp;&nbsp;InitDMADescriptors
<LI><a href="#[18]">&gt;&gt;</a>&nbsp;&nbsp;&nbsp;tivaif_transmit
<LI><a href="#[128]">&gt;&gt;</a>&nbsp;&nbsp;&nbsp;tivaif_receive
<LI><a href="#[114]">&gt;&gt;</a>&nbsp;&nbsp;&nbsp;tcp_pbuf_prealloc
<LI><a href="#[10f]">&gt;&gt;</a>&nbsp;&nbsp;&nbsp;tcp_output_alloc_header
<LI><a href="#[c7]">&gt;&gt;</a>&nbsp;&nbsp;&nbsp;icmp_send_response
<LI><a href="#[63]">&gt;&gt;</a>&nbsp;&nbsp;&nbsp;dhcp_create_msg
</UL>

<P><STRONG><a name="[f7]"></a>pbuf_cat</STRONG> (Thumb, 40 bytes, Stack size 8 bytes, lwiplib.o(i.pbuf_cat))
<BR><BR>[Stack]<UL><LI>Max Depth = 8<LI>Call Chain = pbuf_cat
</UL>
<BR>[Called By]<UL><LI><a href="#[c0]">&gt;&gt;</a>&nbsp;&nbsp;&nbsp;tcp_write
<LI><a href="#[f6]">&gt;&gt;</a>&nbsp;&nbsp;&nbsp;pbuf_chain
<LI><a href="#[128]">&gt;&gt;</a>&nbsp;&nbsp;&nbsp;tivaif_receive
<LI><a href="#[115]">&gt;&gt;</a>&nbsp;&nbsp;&nbsp;tcp_receive
</UL>

<P><STRONG><a name="[f6]"></a>pbuf_chain</STRONG> (Thumb, 18 bytes, Stack size 8 bytes, lwiplib.o(i.pbuf_chain))
<BR><BR>[Stack]<UL><LI>Max Depth = 16<LI>Call Chain = pbuf_chain &rArr; pbuf_ref
</UL>
<BR>[Calls]<UL><LI><a href="#[97]">&gt;&gt;</a>&nbsp;&nbsp;&nbsp;pbuf_ref
<LI><a href="#[f7]">&gt;&gt;</a>&nbsp;&nbsp;&nbsp;pbuf_cat
</UL>
<BR>[Called By]<UL><LI><a href="#[69]">&gt;&gt;</a>&nbsp;&nbsp;&nbsp;udp_sendto_if
</UL>

<P><STRONG><a name="[108]"></a>pbuf_clen</STRONG> (Thumb, 18 bytes, Stack size 0 bytes, lwiplib.o(i.pbuf_clen))
<BR><BR>[Called By]<UL><LI><a href="#[c0]">&gt;&gt;</a>&nbsp;&nbsp;&nbsp;tcp_write
<LI><a href="#[107]">&gt;&gt;</a>&nbsp;&nbsp;&nbsp;tcp_enqueue_flags
<LI><a href="#[18]">&gt;&gt;</a>&nbsp;&nbsp;&nbsp;tivaif_transmit
<LI><a href="#[115]">&gt;&gt;</a>&nbsp;&nbsp;&nbsp;tcp_receive
</UL>

<P><STRONG><a name="[96]"></a>pbuf_copy</STRONG> (Thumb, 154 bytes, Stack size 32 bytes, lwiplib.o(i.pbuf_copy))
<BR><BR>[Stack]<UL><LI>Max Depth = 32<LI>Call Chain = pbuf_copy
</UL>
<BR>[Calls]<UL><LI><a href="#[a6]">&gt;&gt;</a>&nbsp;&nbsp;&nbsp;__aeabi_memcpy
</UL>
<BR>[Called By]<UL><LI><a href="#[c8]">&gt;&gt;</a>&nbsp;&nbsp;&nbsp;icmp_input
<LI><a href="#[5f]">&gt;&gt;</a>&nbsp;&nbsp;&nbsp;etharp_query
<LI><a href="#[18]">&gt;&gt;</a>&nbsp;&nbsp;&nbsp;tivaif_transmit
</UL>

<P><STRONG><a name="[73]"></a>pbuf_copy_partial</STRONG> (Thumb, 104 bytes, Stack size 32 bytes, lwiplib.o(i.pbuf_copy_partial))
<BR><BR>[Stack]<UL><LI>Max Depth = 32<LI>Call Chain = pbuf_copy_partial
</UL>
<BR>[Calls]<UL><LI><a href="#[a6]">&gt;&gt;</a>&nbsp;&nbsp;&nbsp;__aeabi_memcpy
</UL>
<BR>[Called By]<UL><LI><a href="#[11c]">&gt;&gt;</a>&nbsp;&nbsp;&nbsp;tcp_zero_window_probe
<LI><a href="#[71]">&gt;&gt;</a>&nbsp;&nbsp;&nbsp;dhcp_parse_reply
</UL>

<P><STRONG><a name="[38]"></a>pbuf_free</STRONG> (Thumb, 82 bytes, Stack size 16 bytes, lwiplib.o(i.pbuf_free))
<BR><BR>[Stack]<UL><LI>Max Depth = 36<LI>Call Chain = pbuf_free &rArr; mem_free &rArr; plug_holes
</UL>
<BR>[Calls]<UL><LI><a href="#[a2]">&gt;&gt;</a>&nbsp;&nbsp;&nbsp;mem_free
<LI><a href="#[ee]">&gt;&gt;</a>&nbsp;&nbsp;&nbsp;sys_arch_unprotect
<LI><a href="#[ed]">&gt;&gt;</a>&nbsp;&nbsp;&nbsp;sys_arch_protect
<LI><a href="#[f1]">&gt;&gt;</a>&nbsp;&nbsp;&nbsp;memp_free
</UL>
<BR>[Called By]<UL><LI><a href="#[c0]">&gt;&gt;</a>&nbsp;&nbsp;&nbsp;tcp_write
<LI><a href="#[d]">&gt;&gt;</a>&nbsp;&nbsp;&nbsp;http_recv
<LI><a href="#[2f]">&gt;&gt;</a>&nbsp;&nbsp;&nbsp;pbuf_alloc
<LI><a href="#[7]">&gt;&gt;</a>&nbsp;&nbsp;&nbsp;LocatorReceive
<LI><a href="#[69]">&gt;&gt;</a>&nbsp;&nbsp;&nbsp;udp_sendto_if
<LI><a href="#[cf]">&gt;&gt;</a>&nbsp;&nbsp;&nbsp;udp_input
<LI><a href="#[11c]">&gt;&gt;</a>&nbsp;&nbsp;&nbsp;tcp_zero_window_probe
<LI><a href="#[112]">&gt;&gt;</a>&nbsp;&nbsp;&nbsp;tcp_send_empty_ack
<LI><a href="#[105]">&gt;&gt;</a>&nbsp;&nbsp;&nbsp;tcp_seg_free
<LI><a href="#[fc]">&gt;&gt;</a>&nbsp;&nbsp;&nbsp;tcp_rst
<LI><a href="#[14]">&gt;&gt;</a>&nbsp;&nbsp;&nbsp;tcp_recv_null
<LI><a href="#[102]">&gt;&gt;</a>&nbsp;&nbsp;&nbsp;tcp_pcb_purge
<LI><a href="#[10e]">&gt;&gt;</a>&nbsp;&nbsp;&nbsp;tcp_keepalive
<LI><a href="#[d0]">&gt;&gt;</a>&nbsp;&nbsp;&nbsp;tcp_input
<LI><a href="#[68]">&gt;&gt;</a>&nbsp;&nbsp;&nbsp;pbuf_realloc
<LI><a href="#[12]">&gt;&gt;</a>&nbsp;&nbsp;&nbsp;ip_input
<LI><a href="#[c8]">&gt;&gt;</a>&nbsp;&nbsp;&nbsp;icmp_input
<LI><a href="#[98]">&gt;&gt;</a>&nbsp;&nbsp;&nbsp;ethernet_input
<LI><a href="#[41]">&gt;&gt;</a>&nbsp;&nbsp;&nbsp;etharp_raw
<LI><a href="#[5f]">&gt;&gt;</a>&nbsp;&nbsp;&nbsp;etharp_query
<LI><a href="#[18]">&gt;&gt;</a>&nbsp;&nbsp;&nbsp;tivaif_transmit
<LI><a href="#[128]">&gt;&gt;</a>&nbsp;&nbsp;&nbsp;tivaif_receive
<LI><a href="#[127]">&gt;&gt;</a>&nbsp;&nbsp;&nbsp;tivaif_process_transmit
<LI><a href="#[104]">&gt;&gt;</a>&nbsp;&nbsp;&nbsp;tcp_create_segment
<LI><a href="#[c7]">&gt;&gt;</a>&nbsp;&nbsp;&nbsp;icmp_send_response
<LI><a href="#[8d]">&gt;&gt;</a>&nbsp;&nbsp;&nbsp;etharp_update_arp_entry
<LI><a href="#[8f]">&gt;&gt;</a>&nbsp;&nbsp;&nbsp;etharp_free_entry
<LI><a href="#[8c]">&gt;&gt;</a>&nbsp;&nbsp;&nbsp;etharp_arp_input
<LI><a href="#[a]">&gt;&gt;</a>&nbsp;&nbsp;&nbsp;dhcp_recv
<LI><a href="#[6a]">&gt;&gt;</a>&nbsp;&nbsp;&nbsp;dhcp_delete_msg
</UL>

<P><STRONG><a name="[91]"></a>pbuf_header</STRONG> (Thumb, 96 bytes, Stack size 8 bytes, lwiplib.o(i.pbuf_header))
<BR><BR>[Stack]<UL><LI>Max Depth = 8<LI>Call Chain = pbuf_header
</UL>
<BR>[Called By]<UL><LI><a href="#[69]">&gt;&gt;</a>&nbsp;&nbsp;&nbsp;udp_sendto_if
<LI><a href="#[cf]">&gt;&gt;</a>&nbsp;&nbsp;&nbsp;udp_input
<LI><a href="#[d0]">&gt;&gt;</a>&nbsp;&nbsp;&nbsp;tcp_input
<LI><a href="#[ca]">&gt;&gt;</a>&nbsp;&nbsp;&nbsp;ip_output_if
<LI><a href="#[c8]">&gt;&gt;</a>&nbsp;&nbsp;&nbsp;icmp_input
<LI><a href="#[98]">&gt;&gt;</a>&nbsp;&nbsp;&nbsp;ethernet_input
<LI><a href="#[17]">&gt;&gt;</a>&nbsp;&nbsp;&nbsp;etharp_output
<LI><a href="#[115]">&gt;&gt;</a>&nbsp;&nbsp;&nbsp;tcp_receive
<LI><a href="#[104]">&gt;&gt;</a>&nbsp;&nbsp;&nbsp;tcp_create_segment
</UL>

<P><STRONG><a name="[68]"></a>pbuf_realloc</STRONG> (Thumb, 78 bytes, Stack size 16 bytes, lwiplib.o(i.pbuf_realloc))
<BR><BR>[Stack]<UL><LI>Max Depth = 56<LI>Call Chain = pbuf_realloc &rArr; mem_trim
</UL>
<BR>[Calls]<UL><LI><a href="#[38]">&gt;&gt;</a>&nbsp;&nbsp;&nbsp;pbuf_free
<LI><a href="#[f0]">&gt;&gt;</a>&nbsp;&nbsp;&nbsp;mem_trim
</UL>
<BR>[Called By]<UL><LI><a href="#[12]">&gt;&gt;</a>&nbsp;&nbsp;&nbsp;ip_input
<LI><a href="#[62]">&gt;&gt;</a>&nbsp;&nbsp;&nbsp;dhcp_renew
<LI><a href="#[76]">&gt;&gt;</a>&nbsp;&nbsp;&nbsp;dhcp_release
<LI><a href="#[115]">&gt;&gt;</a>&nbsp;&nbsp;&nbsp;tcp_receive
<LI><a href="#[111]">&gt;&gt;</a>&nbsp;&nbsp;&nbsp;tcp_oos_insert_segment
<LI><a href="#[75]">&gt;&gt;</a>&nbsp;&nbsp;&nbsp;dhcp_select
<LI><a href="#[70]">&gt;&gt;</a>&nbsp;&nbsp;&nbsp;dhcp_reboot
<LI><a href="#[61]">&gt;&gt;</a>&nbsp;&nbsp;&nbsp;dhcp_rebind
<LI><a href="#[6b]">&gt;&gt;</a>&nbsp;&nbsp;&nbsp;dhcp_discover
<LI><a href="#[5b]">&gt;&gt;</a>&nbsp;&nbsp;&nbsp;dhcp_decline
</UL>

<P><STRONG><a name="[97]"></a>pbuf_ref</STRONG> (Thumb, 26 bytes, Stack size 8 bytes, lwiplib.o(i.pbuf_ref))
<BR><BR>[Stack]<UL><LI>Max Depth = 8<LI>Call Chain = pbuf_ref
</UL>
<BR>[Calls]<UL><LI><a href="#[ee]">&gt;&gt;</a>&nbsp;&nbsp;&nbsp;sys_arch_unprotect
<LI><a href="#[ed]">&gt;&gt;</a>&nbsp;&nbsp;&nbsp;sys_arch_protect
</UL>
<BR>[Called By]<UL><LI><a href="#[119]">&gt;&gt;</a>&nbsp;&nbsp;&nbsp;tcp_seg_copy
<LI><a href="#[f6]">&gt;&gt;</a>&nbsp;&nbsp;&nbsp;pbuf_chain
<LI><a href="#[5f]">&gt;&gt;</a>&nbsp;&nbsp;&nbsp;etharp_query
<LI><a href="#[18]">&gt;&gt;</a>&nbsp;&nbsp;&nbsp;tivaif_transmit
</UL>

<P><STRONG><a name="[57]"></a>put_fat</STRONG> (Thumb, 248 bytes, Stack size 32 bytes, ff.o(i.put_fat))
<BR><BR>[Stack]<UL><LI>Max Depth = 136<LI>Call Chain = put_fat &rArr; move_window &rArr; sync_window &rArr; disk_write &rArr; xmit_datablock &rArr; wait_ready &rArr; rcvr_spi
</UL>
<BR>[Calls]<UL><LI><a href="#[80]">&gt;&gt;</a>&nbsp;&nbsp;&nbsp;move_window
</UL>
<BR>[Called By]<UL><LI><a href="#[9e]">&gt;&gt;</a>&nbsp;&nbsp;&nbsp;remove_chain
<LI><a href="#[55]">&gt;&gt;</a>&nbsp;&nbsp;&nbsp;create_chain
</UL>

<P><STRONG><a name="[ce]"></a>raw_input</STRONG> (Thumb, 108 bytes, Stack size 32 bytes, lwiplib.o(i.raw_input))
<BR><BR>[Stack]<UL><LI>Max Depth = 32<LI>Call Chain = raw_input
</UL>
<BR>[Called By]<UL><LI><a href="#[12]">&gt;&gt;</a>&nbsp;&nbsp;&nbsp;ip_input
</UL>

<P><STRONG><a name="[ed]"></a>sys_arch_protect</STRONG> (Thumb, 10 bytes, Stack size 0 bytes, lwiplib.o(i.sys_arch_protect))
<BR><BR>[Called By]<UL><LI><a href="#[38]">&gt;&gt;</a>&nbsp;&nbsp;&nbsp;pbuf_free
<LI><a href="#[a2]">&gt;&gt;</a>&nbsp;&nbsp;&nbsp;mem_free
<LI><a href="#[97]">&gt;&gt;</a>&nbsp;&nbsp;&nbsp;pbuf_ref
<LI><a href="#[f2]">&gt;&gt;</a>&nbsp;&nbsp;&nbsp;memp_malloc
<LI><a href="#[f1]">&gt;&gt;</a>&nbsp;&nbsp;&nbsp;memp_free
<LI><a href="#[f0]">&gt;&gt;</a>&nbsp;&nbsp;&nbsp;mem_trim
<LI><a href="#[18]">&gt;&gt;</a>&nbsp;&nbsp;&nbsp;tivaif_transmit
<LI><a href="#[f5]">&gt;&gt;</a>&nbsp;&nbsp;&nbsp;pbuf_pool_is_empty
</UL>

<P><STRONG><a name="[ee]"></a>sys_arch_unprotect</STRONG> (Thumb, 16 bytes, Stack size 0 bytes, lwiplib.o(i.sys_arch_unprotect))
<BR><BR>[Called By]<UL><LI><a href="#[38]">&gt;&gt;</a>&nbsp;&nbsp;&nbsp;pbuf_free
<LI><a href="#[a2]">&gt;&gt;</a>&nbsp;&nbsp;&nbsp;mem_free
<LI><a href="#[97]">&gt;&gt;</a>&nbsp;&nbsp;&nbsp;pbuf_ref
<LI><a href="#[f2]">&gt;&gt;</a>&nbsp;&nbsp;&nbsp;memp_malloc
<LI><a href="#[f1]">&gt;&gt;</a>&nbsp;&nbsp;&nbsp;memp_free
<LI><a href="#[f0]">&gt;&gt;</a>&nbsp;&nbsp;&nbsp;mem_trim
<LI><a href="#[18]">&gt;&gt;</a>&nbsp;&nbsp;&nbsp;tivaif_transmit
<LI><a href="#[f5]">&gt;&gt;</a>&nbsp;&nbsp;&nbsp;pbuf_pool_is_empty
</UL>

<P><STRONG><a name="[3f]"></a>sys_timeout</STRONG> (Thumb, 88 bytes, Stack size 16 bytes, lwiplib.o(i.sys_timeout))
<BR><BR>[Stack]<UL><LI>Max Depth = 32<LI>Call Chain = sys_timeout &rArr; memp_malloc
</UL>
<BR>[Calls]<UL><LI><a href="#[f2]">&gt;&gt;</a>&nbsp;&nbsp;&nbsp;memp_malloc
</UL>
<BR>[Called By]<UL><LI><a href="#[100]">&gt;&gt;</a>&nbsp;&nbsp;&nbsp;tcp_timer_needed
[...]
<LI><a href="#[dd]">&gt;&gt;</a>&nbsp;&nbsp;&nbsp;lwip_init
</UL>
<BR>[Called By]<UL><LI><a href="#[d9]">&gt;&gt;</a>&nbsp;&nbsp;&nbsp;lwIPInit
</UL>

<P><STRONG><a name="[d4]"></a>lwIPServiceTimers</STRONG> (Thumb, 132 bytes, Stack size 8 bytes, lwiplib.o(i.lwIPServiceTimers))
<BR><BR>[Stack]<UL><LI>Max Depth = 280<LI>Call Chain = lwIPServiceTimers &rArr; dhcp_fine_tmr &rArr; dhcp_timeout &rArr; dhcp_bind &rArr; netif_set_ipaddr &rArr; tcp_abort &rArr; tcp_abandon &rArr; tcp_pcb_remove &rArr; tcp_output &rArr; tcp_send_empty_ack &rArr; ip_output &rArr; ip_output_if &rArr; pbuf_header
</UL>
<BR>[Calls]<UL><LI><a href="#[d5]">&gt;&gt;</a>&nbsp;&nbsp;&nbsp;lwIPHostTimerHandler
<LI><a href="#[df]">&gt;&gt;</a>&nbsp;&nbsp;&nbsp;tcp_tmr
<LI><a href="#[3e]">&gt;&gt;</a>&nbsp;&nbsp;&nbsp;etharp_tmr
<LI><a href="#[6d]">&gt;&gt;</a>&nbsp;&nbsp;&nbsp;dhcp_fine_tmr
<LI><a href="#[60]">&gt;&gt;</a>&nbsp;&nbsp;&nbsp;dhcp_coarse_tmr
<LI><a href="#[4b]">&gt;&gt;</a>&nbsp;&nbsp;&nbsp;autoip_tmr
<LI><a href="#[db]">&gt;&gt;</a>&nbsp;&nbsp;&nbsp;lwIPLinkDetect
</UL>
<BR>[Called By]<UL><LI><a href="#[5]">&gt;&gt;</a>&nbsp;&nbsp;&nbsp;lwIPEthernetIntHandler
</UL>

<P><STRONG><a name="[cd]"></a>lwip_standard_chksum</STRONG> (Thumb, 86 bytes, Stack size 12 bytes, lwiplib.o(i.lwip_standard_chksum))
<BR><BR>[Stack]<UL><LI>Max Depth = 12<LI>Call Chain = lwip_standard_chksum
</UL>
<BR>[Called By]<UL><LI><a href="#[c9]">&gt;&gt;</a>&nbsp;&nbsp;&nbsp;inet_chksum_pbuf
<LI><a href="#[cb]">&gt;&gt;</a>&nbsp;&nbsp;&nbsp;inet_chksum
</UL>

<P><STRONG><a name="[f5]"></a>pbuf_pool_is_empty</STRONG> (Thumb, 20 bytes, Stack size 8 bytes, lwiplib.o(i.pbuf_pool_is_empty))
<BR><BR>[Stack]<UL><LI>Max Depth = 8<LI>Call Chain = pbuf_pool_is_empty
</UL>
<BR>[Calls]<UL><LI><a href="#[ee]">&gt;&gt;</a>&nbsp;&nbsp;&nbsp;sys_arch_unprotect
<LI><a href="#[ed]">&gt;&gt;</a>&nbsp;&nbsp;&nbsp;sys_arch_protect
</UL>
<BR>[Called By]<UL><LI><a href="#[2f]">&gt;&gt;</a>&nbsp;&nbsp;&nbsp;pbuf_alloc
</UL>

<P><STRONG><a name="[ef]"></a>plug_holes</STRONG> (Thumb, 78 bytes, Stack size 12 bytes, lwiplib.o(i.plug_holes))
<BR><BR>[Stack]<UL><LI>Max Depth = 12<LI>Call Chain = plug_holes
</UL>
<BR>[Called By]<UL><LI><a href="#[a2]">&gt;&gt;</a>&nbsp;&nbsp;&nbsp;mem_free
</UL>

<P><STRONG><a name="[15]"></a>tcp_accept_null</STRONG> (Thumb, 6 bytes, Stack size 0 bytes, lwiplib.o(i.tcp_accept_null))
<BR>[Address Reference Count : 1]<UL><LI> lwiplib.o(i.tcp_listen_with_backlog)
</UL>
<P><STRONG><a name="[101]"></a>tcp_close_shutdown</STRONG> (Thumb, 288 bytes, Stack size 40 bytes, lwiplib.o(i.tcp_close_shutdown), UNUSED)
<BR><BR>[Calls]<UL><LI><a href="#[bb]">&gt;&gt;</a>&nbsp;&nbsp;&nbsp;tcp_output
<LI><a href="#[100]">&gt;&gt;</a>&nbsp;&nbsp;&nbsp;tcp_timer_needed
<LI><a href="#[103]">&gt;&gt;</a>&nbsp;&nbsp;&nbsp;tcp_send_fin
<LI><a href="#[fc]">&gt;&gt;</a>&nbsp;&nbsp;&nbsp;tcp_rst
<LI><a href="#[fa]">&gt;&gt;</a>&nbsp;&nbsp;&nbsp;tcp_pcb_remove
<LI><a href="#[102]">&gt;&gt;</a>&nbsp;&nbsp;&nbsp;tcp_pcb_purge
<LI><a href="#[f1]">&gt;&gt;</a>&nbsp;&nbsp;&nbsp;memp_free
</UL>

<P><STRONG><a name="[104]"></a>tcp_create_segment</STRONG> (Thumb, 152 bytes, Stack size 32 bytes, lwiplib.o(i.tcp_create_segment))
<BR><BR>[Stack]<UL><LI>Max Depth = 76<LI>Call Chain = tcp_create_segment &rArr; tcp_seg_free &rArr; pbuf_free &rArr; mem_free &rArr; plug_holes
</UL>
<BR>[Calls]<UL><LI><a href="#[38]">&gt;&gt;</a>&nbsp;&nbsp;&nbsp;pbuf_free
<LI><a href="#[105]">&gt;&gt;</a>&nbsp;&nbsp;&nbsp;tcp_seg_free
<LI><a href="#[91]">&gt;&gt;</a>&nbsp;&nbsp;&nbsp;pbuf_header
<LI><a href="#[f2]">&gt;&gt;</a>&nbsp;&nbsp;&nbsp;memp_malloc
</UL>
<BR>[Called By]<UL><LI><a href="#[c0]">&gt;&gt;</a>&nbsp;&nbsp;&nbsp;tcp_write
<LI><a href="#[107]">&gt;&gt;</a>&nbsp;&nbsp;&nbsp;tcp_enqueue_flags
</UL>

<P><STRONG><a name="[10c]"></a>tcp_listen_input</STRONG> (Thumb, 218 bytes, Stack size 24 bytes, lwiplib.o(i.tcp_listen_input))
<BR><BR>[Stack]<UL><LI>Max Depth = 240<LI>Call Chain = tcp_listen_input &rArr; tcp_alloc &rArr; tcp_abort &rArr; tcp_abandon &rArr; tcp_pcb_remove &rArr; tcp_output &rArr; tcp_send_empty_ack &rArr; ip_output &rArr; ip_output_if &rArr; pbuf_header
</UL>
<BR>[Calls]<UL><LI><a href="#[bb]">&gt;&gt;</a>&nbsp;&nbsp;&nbsp;tcp_output
<LI><a href="#[100]">&gt;&gt;</a>&nbsp;&nbsp;&nbsp;tcp_timer_needed
<LI><a href="#[fc]">&gt;&gt;</a>&nbsp;&nbsp;&nbsp;tcp_rst
<LI><a href="#[107]">&gt;&gt;</a>&nbsp;&nbsp;&nbsp;tcp_enqueue_flags
<LI><a href="#[106]">&gt;&gt;</a>&nbsp;&nbsp;&nbsp;tcp_eff_send_mss
<LI><a href="#[fd]">&gt;&gt;</a>&nbsp;&nbsp;&nbsp;tcp_alloc
<LI><a href="#[f9]">&gt;&gt;</a>&nbsp;&nbsp;&nbsp;tcp_abandon
<LI><a href="#[110]">&gt;&gt;</a>&nbsp;&nbsp;&nbsp;tcp_parseopt
</UL>
<BR>[Called By]<UL><LI><a href="#[d0]">&gt;&gt;</a>&nbsp;&nbsp;&nbsp;tcp_input
</UL>

<P><STRONG><a name="[ff]"></a>tcp_new_port</STRONG> (Thumb, 82 bytes, Stack size 20 bytes, lwiplib.o(i.tcp_new_port))
<BR><BR>[Stack]<UL><LI>Max Depth = 20<LI>Call Chain = tcp_new_port
</UL>
<BR>[Called By]<UL><LI><a href="#[c3]">&gt;&gt;</a>&nbsp;&nbsp;&nbsp;tcp_bind
</UL>

<P><STRONG><a name="[111]"></a>tcp_oos_insert_segment</STRONG> (Thumb, 106 bytes, Stack size 16 bytes, lwiplib.o(i.tcp_oos_insert_segment))
<BR><BR>[Stack]<UL><LI>Max Depth = 72<LI>Call Chain = tcp_oos_insert_segment &rArr; pbuf_realloc &rArr; mem_trim
</UL>
<BR>[Calls]<UL><LI><a href="#[fb]">&gt;&gt;</a>&nbsp;&nbsp;&nbsp;tcp_segs_free
<LI><a href="#[105]">&gt;&gt;</a>&nbsp;&nbsp;&nbsp;tcp_seg_free
<LI><a href="#[68]">&gt;&gt;</a>&nbsp;&nbsp;&nbsp;pbuf_realloc
</UL>
<BR>[Called By]<UL><LI><a href="#[115]">&gt;&gt;</a>&nbsp;&nbsp;&nbsp;tcp_receive
</UL>

<P><STRONG><a name="[10f]"></a>tcp_output_alloc_header</STRONG> (Thumb, 88 bytes, Stack size 16 bytes, lwiplib.o(i.tcp_output_alloc_header))
<BR><BR>[Stack]<UL><LI>Max Depth = 84<LI>Call Chain = tcp_output_alloc_header &rArr; pbuf_alloc &rArr; pbuf_free &rArr; mem_free &rArr; plug_holes
</UL>
<BR>[Calls]<UL><LI><a href="#[2f]">&gt;&gt;</a>&nbsp;&nbsp;&nbsp;pbuf_alloc
</UL>
<BR>[Called By]<UL><LI><a href="#[11c]">&gt;&gt;</a>&nbsp;&nbsp;&nbsp;tcp_zero_window_probe
<LI><a href="#[112]">&gt;&gt;</a>&nbsp;&nbsp;&nbsp;tcp_send_empty_ack
<LI><a href="#[10e]">&gt;&gt;</a>&nbsp;&nbsp;&nbsp;tcp_keepalive
</UL>

<P><STRONG><a name="[113]"></a>tcp_output_segment</STRONG> (Thumb, 172 bytes, Stack size 24 bytes, lwiplib.o(i.tcp_output_segment))
<BR><BR>[Stack]<UL><LI>Max Depth = 112<LI>Call Chain = tcp_output_segment &rArr; ip_output &rArr; ip_output_if &rArr; pbuf_header
</UL>
<BR>[Calls]<UL><LI><a href="#[106]">&gt;&gt;</a>&nbsp;&nbsp;&nbsp;tcp_eff_send_mss
<LI><a href="#[d1]">&gt;&gt;</a>&nbsp;&nbsp;&nbsp;ip_route
<LI><a href="#[cc]">&gt;&gt;</a>&nbsp;&nbsp;&nbsp;ip_output
</UL>
<BR>[Called By]<UL><LI><a href="#[bb]">&gt;&gt;</a>&nbsp;&nbsp;&nbsp;tcp_output
</UL>

<P><STRONG><a name="[110]"></a>tcp_parseopt</STRONG> (Thumb, 110 bytes, Stack size 16 bytes, lwiplib.o(i.tcp_parseopt))
<BR><BR>[Stack]<UL><LI>Max Depth = 16<LI>Call Chain = tcp_parseopt
</UL>
<BR>[Called By]<UL><LI><a href="#[10d]">&gt;&gt;</a>&nbsp;&nbsp;&nbsp;tcp_process
<LI><a href="#[10c]">&gt;&gt;</a>&nbsp;&nbsp;&nbsp;tcp_listen_input
</UL>

<P><STRONG><a name="[114]"></a>tcp_pbuf_prealloc</STRONG> (Thumb, 78 bytes, Stack size 24 bytes, lwiplib.o(i.tcp_pbuf_prealloc))
<BR><BR>[Stack]<UL><LI>Max Depth = 92<LI>Call Chain = tcp_pbuf_prealloc &rArr; pbuf_alloc &rArr; pbuf_free &rArr; mem_free &rArr; plug_holes
</UL>
<BR>[Calls]<UL><LI><a href="#[2f]">&gt;&gt;</a>&nbsp;&nbsp;&nbsp;pbuf_alloc
</UL>
<BR>[Called By]<UL><LI><a href="#[c0]">&gt;&gt;</a>&nbsp;&nbsp;&nbsp;tcp_write
</UL>

<P><STRONG><a name="[10d]"></a>tcp_process</STRONG> (Thumb, 784 bytes, Stack size 48 bytes, lwiplib.o(i.tcp_process))
<BR><BR>[Stack]<UL><LI>Max Depth = 240<LI>Call Chain = tcp_process &rArr; tcp_abort &rArr; tcp_abandon &rArr; tcp_pcb_remove &rArr; tcp_output &rArr; tcp_send_empty_ack &rArr; ip_output &rArr; ip_output_if &rArr; pbuf_header
</UL>
<BR>[Calls]<UL><LI><a href="#[100]">&gt;&gt;</a>&nbsp;&nbsp;&nbsp;tcp_timer_needed
<LI><a href="#[105]">&gt;&gt;</a>&nbsp;&nbsp;&nbsp;tcp_seg_free
<LI><a href="#[fc]">&gt;&gt;</a>&nbsp;&nbsp;&nbsp;tcp_rst
<LI><a href="#[116]">&gt;&gt;</a>&nbsp;&nbsp;&nbsp;tcp_rexmit
<LI><a href="#[102]">&gt;&gt;</a>&nbsp;&nbsp;&nbsp;tcp_pcb_purge
<LI><a href="#[106]">&gt;&gt;</a>&nbsp;&nbsp;&nbsp;tcp_eff_send_mss
<LI><a href="#[f3]">&gt;&gt;</a>&nbsp;&nbsp;&nbsp;tcp_abort
<LI><a href="#[115]">&gt;&gt;</a>&nbsp;&nbsp;&nbsp;tcp_receive
<LI><a href="#[110]">&gt;&gt;</a>&nbsp;&nbsp;&nbsp;tcp_parseopt
</UL>
<BR>[Called By]<UL><LI><a href="#[d0]">&gt;&gt;</a>&nbsp;&nbsp;&nbsp;tcp_input
</UL>

<P><STRONG><a name="[115]"></a>tcp_receive</STRONG> (Thumb, 1620 bytes, Stack size 32 bytes, lwiplib.o(i.tcp_receive))
<BR><BR>[Stack]<UL><LI>Max Depth = 144<LI>Call Chain = tcp_receive &rArr; tcp_send_empty_ack &rArr; ip_output &rArr; ip_output_if &rArr; pbuf_header
</UL>
<BR>[Calls]<UL><LI><a href="#[118]">&gt;&gt;</a>&nbsp;&nbsp;&nbsp;tcp_update_rcv_ann_wnd
<LI><a href="#[112]">&gt;&gt;</a>&nbsp;&nbsp;&nbsp;tcp_send_empty_ack
<LI><a href="#[105]">&gt;&gt;</a>&nbsp;&nbsp;&nbsp;tcp_seg_free
<LI><a href="#[119]">&gt;&gt;</a>&nbsp;&nbsp;&nbsp;tcp_seg_copy
<LI><a href="#[117]">&gt;&gt;</a>&nbsp;&nbsp;&nbsp;tcp_rexmit_fast
<LI><a href="#[68]">&gt;&gt;</a>&nbsp;&nbsp;&nbsp;pbuf_realloc
<LI><a href="#[91]">&gt;&gt;</a>&nbsp;&nbsp;&nbsp;pbuf_header
<LI><a href="#[108]">&gt;&gt;</a>&nbsp;&nbsp;&nbsp;pbuf_clen
<LI><a href="#[f7]">&gt;&gt;</a>&nbsp;&nbsp;&nbsp;pbuf_cat
<LI><a href="#[111]">&gt;&gt;</a>&nbsp;&nbsp;&nbsp;tcp_oos_insert_segment
</UL>
<BR>[Called By]<UL><LI><a href="#[10d]">&gt;&gt;</a>&nbsp;&nbsp;&nbsp;tcp_process
</UL>

<P><STRONG><a name="[10b]"></a>tcp_timewait_input</STRONG> (Thumb, 92 bytes, Stack size 24 bytes, lwiplib.o(i.tcp_timewait_input))
<BR><BR>[Stack]<UL><LI>Max Depth = 160<LI>Call Chain = tcp_timewait_input &rArr; tcp_output &rArr; tcp_send_empty_ack &rArr; ip_output &rArr; ip_output_if &rArr; pbuf_header
</UL>
<BR>[Calls]<UL><LI><a href="#[bb]">&gt;&gt;</a>&nbsp;&nbsp;&nbsp;tcp_output
<LI><a href="#[fc]">&gt;&gt;</a>&nbsp;&nbsp;&nbsp;tcp_rst
</UL>
<BR>[Called By]<UL><LI><a href="#[d0]">&gt;&gt;</a>&nbsp;&nbsp;&nbsp;tcp_input
</UL>

<P><STRONG><a name="[16]"></a>tcpip_tcp_timer</STRONG> (Thumb, 40 bytes, Stack size 8 bytes, lwiplib.o(i.tcpip_tcp_timer))
<BR><BR>[Stack]<UL><LI>Max Depth = 216<LI>Call Chain = tcpip_tcp_timer &rArr; tcp_tmr &rArr; tcp_fasttmr &rArr; tcp_process_refused_data &rArr; tcp_recv_null &rArr; tcp_recved &rArr; tcp_output &rArr; tcp_send_empty_ack &rArr; ip_output &rArr; ip_output_if &rArr; pbuf_header
</UL>
<BR>[Calls]<UL><LI><a href="#[df]">&gt;&gt;</a>&nbsp;&nbsp;&nbsp;tcp_tmr
<LI><a href="#[3f]">&gt;&gt;</a>&nbsp;&nbsp;&nbsp;sys_timeout
</UL>
<BR>[Address Reference Count : 2]<UL><LI> lwiplib.o(i.tcp_timer_needed)
<LI> lwiplib.o(i.tcpip_tcp_timer)
</UL>
<P><STRONG><a name="[11d]"></a>tivaif_hwinit</STRONG> (Thumb, 180 bytes, Stack size 16 bytes, lwiplib.o(i.tivaif_hwinit))
<BR><BR>[Stack]<UL><LI>Max Depth = 116<LI>Call Chain = tivaif_hwinit &rArr; InitDMADescriptors &rArr; pbuf_alloc &rArr; pbuf_free &rArr; mem_free &rArr; plug_holes
</UL>
<BR>[Calls]<UL><LI><a href="#[2e]">&gt;&gt;</a>&nbsp;&nbsp;&nbsp;InitDMADescriptors
<LI><a href="#[32]">&gt;&gt;</a>&nbsp;&nbsp;&nbsp;IntMasterEnable
<LI><a href="#[125]">&gt;&gt;</a>&nbsp;&nbsp;&nbsp;IntEnable
<LI><a href="#[122]">&gt;&gt;</a>&nbsp;&nbsp;&nbsp;EMACTxEnable
<LI><a href="#[123]">&gt;&gt;</a>&nbsp;&nbsp;&nbsp;EMACRxEnable
<LI><a href="#[29]">&gt;&gt;</a>&nbsp;&nbsp;&nbsp;EMACPHYWrite
<LI><a href="#[28]">&gt;&gt;</a>&nbsp;&nbsp;&nbsp;EMACPHYRead
<LI><a href="#[120]">&gt;&gt;</a>&nbsp;&nbsp;&nbsp;EMACIntStatus
<LI><a href="#[124]">&gt;&gt;</a>&nbsp;&nbsp;&nbsp;EMACIntEnable
<LI><a href="#[121]">&gt;&gt;</a>&nbsp;&nbsp;&nbsp;EMACIntClear
<LI><a href="#[11f]">&gt;&gt;</a>&nbsp;&nbsp;&nbsp;EMACFrameFilterSet
<LI><a href="#[11e]">&gt;&gt;</a>&nbsp;&nbsp;&nbsp;EMACAddrGet
</UL>
<BR>[Called By]<UL><LI><a href="#[13]">&gt;&gt;</a>&nbsp;&nbsp;&nbsp;tivaif_init
</UL>

<P><STRONG><a name="[127]"></a>tivaif_process_transmit</STRONG> (Thumb, 88 bytes, Stack size 24 bytes, lwiplib.o(i.tivaif_process_transmit))
<BR><BR>[Stack]<UL><LI>Max Depth = 60<LI>Call Chain = tivaif_process_transmit &rArr; pbuf_free &rArr; mem_free &rArr; plug_holes
</UL>
<BR>[Calls]<UL><LI><a href="#[38]">&gt;&gt;</a>&nbsp;&nbsp;&nbsp;pbuf_free
</UL>
<BR>[Called By]<UL><LI><a href="#[d3]">&gt;&gt;</a>&nbsp;&nbsp;&nbsp;tivaif_interrupt
</UL>

<P><STRONG><a name="[128]"></a>tivaif_receive</STRONG> (Thumb, 382 bytes, Stack size 40 bytes, lwiplib.o(i.tivaif_receive))
<BR><BR>[Stack]<UL><LI>Max Depth = 392<LI>Call Chain = tivaif_receive &rArr; ethernet_input &rArr; ip_input &rArr; tcp_input &rArr; tcp_process &rArr; tcp_abort &rArr; tcp_abandon &rArr; tcp_pcb_remove &rArr; tcp_output &rArr; tcp_send_empty_ack &rArr; ip_output &rArr; ip_output_if &rArr; pbuf_header
</UL>
<BR>[Calls]<UL><LI><a href="#[38]">&gt;&gt;</a>&nbsp;&nbsp;&nbsp;pbuf_free
<LI><a href="#[2f]">&gt;&gt;</a>&nbsp;&nbsp;&nbsp;pbuf_alloc
<LI><a href="#[f7]">&gt;&gt;</a>&nbsp;&nbsp;&nbsp;pbuf_cat
<LI><a href="#[98]">&gt;&gt;</a>&nbsp;&nbsp;&nbsp;ethernet_input
</UL>
<BR>[Called By]<UL><LI><a href="#[d3]">&gt;&gt;</a>&nbsp;&nbsp;&nbsp;tivaif_interrupt
</UL>

<P><STRONG><a name="[18]"></a>tivaif_transmit</STRONG> (Thumb, 314 bytes, Stack size 32 bytes, lwiplib.o(i.tivaif_transmit))
<BR><BR>[Stack]<UL><LI>Max Depth = 100<LI>Call Chain = tivaif_transmit &rArr; pbuf_alloc &rArr; pbuf_free &rArr; mem_free &rArr; plug_holes
</UL>
<BR>[Calls]<UL><LI><a href="#[38]">&gt;&gt;</a>&nbsp;&nbsp;&nbsp;pbuf_free
<LI><a href="#[2f]">&gt;&gt;</a>&nbsp;&nbsp;&nbsp;pbuf_alloc
<LI><a href="#[ee]">&gt;&gt;</a>&nbsp;&nbsp;&nbsp;sys_arch_unprotect
<LI><a href="#[ed]">&gt;&gt;</a>&nbsp;&nbsp;&nbsp;sys_arch_protect
<LI><a href="#[97]">&gt;&gt;</a>&nbsp;&nbsp;&nbsp;pbuf_ref
<LI><a href="#[96]">&gt;&gt;</a>&nbsp;&nbsp;&nbsp;pbuf_copy
<LI><a href="#[108]">&gt;&gt;</a>&nbsp;&nbsp;&nbsp;pbuf_clen
<LI><a href="#[12c]">&gt;&gt;</a>&nbsp;&nbsp;&nbsp;EMACTxDMAPollDemand
</UL>
<BR>[Address Reference Count : 1]<UL><LI> lwiplib.o(i.tivaif_init)
</UL>
<P><STRONG><a name="[87]"></a>DESELECT</STRONG> (Thumb, 16 bytes, Stack size 0 bytes, mmc-ek-tm4c1294xl.o(i.DESELECT))
<BR><BR>[Called By]<UL><LI><a href="#[8a]">&gt;&gt;</a>&nbsp;&nbsp;&nbsp;disk_write
<LI><a href="#[51]">&gt;&gt;</a>&nbsp;&nbsp;&nbsp;disk_read
<LI><a href="#[54]">&gt;&gt;</a>&nbsp;&nbsp;&nbsp;disk_initialize
<LI><a href="#[83]">&gt;&gt;</a>&nbsp;&nbsp;&nbsp;send_initial_clock_train
</UL>

<P><STRONG><a name="[84]"></a>SELECT</STRONG> (Thumb, 16 bytes, Stack size 0 bytes, mmc-ek-tm4c1294xl.o(i.SELECT))
<BR><BR>[Called By]<UL><LI><a href="#[8a]">&gt;&gt;</a>&nbsp;&nbsp;&nbsp;disk_write
<LI><a href="#[51]">&gt;&gt;</a>&nbsp;&nbsp;&nbsp;disk_read
<LI><a href="#[54]">&gt;&gt;</a>&nbsp;&nbsp;&nbsp;disk_initialize
</UL>

<P><STRONG><a name="[82]"></a>power_on</STRONG> (Thumb, 186 bytes, Stack size 32 bytes, mmc-ek-tm4c1294xl.o(i.power_on))
<BR><BR>[Stack]<UL><LI>Max Depth = 60<LI>Call Chain = power_on &rArr; GPIOPadConfigSet
</UL>
<BR>[Calls]<UL><LI><a href="#[2c]">&gt;&gt;</a>&nbsp;&nbsp;&nbsp;GPIOPadConfigSet
<LI><a href="#[83]">&gt;&gt;</a>&nbsp;&nbsp;&nbsp;send_initial_clock_train
</UL>
<BR>[Called By]<UL><LI><a href="#[54]">&gt;&gt;</a>&nbsp;&nbsp;&nbsp;disk_initialize
</UL>

<P><STRONG><a name="[88]"></a>rcvr_datablock</STRONG> (Thumb, 68 bytes, Stack size 16 bytes, mmc-ek-tm4c1294xl.o(i.rcvr_datablock))
<BR><BR>[Stack]<UL><LI>Max Depth = 32<LI>Call Chain = rcvr_datablock &rArr; rcvr_spi
</UL>
<BR>[Calls]<UL><LI><a href="#[86]">&gt;&gt;</a>&nbsp;&nbsp;&nbsp;rcvr_spi
</UL>
<BR>[Called By]<UL><LI><a href="#[51]">&gt;&gt;</a>&nbsp;&nbsp;&nbsp;disk_read
</UL>

<P><STRONG><a name="[86]"></a>rcvr_spi</STRONG> (Thumb, 34 bytes, Stack size 16 bytes, mmc-ek-tm4c1294xl.o(i.rcvr_spi))
<BR><BR>[Stack]<UL><LI>Max Depth = 16<LI>Call Chain = rcvr_spi
</UL>
<BR>[Called By]<UL><LI><a href="#[8a]">&gt;&gt;</a>&nbsp;&nbsp;&nbsp;disk_write
<LI><a href="#[51]">&gt;&gt;</a>&nbsp;&nbsp;&nbsp;disk_read
<LI><a href="#[54]">&gt;&gt;</a>&nbsp;&nbsp;&nbsp;disk_initialize
<LI><a href="#[8b]">&gt;&gt;</a>&nbsp;&nbsp;&nbsp;xmit_datablock
<LI><a href="#[f8]">&gt;&gt;</a>&nbsp;&nbsp;&nbsp;wait_ready
<LI><a href="#[85]">&gt;&gt;</a>&nbsp;&nbsp;&nbsp;send_cmd
<LI><a href="#[88]">&gt;&gt;</a>&nbsp;&nbsp;&nbsp;rcvr_datablock
</UL>

<P><STRONG><a name="[85]"></a>send_cmd</STRONG> (Thumb, 102 bytes, Stack size 16 bytes, mmc-ek-tm4c1294xl.o(i.send_cmd))
<BR><BR>[Stack]<UL><LI>Max Depth = 40<LI>Call Chain = send_cmd &rArr; wait_ready &rArr; rcvr_spi
</UL>
<BR>[Calls]<UL><LI><a href="#[89]">&gt;&gt;</a>&nbsp;&nbsp;&nbsp;xmit_spi
<LI><a href="#[f8]">&gt;&gt;</a>&nbsp;&nbsp;&nbsp;wait_ready
<LI><a href="#[86]">&gt;&gt;</a>&nbsp;&nbsp;&nbsp;rcvr_spi
</UL>
<BR>[Called By]<UL><LI><a href="#[8a]">&gt;&gt;</a>&nbsp;&nbsp;&nbsp;disk_write
<LI><a href="#[51]">&gt;&gt;</a>&nbsp;&nbsp;&nbsp;disk_read
<LI><a href="#[54]">&gt;&gt;</a>&nbsp;&nbsp;&nbsp;disk_initialize
</UL>

<P><STRONG><a name="[83]"></a>send_initial_clock_train</STRONG> (Thumb, 76 bytes, Stack size 24 bytes, mmc-ek-tm4c1294xl.o(i.send_initial_clock_train))
<BR><BR>[Stack]<UL><LI>Max Depth = 24<LI>Call Chain = send_initial_clock_train
</UL>
<BR>[Calls]<UL><LI><a href="#[87]">&gt;&gt;</a>&nbsp;&nbsp;&nbsp;DESELECT
</UL>
<BR>[Called By]<UL><LI><a href="#[54]">&gt;&gt;</a>&nbsp;&nbsp;&nbsp;disk_initialize
<LI><a href="#[82]">&gt;&gt;</a>&nbsp;&nbsp;&nbsp;power_on
</UL>

<P><STRONG><a name="[f8]"></a>wait_ready</STRONG> (Thumb, 28 bytes, Stack size 8 bytes, mmc-ek-tm4c1294xl.o(i.wait_ready))
<BR><BR>[Stack]<UL><LI>Max Depth = 24<LI>Call Chain = wait_ready &rArr; rcvr_spi
</UL>
<BR>[Calls]<UL><LI><a href="#[86]">&gt;&gt;</a>&nbsp;&nbsp;&nbsp;rcvr_spi
</UL>
<BR>[Called By]<UL><LI><a href="#[8b]">&gt;&gt;</a>&nbsp;&nbsp;&nbsp;xmit_datablock
<LI><a href="#[85]">&gt;&gt;</a>&nbsp;&nbsp;&nbsp;send_cmd
</UL>

<P><STRONG><a name="[8b]"></a>xmit_datablock</STRONG> (Thumb, 80 bytes, Stack size 16 bytes, mmc-ek-tm4c1294xl.o(i.xmit_datablock))
<BR><BR>[Stack]<UL><LI>Max Depth = 40<LI>Call Chain = xmit_datablock &rArr; wait_ready &rArr; rcvr_spi
</UL>
<BR>[Calls]<UL><LI><a href="#[89]">&gt;&gt;</a>&nbsp;&nbsp;&nbsp;xmit_spi
<LI><a href="#[f8]">&gt;&gt;</a>&nbsp;&nbsp;&nbsp;wait_ready
<LI><a href="#[86]">&gt;&gt;</a>&nbsp;&nbsp;&nbsp;rcvr_spi
</UL>
<BR>[Called By]<UL><LI><a href="#[8a]">&gt;&gt;</a>&nbsp;&nbsp;&nbsp;disk_write
</UL>

<P><STRONG><a name="[89]"></a>xmit_spi</STRONG> (Thumb, 30 bytes, Stack size 16 bytes, mmc-ek-tm4c1294xl.o(i.xmit_spi))
<BR><BR>[Stack]<UL><LI>Max Depth = 16<LI>Call Chain = xmit_spi
</UL>
<BR>[Called By]<UL><LI><a href="#[51]">&gt;&gt;</a>&nbsp;&nbsp;&nbsp;disk_read
<LI><a href="#[8b]">&gt;&gt;</a>&nbsp;&nbsp;&nbsp;xmit_datablock
<LI><a href="#[85]">&gt;&gt;</a>&nbsp;&nbsp;&nbsp;send_cmd
</UL>

<P><STRONG><a name="[1]"></a>NmiSR</STRONG> (Thumb, 0 bytes, Stack size unknown bytes, startup_rvmdk.o(RESET))
<BR><BR>[Calls]<UL><LI><a href="#[1]">&gt;&gt;</a>&nbsp;&nbsp;&nbsp;NmiSR
</UL>
<BR>[Called By]<UL><LI><a href="#[1]">&gt;&gt;</a>&nbsp;&nbsp;&nbsp;NmiSR
</UL>
<BR>[Address Reference Count : 1]<UL><LI> startup_rvmdk.o(RESET)
</UL>
<P><STRONG><a name="[2]"></a>FaultISR</STRONG> (Thumb, 0 bytes, Stack size unknown bytes, startup_rvmdk.o(RESET))
<BR><BR>[Calls]<UL><LI><a href="#[2]">&gt;&gt;</a>&nbsp;&nbsp;&nbsp;FaultISR
</UL>
<BR>[Called By]<UL><LI><a href="#[2]">&gt;&gt;</a>&nbsp;&nbsp;&nbsp;FaultISR
</UL>
<BR>[Address Reference Count : 1]<UL><LI> startup_rvmdk.o(RESET)
</UL>
<P><STRONG><a name="[3]"></a>IntDefaultHandler</STRONG> (Thumb, 0 bytes, Stack size unknown bytes, startup_rvmdk.o(RESET))
<BR><BR>[Calls]<UL><LI><a href="#[3]">&gt;&gt;</a>&nbsp;&nbsp;&nbsp;IntDefaultHandler
</UL>
<BR>[Called By]<UL><LI><a href="#[3]">&gt;&gt;</a>&nbsp;&nbsp;&nbsp;IntDefaultHandler
</UL>
<BR>[Address Reference Count : 1]<UL><LI> startup_rvmdk.o(RESET)
</UL><P>
<H3>
Undefined Global Symbols
</H3><HR></body></html>
