<html>
<body>
<pre>
<h1>µVision Build Log</h1>
<h2>Project:</h2>
C:\ti\TivaWare_C_Series-2.1.0.12573\tiva-c-master\boards\ek-tm4c1294xl\blinky\blinky.uvproj
Project File Date:  08/08/2014

<h2>Output:</h2>
Rebuild target 'blinky'
compiling blinky.c...
assembling startup_rvmdk.S...
linking...
Program Size: Code=728 RO-data=16 RW-data=0 ZI-data=256  
After Build - User command #1: fromelf --bin --output .\rvmdk\blinky.bin .\rvmdk\blinky.axf
".\rvmdk\blinky.axf" - 0 Error(s), 0 Warning(s).
Load "C:\\ti\\TivaWare_C_Series-2.1.0.12573\\tiva-c-master\\boards\\ek-tm4c1294xl\\blinky\\rvmdk\\blinky.axf" 
Connecting: Mode=JTAG, Speed=1000000Hz
Erase Done.
Programming Done.
Verify OK.
</pre>
</body>
</html>
