<html>
<body>
<pre>
<h1>µVision Build Log</h1>
<h2>Project:</h2>
C:\ti\TivaWare_C_Series-2.1.0.12573\examples\boards\my_projects\switch_counter_interrupt_debounce\switch_counter_interrupt.uvproj
Project File Date:  11/12/2014

<h2>Output:</h2>
Rebuild target 'Target 1'
assembling startup_rvmdk.S...
compiling switch_counter_interrupt.c...
linking...
Program Size: Code=1456 RO-data=32 RW-data=4 ZI-data=356  
".\switch_counter_interrupt.axf" - 0 Error(s), 0 Warning(s).
Load "C:\\ti\\TivaWare_C_Series-2.1.0.12573\\examples\\boards\\my_projects\\switch_counter_interrupt_debounce\\switch_counter_interrupt.axf" 
Connecting: Mode=JTAG, Speed=1000000Hz
Erase Done.
Programming Done.
Verify OK.
</pre>
</body>
</html>
s).
Load "C:\\ti\\TivaWare_C_Series-2.1.0.12573\\examples\\boards\\my_projects\\switch_counter_interrupt_debounce\\switch_counter_interrupt.axf" 
Connecting: Mode=JTAG, Speed=1000000Hz
Erase Done.
Programming Done.
Verify OK.
