<html>
<body>
<pre>
<h1>µVision Build Log</h1>
<h2>Project:</h2>
C:\ti\TivaWare_C_Series-2.1.0.12573\examples\boards\my_projects\toggle_timer_interrupt_TivaWare\toggle_timer_interrupt_TivaWare.uvproj
Project File Date:  12/14/2014

<h2>Output:</h2>
Rebuild target 'Target 1'
assembling startup_rvmdk.S...
compiling toggle_timer_interrupt_TivaWare.c...
linking...
Program Size: Code=2252 RO-data=828 RW-data=4 ZI-data=356  
".\toggle_timer_interrupt_TivaWare.axf" - 0 Error(s), 0 Warning(s).
Load "C:\\ti\\TivaWare_C_Series-2.1.0.12573\\examples\\boards\\my_projects\\toggle_timer_interrupt_TivaWare\\toggle_timer_interrupt_TivaWare.axf" 
Connecting: Mode=JTAG, Speed=1000000Hz
Erase Done.
Programming Done.
Verify OK.
</pre>
</body>
</html>
rget DLL has been cancelled
