<html>
<body>
<pre>
<h1>µVision Build Log</h1>
<h2>Project:</h2>
C:\ti\TivaWare_C_Series-2.1.0.12573\examples\boards\ek-tm4c1294xl\udma_demo\udma_demo.uvproj
Project File Date:  10/05/2014

<h2>Output:</h2>
Rebuild target 'udma_demo'
compiling cpu_usage.c...
assembling startup_rvmdk.S...
compiling uartstdio.c...
compiling udma_demo.c...
compiling ustdlib.c...
linking...
Program Size: Code=3496 RO-data=532 RW-data=116 ZI-data=12172  
After Build - User command #1: fromelf --bin --output .\rvmdk\udma_demo.bin .\rvmdk\udma_demo.axf
".\rvmdk\udma_demo.axf" - 0 Error(s), 0 Warning(s).
Load "C:\\ti\\TivaWare_C_Series-2.1.0.12573\\examples\\boards\\ek-tm4c1294xl\\udma_demo\\rvmdk\\udma_demo.axf" 
Connecting: Mode=JTAG, Speed=1000000Hz
Erase Done.
Programming Done.
Verify OK.
Load "C:\\ti\\TivaWare_C_Series-2.1.0.12573\\examples\\boards\\ek-tm4c1294xl\\udma_demo\\rvmdk\\udma_demo.axf" 
Connecting: Mode=JTAG, Speed=1000000Hz
Erase Done.
Programming Done.
Verify OK.
</pre>
</body>
</html>
