<html>
<body>
<pre>
<h1>µVision Build Log</h1>
<h2>Project:</h2>
C:\ti\TivaWare_C_Series-2.1.0.12573\examples\boards\ek-tm4c1294xl-boost-cc3000\cc3000_basic_wifi_application\cc3000_basic_wifi_application.uvproj
Project File Date:  11/24/2014

<h2>Output:</h2>
Rebuild target 'cc3000_basic_wifi_application'
compiling board.c...
..\..\..\..\cc3000\src\PWM_10-30.h(38): warning:  #14-D: extra text after expected end of preprocessing directive
  #ifndef __PWM_10-30_H__
..\..\..\..\cc3000\src\PWM_10-30.h(39): warning:  #2775-D: white space is required between the macro name "__PWM_10" and its replacement text
  #define __PWM_10-30_H__
..\..\..\..\cc3000\drivers\ek-tm4c129\board.c(437): warning:  #1-D: last line of file ends without a newline
  }
..\..\..\..\cc3000\drivers\ek-tm4c129\board.c: 3 warnings, 0 errors
compiling cc3000_basic_wifi_application.c...
..\..\..\..\cc3000\src\PWM_10-30.h(38): warning:  #14-D: extra text after expected end of preprocessing directive
  #ifndef __PWM_10-30_H__
..\..\..\..\cc3000\src\PWM_10-30.h(39): warning:  #2775-D: white space is required between the macro name "__PWM_10" and its replacement text
  #define __PWM_10-30_H__
..\..\..\..\inc/hw_ints.h(352): warning:  #47-D: incompatible redefinition of macro "INT_ADC0SS0" (declared at line 62 of "..\..\..\..\inc/tm4c1294ncpdt.h")
  #define INT_ADC0SS0             INT_CONCAT(INT_ADC0SS0_, INT_DEVICE_CLASS)
..\..\..\..\inc/hw_ints.h(353): warning:  #47-D: incompatible redefinition of macro "INT_ADC0SS1" (declared at line 63 of "..\..\..\..\inc/tm4c1294ncpdt.h")
  #define INT_ADC0SS1             INT_CONCAT(INT_ADC0SS1_, INT_DEVICE_CLASS)
..\..\..\..\inc/hw_ints.h(354): warning:  #47-D: incompatible redefinition of macro "INT_ADC0SS2" (declared at line 64 of "..\..\..\..\inc/tm4c1294ncpdt.h")
  #define INT_ADC0SS2             INT_CONCAT(INT_ADC0SS2_, INT_DEVICE_CLASS)
..\..\..\..\inc/hw_ints.h(355): warning:  #47-D: incompatible redefinition of macro "INT_ADC0SS3" (declared at line 65 of "..\..\..\..\inc/tm4c1294ncpdt.h")
  #define INT_ADC0SS3             INT_CONCAT(INT_ADC0SS3_, INT_DEVICE_CLASS)
..\..\..\..\inc/hw_ints.h(356): warning:  #47-D: incompatible redefinition of macro "INT_ADC1SS0" (declared at line 94 of "..\..\..\..\inc/tm4c1294ncpdt.h")
  #define INT_ADC1SS0             INT_CONCAT(INT_ADC1SS0_, INT_DEVICE_CLASS)
..\..\..\..\inc/hw_ints.h(357): warning:  #47-D: incompatible redefinition of macro "INT_ADC1SS1" (declared at line 95 of "..\..\..\..\inc/tm4c1294ncpdt.h")
  #define INT_ADC1SS1             INT_CONCAT(INT_ADC1SS1_, INT_DEVICE_CLASS)
..\..\..\..\inc/hw_ints.h(358): warning:  #47-D: incompatible redefinition of macro "INT_ADC1SS2" (declared at line 96 of "..\..\..\..\inc/tm4c1294ncpdt.h")
  #define INT_ADC1SS2             INT_CONCAT(INT_ADC1SS2_, INT_DEVICE_CLASS)
..\..\..\..\inc/hw_ints.h(359): warning:  #47-D: incompatible redefinition of macro "INT_ADC1SS3" (declared at line 97 of "..\..\..\..\inc/tm4c1294ncpdt.h")
  #define INT_ADC1SS3             INT_CONCAT(INT_ADC1SS3_, INT_DEVICE_CLASS)
..\..\..\..\inc/hw_ints.h(361): warning:  #47-D: incompatible redefinition of macro "INT_CAN0" (declared at line 86 of "..\..\..\..\inc/tm4c1294ncpdt.h")
  #define INT_CAN0                INT_CONCAT(INT_CAN0_, INT_DEVICE_CLASS)
..\..\..\..\inc/hw_ints.h(362): warning:  #47-D: incompatible redefinition of macro "INT_CAN1" (declared at line 87 of "..\..\..\..\inc/tm4c1294ncpdt.h")
  #define INT_CAN1                INT_CONCAT(INT_CAN1_, INT_DEVICE_CLASS)
..\..\..\..\inc/hw_ints.h(363): warning:  #47-D: incompatible redefinition of macro "INT_COMP0" (declared at line 73 of "..\..\..\..\inc/tm4c1294ncpdt.h")
  #define INT_COMP0               INT_CONCAT(INT_COMP0_, INT_DEVICE_CLASS)
..\..\..\..\inc/hw_ints.h(364): warning:  #47-D: incompatible redefinition of macro "INT_COMP1" (declared at line 74 of "..\..\..\..\inc/tm4c1294ncpdt.h")
  #define INT_COMP1               INT_CONCAT(INT_COMP1_, INT_DEVICE_CLASS)
..\..\..\..\inc/hw_ints.h(365): warning:  #47-D: incompatible redefinition of macro "INT_COMP2" (declared at line 75 of "..\..\..\..\inc/tm4c1294ncpdt.h")
  #define INT_COMP2               INT_CONCAT(INT_COMP2_, INT_DEVICE_CLASS)
..\..\..\..\inc/hw_ints.h(367): warning:  #47-D: incompatible redefinition of macro "INT_EMAC0" (declared at line 88 of "..\..\..\..\inc/tm4c1294ncpdt.h")
  #define INT_EMAC0               INT_CONCAT(INT_EMAC0_, INT_DEVICE_CLASS)
..\..\..\..\inc/hw_ints.h(368): warning:  #47-D: incompatible redefinition of macro "INT_EPI0" (declared at line 98 of "..\..\..\..\inc/tm4c1294ncpdt.h")
  #define INT_EPI0                INT_CONCAT(INT_EPI0_, INT_DEVICE_CLASS)
..\..\..\..\inc/hw_ints.h(369): warning:  #47-D: incompatible redefinition of macro "INT_FLASH" (declared at line 77 of "..\..\..\..\inc/tm4c1294ncpdt.h")
  #define INT_FLASH               INT_CONCAT(INT_FLASH_, INT_DEVICE_CLASS)
..\..\..\..\inc/hw_ints.h(370): warning:  #47-D: incompatible redefinition of macro "INT_GPIOA" (declared at line 48 of "..\..\..\..\inc/tm4c1294ncpdt.h")
  #define INT_GPIOA               INT_CONCAT(INT_GPIOA_, INT_DEVICE_CLASS)
..\..\..\..\inc/hw_ints.h(371): warning:  #47-D: incompatible redefinition of macro "INT_GPIOB" (declared at line 49 of "..\..\..\..\inc/tm4c1294ncpdt.h")
  #define INT_GPIOB               INT_CONCAT(INT_GPIOB_, INT_DEVICE_CLASS)
..\..\..\..\inc/hw_ints.h(372): warning:  #47-D: incompatible redefinition of macro "INT_GPIOC" (declared at line 50 of "..\..\..\..\inc/tm4c1294ncpdt.h")
  #define INT_GPIOC               INT_CONCAT(INT_GPIOC_, INT_DEVICE_CLASS)
..\..\..\..\inc/hw_ints.h(373): warning:  #47-D: incompatible redefinition of macro "INT_GPIOD" (declared at line 51 of "..\..\..\..\inc/tm4c1294ncpdt.h")
  #define INT_GPIOD               INT_CONCAT(INT_GPIOD_, INT_DEVICE_CLASS)
..\..\..\..\inc/hw_ints.h(374): warning:  #47-D: incompatible redefinition of macro "INT_GPIOE" (declared at line 52 of "..\..\..\..\inc/tm4c1294ncpdt.h")
  #define INT_GPIOE               INT_CONCAT(INT_GPIOE_, INT_DEVICE_CLASS)
..\..\..\..\inc/hw_ints.h(375): warning:  #47-D: incompatible redefinition of macro "INT_GPIOF" (declared at line 78 of "..\..\..\..\inc/tm4c1294ncpdt.h")
  #define INT_GPIOF               INT_CONCAT(INT_GPIOF_, INT_DEVICE_CLASS)
..\..\..\..\inc/hw_ints.h(376): warning:  #47-D: incompatible redefinition of macro "INT_GPIOG" (declared at line 79 of "..\..\..\..\inc/tm4c1294ncpdt.h")
  #define INT_GPIOG               INT_CONCAT(INT_GPIOG_, INT_DEVICE_CLASS)
..\..\..\..\inc/hw_ints.h(377): warning:  #47-D: incompatible redefinition of macro "INT_GPIOH" (declared at line 80 of "..\..\..\..\inc/tm4c1294ncpdt.h")
  #define INT_GPIOH               INT_CONCAT(INT_GPIOH_, INT_DEVICE_CLASS)
..\..\..\..\inc/hw_ints.h(378): warning:  #47-D: incompatible redefinition of macro "INT_GPIOJ" (declared at line 99 of "..\..\..\..\inc/tm4c1294ncpdt.h")
  #define INT_GPIOJ               INT_CONCAT(INT_GPIOJ_, INT_DEVICE_CLASS)
..\..\..\..\inc/hw_ints.h(379): warning:  #47-D: incompatible redefinition of macro "INT_GPIOK" (declared at line 100 of "..\..\..\..\inc/tm4c1294ncpdt.h")
  #define INT_GPIOK               INT_CONCAT(INT_GPIOK_, INT_DEVICE_CLASS)
..\..\..\..\inc/hw_ints.h(380): warning:  #47-D: incompatible redefinition of macro "INT_GPIOL" (declared at line 101 of "..\..\..\..\inc/tm4c1294ncpdt.h")
  #define INT_GPIOL               INT_CONCAT(INT_GPIOL_, INT_DEVICE_CLASS)
..\..\..\..\inc/hw_ints.h(381): warning:  #47-D: incompatible redefinition of macro "INT_GPIOM" (declared at line 119 of "..\..\..\..\inc/tm4c1294ncpdt.h")
  #define INT_GPIOM               INT_CONCAT(INT_GPIOM_, INT_DEVICE_CLASS)
..\..\..\..\inc/hw_ints.h(382): warning:  #47-D: incompatible redefinition of macro "INT_GPION" (declared at line 120 of "..\..\..\..\inc/tm4c1294ncpdt.h")
  #define INT_GPION               INT_CONCAT(INT_GPION_, INT_DEVICE_CLASS)
..\..\..\..\inc/hw_ints.h(383): warning:  #47-D: incompatible redefinition of macro "INT_GPIOP0" (declared at line 122 of "..\..\..\..\inc/tm4c1294ncpdt.h")
  #define INT_GPIOP0              INT_CONCAT(INT_GPIOP0_, INT_DEVICE_CLASS)
..\..\..\..\inc/hw_ints.h(384): warning:  #47-D: incompatible redefinition of macro "INT_GPIOP1" (declared at line 123 of "..\..\..\..\inc/tm4c1294ncpdt.h")
  #define INT_GPIOP1              INT_CONCAT(INT_GPIOP1_, INT_DEVICE_CLASS)
..\..\..\..\inc/hw_ints.h(385): warning:  #47-D: incompatible redefinition of macro "INT_GPIOP2" (declared at line 124 of "..\..\..\..\inc/tm4c1294ncpdt.h")
  #define INT_GPIOP2              INT_CONCAT(INT_GPIOP2_, INT_DEVICE_CLASS)
..\..\..\..\inc/hw_ints.h(386): warning:  #47-D: incompatible redefinition of macro "INT_GPIOP3" (declared at line 125 of "..\..\..\..\inc/tm4c1294ncpdt.h")
  #define INT_GPIOP3              INT_CONCAT(INT_GPIOP3_, INT_DEVICE_CLASS)
..\..\..\..\inc/hw_ints.h(387): warning:  #47-D: incompatible redefinition of macro "INT_GPIOP4" (declared at line 126 of "..\..\..\..\inc/tm4c1294ncpdt.h")
  #define INT_GPIOP4              INT_CONCAT(INT_GPIOP4_, INT_DEVICE_CLASS)
..\..\..\..\inc/hw_ints.h(388): warning:  #47-D: incompatible redefinition of macro "INT_GPIOP5" (declared at line 127 of "..\..\..\..\inc/tm4c1294ncpdt.h")
  #define INT_GPIOP5              INT_CONCAT(INT_GPIOP5_, INT_DEVICE_CLASS)
..\..\..\..\inc/hw_ints.h(389): warning:  #47-D: incompatible redefinition of macro "INT_GPIOP6" (declared at line 128 of "..\..\..\..\inc/tm4c1294ncpdt.h")
  #define INT_GPIOP6              INT_CONCAT(INT_GPIOP6_, INT_DEVICE_CLASS)
..\..\..\..\inc/hw_ints.h(390): warning:  #47-D: incompatible redefinition of macro "INT_GPIOP7" (declared at line 129 of "..\..\..\..\inc/tm4c1294ncpdt.h")
  #define INT_GPIOP7              INT_CONCAT(INT_GPIOP7_, INT_DEVICE_CLASS)
..\..\..\..\inc/hw_ints.h(391): warning:  #47-D: incompatible redefinition of macro "INT_GPIOQ0" (declared at line 130 of "..\..\..\..\inc/tm4c1294ncpdt.h")
  #define INT_GPIOQ0              INT_CONCAT(INT_GPIOQ0_, INT_DEVICE_CLASS)
..\..\..\..\inc/hw_ints.h(392): warning:  #47-D: incompatible redefinition of macro "INT_GPIOQ1" (declared at line 131 of "..\..\..\..\inc/tm4c1294ncpdt.h")
  #define INT_GPIOQ1              INT_CONCAT(INT_GPIOQ1_, INT_DEVICE_CLASS)
..\..\..\..\inc/hw_ints.h(393): warning:  #47-D: incompatible redefinition of macro "INT_GPIOQ2" (declared at line 132 of "..\..\..\..\inc/tm4c1294ncpdt.h")
  #define INT_GPIOQ2              INT_CONCAT(INT_GPIOQ2_, INT_DEVICE_CLASS)
..\..\..\..\inc/hw_ints.h(394): warning:  #47-D: incompatible redefinition of macro "INT_GPIOQ3" (declared at line 133 of "..\..\..\..\inc/tm4c1294ncpdt.h")
  #define INT_GPIOQ3              INT_CONCAT(INT_GPIOQ3_, INT_DEVICE_CLASS)
..\..\..\..\inc/hw_ints.h(395): warning:  #47-D: incompatible redefinition of macro "INT_GPIOQ4" (declared at line 134 of "..\..\..\..\inc/tm4c1294ncpdt.h")
  #define INT_GPIOQ4              INT_CONCAT(INT_GPIOQ4_, INT_DEVICE_CLASS)
..\..\..\..\inc/hw_ints.h(396): warning:  #47-D: incompatible redefinition of macro "INT_GPIOQ5" (declared at line 135 of "..\..\..\..\inc/tm4c1294ncpdt.h")
  #define INT_GPIOQ5              INT_CONCAT(INT_GPIOQ5_, INT_DEVICE_CLASS)
..\..\..\..\inc/hw_ints.h(397): warning:  #47-D: incompatible redefinition of macro "INT_GPIOQ6" (declared at line 136 of "..\..\..\..\inc/tm4c1294ncpdt.h")
  #define INT_GPIOQ6              INT_CONCAT(INT_GPIOQ6_, INT_DEVICE_CLASS)
..\..\..\..\inc/hw_ints.h(398): warning:  #47-D: incompatible redefinition of macro "INT_GPIOQ7" (declared at line 137 of "..\..\..\..\inc/tm4c1294ncpdt.h")
  #define INT_GPIOQ7              INT_CONCAT(INT_GPIOQ7_, INT_DEVICE_CLASS)
..\..\..\..\inc/hw_ints.h(402): warning:  #47-D: incompatible redefinition of macro "INT_HIBERNATE" (declared at line 89 of "..\..\..\..\inc/tm4c1294ncpdt.h")
  #define INT_HIBERNATE           INT_CONCAT(INT_HIBERNATE_, INT_DEVICE_CLASS)
..\..\..\..\inc/hw_ints.h(403): warning:  #47-D: incompatible redefinition of macro "INT_I2C0" (declared at line 56 of "..\..\..\..\inc/tm4c1294ncpdt.h")
  #define INT_I2C0                INT_CONCAT(INT_I2C0_, INT_DEVICE_CLASS)
..\..\..\..\inc/hw_ints.h(404): warning:  #47-D: incompatible redefinition of macro "INT_I2C1" (declared at line 85 of "..\..\..\..\inc/tm4c1294ncpdt.h")
  #define INT_I2C1                INT_CONCAT(INT_I2C1_, INT_DEVICE_CLASS)
..\..\..\..\inc/hw_ints.h(405): warning:  #47-D: incompatible redefinition of macro "INT_I2C2" (declared at line 109 of "..\..\..\..\inc/tm4c1294ncpdt.h")
  #define INT_I2C2                INT_CONCAT(INT_I2C2_, INT_DEVICE_CLASS)
..\..\..\..\inc/hw_ints.h(406): warning:  #47-D: incompatible redefinition of macro "INT_I2C3" (declared at line 110 of "..\..\..\..\inc/tm4c1294ncpdt.h")
  #define INT_I2C3                INT_CONCAT(INT_I2C3_, INT_DEVICE_CLASS)
..\..\..\..\inc/hw_ints.h(407): warning:  #47-D: incompatible redefinition of macro "INT_I2C4" (declared at line 117 of "..\..\..\..\inc/tm4c1294ncpdt.h")
  #define INT_I2C4                INT_CONCAT(INT_I2C4_, INT_DEVICE_CLASS)
..\..\..\..\inc/hw_ints.h(408): warning:  #47-D: incompatible redefinition of macro "INT_I2C5" (declared at line 118 of "..\..\..\..\inc/tm4c1294ncpdt.h")
  #define INT_I2C5                INT_CONCAT(INT_I2C5_, INT_DEVICE_CLASS)
..\..\..\..\inc/hw_ints.h(409): warning:  #47-D: incompatible redefinition of macro "INT_I2C6" (declared at line 142 of "..\..\..\..\inc/tm4c1294ncpdt.h")
  #define INT_I2C6                INT_CONCAT(INT_I2C6_, INT_DEVICE_CLASS)
..\..\..\..\inc/hw_ints.h(410): warning:  #47-D: incompatible redefinition of macro "INT_I2C7" (declared at line 143 of "..\..\..\..\inc/tm4c1294ncpdt.h")
  #define INT_I2C7                INT_CONCAT(INT_I2C7_, INT_DEVICE_CLASS)
..\..\..\..\inc/hw_ints.h(411): warning:  #47-D: incompatible redefinition of macro "INT_I2C8" (declared at line 144 of "..\..\..\..\inc/tm4c1294ncpdt.h")
  #define INT_I2C8                INT_CONCAT(INT_I2C8_, INT_DEVICE_CLASS)
..\..\..\..\inc/hw_ints.h(412): warning:  #47-D: incompatible redefinition of macro "INT_I2C9" (declared at line 145 of "..\..\..\..\inc/tm4c1294ncpdt.h")
  #define INT_I2C9                INT_CONCAT(INT_I2C9_, INT_DEVICE_CLASS)
..\..\..\..\inc/hw_ints.h(415): warning:  #47-D: incompatible redefinition of macro "INT_PWM0_0" (declared at line 58 of "..\..\..\..\inc/tm4c1294ncpdt.h")
  #define INT_PWM0_0              INT_CONCAT(INT_PWM0_0_, INT_DEVICE_CLASS)
..\..\..\..\inc/hw_ints.h(416): warning:  #47-D: incompatible redefinition of macro "INT_PWM0_1" (declared at line 59 of "..\..\..\..\inc/tm4c1294ncpdt.h")
  #define INT_PWM0_1              INT_CONCAT(INT_PWM0_1_, INT_DEVICE_CLASS)
..\..\..\..\inc/hw_ints.h(417): warning:  #47-D: incompatible redefinition of macro "INT_PWM0_2" (declared at line 60 of "..\..\..\..\inc/tm4c1294ncpdt.h")
  #define INT_PWM0_2              INT_CONCAT(INT_PWM0_2_, INT_DEVICE_CLASS)
..\..\..\..\inc/hw_ints.h(418): warning:  #47-D: incompatible redefinition of macro "INT_PWM0_3" (declared at line 91 of "..\..\..\..\inc/tm4c1294ncpdt.h")
  #define INT_PWM0_3              INT_CONCAT(INT_PWM0_3_, INT_DEVICE_CLASS)
..\..\..\..\inc/hw_ints.h(419): warning:  #47-D: incompatible redefinition of macro "INT_PWM0_FAULT" (declared at line 57 of "..\..\..\..\inc/tm4c1294ncpdt.h")
  #define INT_PWM0_FAULT          INT_CONCAT(INT_PWM0_FAULT_, INT_DEVICE_CLASS)
..\..\..\..\inc/hw_ints.h(425): warning:  #47-D: incompatible redefinition of macro "INT_QEI0" (declared at line 61 of "..\..\..\..\inc/tm4c1294ncpdt.h")
  #define INT_QEI0                INT_CONCAT(INT_QEI0_, INT_DEVICE_CLASS)
..\..\..\..\inc/hw_ints.h(428): warning:  #47-D: incompatible redefinition of macro "INT_SSI0" (declared at line 55 of "..\..\..\..\inc/tm4c1294ncpdt.h")
  #define INT_SSI0                INT_CONCAT(INT_SSI0_, INT_DEVICE_CLASS)
..\..\..\..\inc/hw_ints.h(429): warning:  #47-D: incompatible redefinition of macro "INT_SSI1" (declared at line 82 of "..\..\..\..\inc/tm4c1294ncpdt.h")
  #define INT_SSI1                INT_CONCAT(INT_SSI1_, INT_DEVICE_CLASS)
..\..\..\..\inc/hw_ints.h(430): warning:  #47-D: incompatible redefinition of macro "INT_SSI2" (declared at line 102 of "..\..\..\..\inc/tm4c1294ncpdt.h")
  #define INT_SSI2                INT_CONCAT(INT_SSI2_, INT_DEVICE_CLASS)
..\..\..\..\inc/hw_ints.h(431): warning:  #47-D: incompatible redefinition of macro "INT_SSI3" (declared at line 103 of "..\..\..\..\inc/tm4c1294ncpdt.h")
  #define INT_SSI3                INT_CONCAT(INT_SSI3_, INT_DEVICE_CLASS)
..\..\..\..\inc/hw_ints.h(432): warning:  #47-D: incompatible redefinition of macro "INT_SYSCTL" (declared at line 76 of "..\..\..\..\inc/tm4c1294ncpdt.h")
  #define INT_SYSCTL              INT_CONCAT(INT_SYSCTL_, INT_DEVICE_CLASS)
..\..\..\..\inc/hw_ints.h(433): warning:  #47-D: incompatible redefinition of macro "INT_SYSEXC" (declared at line 115 of "..\..\..\..\inc/tm4c1294ncpdt.h")
  #define INT_SYSEXC              INT_CONCAT(INT_SYSEXC_, INT_DEVICE_CLASS)
..\..\..\..\inc/hw_ints.h(434): warning:  #47-D: incompatible redefinition of macro "INT_TAMPER0" (declared at line 121 of "..\..\..\..\inc/tm4c1294ncpdt.h")
  #define INT_TAMPER0             INT_CONCAT(INT_TAMPER0_, INT_DEVICE_CLASS)
..\..\..\..\inc/hw_ints.h(435): warning:  #47-D: incompatible redefinition of macro "INT_TIMER0A" (declared at line 67 of "..\..\..\..\inc/tm4c1294ncpdt.h")
  #define INT_TIMER0A             INT_CONCAT(INT_TIMER0A_, INT_DEVICE_CLASS)
..\..\..\..\inc/hw_ints.h(436): warning:  #47-D: incompatible redefinition of macro "INT_TIMER0B" (declared at line 68 of "..\..\..\..\inc/tm4c1294ncpdt.h")
  #define INT_TIMER0B             INT_CONCAT(INT_TIMER0B_, INT_DEVICE_CLASS)
..\..\..\..\inc/hw_ints.h(437): warning:  #47-D: incompatible redefinition of macro "INT_TIMER1A" (declared at line 69 of "..\..\..\..\inc/tm4c1294ncpdt.h")
  #define INT_TIMER1A             INT_CONCAT(INT_TIMER1A_, INT_DEVICE_CLASS)
..\..\..\..\inc/hw_ints.h(438): warning:  #47-D: incompatible redefinition of macro "INT_TIMER1B" (declared at line 70 of "..\..\..\..\inc/tm4c1294ncpdt.h")
  #define INT_TIMER1B             INT_CONCAT(INT_TIMER1B_, INT_DEVICE_CLASS)
..\..\..\..\inc/hw_ints.h(439): warning:  #47-D: incompatible redefinition of macro "INT_TIMER2A" (declared at line 71 of "..\..\..\..\inc/tm4c1294ncpdt.h")
  #define INT_TIMER2A             INT_CONCAT(INT_TIMER2A_, INT_DEVICE_CLASS)
..\..\..\..\inc/hw_ints.h(440): warning:  #47-D: incompatible redefinition of macro "INT_TIMER2B" (declared at line 72 of "..\..\..\..\inc/tm4c1294ncpdt.h")
  #define INT_TIMER2B             INT_CONCAT(INT_TIMER2B_, INT_DEVICE_CLASS)
..\..\..\..\inc/hw_ints.h(441): warning:  #47-D: incompatible redefinition of macro "INT_TIMER3A" (declared at line 83 of "..\..\..\..\inc/tm4c1294ncpdt.h")
  #define INT_TIMER3A             INT_CONCAT(INT_TIMER3A_, INT_DEVICE_CLASS)
..\..\..\..\inc/hw_ints.h(442): warning:  #47-D: incompatible redefinition of macro "INT_TIMER3B" (declared at line 84 of "..\..\..\..\inc/tm4c1294ncpdt.h")
  #define INT_TIMER3B             INT_CONCAT(INT_TIMER3B_, INT_DEVICE_CLASS)
..\..\..\..\inc/hw_ints.h(443): warning:  #47-D: incompatible redefinition of macro "INT_TIMER4A" (declared at line 111 of "..\..\..\..\inc/tm4c1294ncpdt.h")
  #define INT_TIMER4A             INT_CONCAT(INT_TIMER4A_, INT_DEVICE_CLASS)
..\..\..\..\inc/hw_ints.h(444): warning:  #47-D: incompatible redefinition of macro "INT_TIMER4B" (declared at line 112 of "..\..\..\..\inc/tm4c1294ncpdt.h")
  #define INT_TIMER4B             INT_CONCAT(INT_TIMER4B_, INT_DEVICE_CLASS)
..\..\..\..\inc/hw_ints.h(445): warning:  #47-D: incompatible redefinition of macro "INT_TIMER5A" (declared at line 113 of "..\..\..\..\inc/tm4c1294ncpdt.h")
  #define INT_TIMER5A             INT_CONCAT(INT_TIMER5A_, INT_DEVICE_CLASS)
..\..\..\..\inc/hw_ints.h(446): warning:  #47-D: incompatible redefinition of macro "INT_TIMER5B" (declared at line 114 of "..\..\..\..\inc/tm4c1294ncpdt.h")
  #define INT_TIMER5B             INT_CONCAT(INT_TIMER5B_, INT_DEVICE_CLASS)
..\..\..\..\inc/hw_ints.h(447): warning:  #47-D: incompatible redefinition of macro "INT_TIMER6A" (declared at line 138 of "..\..\..\..\inc/tm4c1294ncpdt.h")
  #define INT_TIMER6A             INT_CONCAT(INT_TIMER6A_, INT_DEVICE_CLASS)
..\..\..\..\inc/hw_ints.h(448): warning:  #47-D: incompatible redefinition of macro "INT_TIMER6B" (declared at line 139 of "..\..\..\..\inc/tm4c1294ncpdt.h")
  #define INT_TIMER6B             INT_CONCAT(INT_TIMER6B_, INT_DEVICE_CLASS)
..\..\..\..\inc/hw_ints.h(449): warning:  #47-D: incompatible redefinition of macro "INT_TIMER7A" (declared at line 140 of "..\..\..\..\inc/tm4c1294ncpdt.h")
  #define INT_TIMER7A             INT_CONCAT(INT_TIMER7A_, INT_DEVICE_CLASS)
..\..\..\..\inc/hw_ints.h(450): warning:  #47-D: incompatible redefinition of macro "INT_TIMER7B" (declared at line 141 of "..\..\..\..\inc/tm4c1294ncpdt.h")
  #define INT_TIMER7B             INT_CONCAT(INT_TIMER7B_, INT_DEVICE_CLASS)
..\..\..\..\inc/hw_ints.h(451): warning:  #47-D: incompatible redefinition of macro "INT_UART0" (declared at line 53 of "..\..\..\..\inc/tm4c1294ncpdt.h")
  #define INT_UART0               INT_CONCAT(INT_UART0_, INT_DEVICE_CLASS)
..\..\..\..\inc/hw_ints.h(452): warning:  #47-D: incompatible redefinition of macro "INT_UART1" (declared at line 54 of "..\..\..\..\inc/tm4c1294ncpdt.h")
  #define INT_UART1               INT_CONCAT(INT_UART1_, INT_DEVICE_CLASS)
..\..\..\..\inc/hw_ints.h(453): warning:  #47-D: incompatible redefinition of macro "INT_UART2" (declared at line 81 of "..\..\..\..\inc/tm4c1294ncpdt.h")
  #define INT_UART2               INT_CONCAT(INT_UART2_, INT_DEVICE_CLASS)
..\..\..\..\inc/hw_ints.h(454): warning:  #47-D: incompatible redefinition of macro "INT_UART3" (declared at line 104 of "..\..\..\..\inc/tm4c1294ncpdt.h")
  #define INT_UART3               INT_CONCAT(INT_UART3_, INT_DEVICE_CLASS)
..\..\..\..\inc/hw_ints.h(455): warning:  #47-D: incompatible redefinition of macro "INT_UART4" (declared at line 105 of "..\..\..\..\inc/tm4c1294ncpdt.h")
  #define INT_UART4               INT_CONCAT(INT_UART4_, INT_DEVICE_CLASS)
..\..\..\..\inc/hw_ints.h(456): warning:  #47-D: incompatible redefinition of macro "INT_UART5" (declared at line 106 of "..\..\..\..\inc/tm4c1294ncpdt.h")
  #define INT_UART5               INT_CONCAT(INT_UART5_, INT_DEVICE_CLASS)
..\..\..\..\inc/hw_ints.h(457): warning:  #47-D: incompatible redefinition of macro "INT_UART6" (declared at line 107 of "..\..\..\..\inc/tm4c1294ncpdt.h")
  #define INT_UART6               INT_CONCAT(INT_UART6_, INT_DEVICE_CLASS)
..\..\..\..\inc/hw_ints.h(458): warning:  #47-D: incompatible redefinition of macro "INT_UART7" (declared at line 108 of "..\..\..\..\inc/tm4c1294ncpdt.h")
  #define INT_UART7               INT_CONCAT(INT_UART7_, INT_DEVICE_CLASS)
..\..\..\..\inc/hw_ints.h(459): warning:  #47-D: incompatible redefinition of macro "INT_UDMA" (declared at line 92 of "..\..\..\..\inc/tm4c1294ncpdt.h")
  #define INT_UDMA                INT_CONCAT(INT_UDMA_, INT_DEVICE_CLASS)
..\..\..\..\inc/hw_ints.h(460): warning:  #47-D: incompatible redefinition of macro "INT_UDMAERR" (declared at line 93 of "..\..\..\..\inc/tm4c1294ncpdt.h")
  #define INT_UDMAERR             INT_CONCAT(INT_UDMAERR_, INT_DEVICE_CLASS)
..\..\..\..\inc/hw_ints.h(461): warning:  #47-D: incompatible redefinition of macro "INT_USB0" (declared at line 90 of "..\..\..\..\inc/tm4c1294ncpdt.h")
  #define INT_USB0                INT_CONCAT(INT_USB0_, INT_DEVICE_CLASS)
..\..\..\..\inc/hw_ints.h(462): warning:  #47-D: incompatible redefinition of macro "INT_WATCHDOG" (declared at line 66 of "..\..\..\..\inc/tm4c1294ncpdt.h")
  #define INT_WATCHDOG            INT_CONCAT(INT_WATCHDOG_, INT_DEVICE_CLASS)
cc3000_basic_wifi_application.c(367): warning:  #1035-D: single-precision operand implicitly converted to double-precision
        return (1.0/(powf(7.0, -5)*result*1.0 - 0.0022));
cc3000_basic_wifi_application.c(529): warning:  #68-D: integer conversion resulted in a change of sign
          if(psPingData->min_round_time == -1)
cc3000_basic_wifi_application.c(1361): warning:  #223-D: function "STOP" declared implicitly
                                                                STOP();    // stop the robot and center the wheels in the front
cc3000_basic_wifi_application.c(1370): warning:  #223-D: function "STOP" declared implicitly
                                                                STOP();
cc3000_basic_wifi_application.c(1379): warning:  #223-D: function "LForward1" declared implicitly
                                                                LForward1();
cc3000_basic_wifi_application.c(1385): warning:  #223-D: function "LForward2" declared implicitly
                                                                LForward2();
cc3000_basic_wifi_application.c(1391): warning:  #223-D: function "LBackward1" declared implicitly
                                                                LBackward1();
cc3000_basic_wifi_application.c(1397): warning:  #223-D: function "LBackward2" declared implicitly
                                                                LBackward2();
cc3000_basic_wifi_application.c(1403): warning:  #223-D: function "RForward1" declared implicitly
                                                                RForward1();
cc3000_basic_wifi_application.c(1409): warning:  #223-D: function "RForward2" declared implicitly
                                                                RForward2();
cc3000_basic_wifi_application.c(1415): warning:  #223-D: function "RBackward1" declared implicitly
                                                                RBackward1();
cc3000_basic_wifi_application.c(1421): warning:  #223-D: function "RBackward2" declared implicitly
                                                                RBackward2();
cc3000_basic_wifi_application.c(1429): warning:  #223-D: function "Forward1" declared implicitly
                                                                Forward1();
cc3000_basic_wifi_application.c(1435): warning:  #223-D: function "Forward2" declared implicitly
                                                                Forward2();
cc3000_basic_wifi_application.c(1440): warning:  #223-D: function "Backward1" declared implicitly
                                                                Backward1();
cc3000_basic_wifi_application.c(1445): warning:  #223-D: function "Backward2" declared implicitly
                                                                Backward2();
cc3000_basic_wifi_application.c(1451): warning:  #223-D: function "STOP" declared implicitly
                                                        STOP(); 
cc3000_basic_wifi_application.c(1511): warning:  #223-D: function "STOP" declared implicitly
                                                                        STOP();
cc3000_basic_wifi_application.c(1514): warning:  #223-D: function "LForward1" declared implicitly
                                                                LForward1();
cc3000_basic_wifi_application.c(1522): warning:  #223-D: function "STOP" declared implicitly
                                                                        STOP();
cc3000_basic_wifi_application.c(1525): warning:  #223-D: function "Forward1" declared implicitly
                                                                Forward1();
cc3000_basic_wifi_application.c(1309): warning:  #177-D: variable "tRxPacketLength" was declared but never referenced
      socklen_t tRxPacketLength;
cc3000_basic_wifi_application.c(1310): warning:  #177-D: variable "ui32x" was declared but never referenced
      uint32_t ui32x = 0, ui32Count = 0;
cc3000_basic_wifi_application.c(1310): warning:  #177-D: variable "ui32Count" was declared but never referenced
      uint32_t ui32x = 0, ui32Count = 0;
cc3000_basic_wifi_application.c(2063): warning:  #177-D: variable "i32CommandStatus" was declared but never referenced
        int32_t i32CommandStatus;
cc3000_basic_wifi_application.c(2095): warning:  #550-D: variable "i32CommandStatus" was set but never used
      int32_t i32CommandStatus;
cc3000_basic_wifi_application.c(2106): warning:  #177-D: variable "sample" was declared but never referenced
          int32_t sample[CC3000_APP_BUFFER_SIZE +
cc3000_basic_wifi_application.c(260): warning:  #177-D: variable "g_cInput" was declared but never referenced
  static char g_cInput[MAX_COMMAND_SIZE];
cc3000_basic_wifi_application.c: 127 warnings, 0 errors
compiling cc3000lib.c...
..\..\..\..\cc3000/src/host_driver/core_driver/socket.c(1021): warning:  #177-D: variable "tSocketSendEvent" was declared but never referenced
      tBsdReadReturnParams tSocketSendEvent;
..\..\..\..\cc3000\src\cc3000lib.c: 1 warning, 0 errors
compiling cmdline.c...
assembling startup_rvmdk.S...
compiling uartstdio.c...
compiling ustdlib.c...
compiling PWM_10-30.c...
..\..\..\..\cc3000\src\PWM_10-30.h(38): warning:  #14-D: extra text after expected end of preprocessing directive
  #ifndef __PWM_10-30_H__
..\..\..\..\cc3000\src\PWM_10-30.h(39): warning:  #2775-D: white space is required between the macro name "__PWM_10" and its replacement text
  #define __PWM_10-30_H__
..\..\..\..\cc3000\src\PWM_10-30.c: 2 warnings, 0 errors
linking...
Program Size: Code=23048 RO-data=3588 RW-data=304 ZI-data=22904  
After Build - User command #1: fromelf --bin --output .\rvmdk\cc3000_basic_wifi_application.bin .\rvmdk\cc3000_basic_wifi_application.axf
".\rvmdk\cc3000_basic_wifi_application.axf" - 0 Error(s), 133 Warning(s).
3000\src\PWM_10-30.c: 2 warnings, 0 errors
linking...
Program Size: Code=23152 RO-data=3588 RW-data=304 ZI-data=22904  
After Build - User command #1: fromelf --bin --output .\rvmdk\cc3000_basic_wifi_application.bin .\rvmdk\cc3000_basic_wifi_application.axf
".\rvmdk\cc3000_basic_wifi_application.axf" - 0 Error(s), 135 Warning(s).
Load "C:\\ti\\TivaWare_C_Series-2.1.0.12573\\examples\\boards\\ek-tm4c1294xl-boost-cc3000\\cc3000_basic_wifi_application\\rvmdk\\cc3000_basic_wifi_application.axf" 
Connecting: Mode=JTAG, Speed=1000000Hz
Erase Done.
Programming Done.
Verify OK.
