ARM Linker, 5.03 [Build 76] [MDK-ARM Lite]

==============================================================================

Section Cross References

    cgifuncs.o(i.DecodeFormString) refers to cgifuncs.o(i.DecodeHexEscape) for DecodeHexEscape
    cgifuncs.o(i.DecodeHexEscape) refers to cgifuncs.o(i.IsValidHexDigit) for IsValidHexDigit
    cgifuncs.o(i.DecodeHexEscape) refers to cgifuncs.o(i.HexDigit) for HexDigit
    cgifuncs.o(i.EncodeFormString) refers to ustdlib.o(i.usnprintf) for usnprintf
    cgifuncs.o(i.FindCGIParameter) refers to strcmp.o(.text) for strcmp
    cgifuncs.o(i.GetCGIParam) refers to cgifuncs.o(i.FindCGIParameter) for FindCGIParameter
    cgifuncs.o(i.GetCGIParam) refers to cgifuncs.o(i.CheckDecimalParam) for CheckDecimalParam
    enet_io.o(i.AnimTimerIntHandler) refers to timer.o(i.TimerIntClear) for TimerIntClear
    enet_io.o(i.AnimTimerIntHandler) refers to enet_io.o(.data) for .data
    enet_io.o(i.ControlCGIHandler) refers to cgifuncs.o(i.FindCGIParameter) for FindCGIParameter
    enet_io.o(i.ControlCGIHandler) refers to cgifuncs.o(i.GetCGIParam) for GetCGIParam
    enet_io.o(i.ControlCGIHandler) refers to io.o(i.io_set_led) for io_set_led
    enet_io.o(i.ControlCGIHandler) refers to io.o(i.io_set_animation_speed) for io_set_animation_speed
    enet_io.o(i.DisplayIPAddress) refers to ustdlib.o(i.usprintf) for usprintf
    enet_io.o(i.DisplayIPAddress) refers to uartstdio.o(i.UARTprintf) for UARTprintf
    enet_io.o(i.SSIHandler) refers to ustdlib.o(i.usnprintf) for usnprintf
    enet_io.o(i.SSIHandler) refers to strlen.o(.text) for strlen
    enet_io.o(i.SSIHandler) refers to io.o(i.io_get_ledstate) for io_get_ledstate
    enet_io.o(i.SSIHandler) refers to io.o(i.io_get_animation_speed) for io_get_animation_speed
    enet_io.o(i.SSIHandler) refers to io.o(i.io_is_led_on) for io_is_led_on
    enet_io.o(i.SSIHandler) refers to io.o(i.io_get_animation_speed_string) for io_get_animation_speed_string
    enet_io.o(i.SetTextCGIHandler) refers to cgifuncs.o(i.FindCGIParameter) for FindCGIParameter
    enet_io.o(i.SetTextCGIHandler) refers to cgifuncs.o(i.DecodeFormString) for DecodeFormString
    enet_io.o(i.SetTextCGIHandler) refers to uartstdio.o(i.UARTprintf) for UARTprintf
    enet_io.o(i.SysTickIntHandler) refers to lwiplib.o(i.lwIPTimer) for lwIPTimer
    enet_io.o(i.lwIPHostTimerHandler) refers to lwiplib.o(i.lwIPLocalIPAddrGet) for lwIPLocalIPAddrGet
    enet_io.o(i.lwIPHostTimerHandler) refers to uartstdio.o(i.UARTprintf) for UARTprintf
    enet_io.o(i.lwIPHostTimerHandler) refers to enet_io.o(i.DisplayIPAddress) for DisplayIPAddress
    enet_io.o(i.lwIPHostTimerHandler) refers to gpio.o(i.GPIOPinRead) for GPIOPinRead
    enet_io.o(i.lwIPHostTimerHandler) refers to gpio.o(i.GPIOPinWrite) for GPIOPinWrite
    enet_io.o(i.lwIPHostTimerHandler) refers to sysctl.o(.emb_text) for SysCtlDelay
    enet_io.o(i.lwIPHostTimerHandler) refers to enet_io.o(.data) for .data
    enet_io.o(i.main) refers to sysctl.o(i.SysCtlMOSCConfigSet) for SysCtlMOSCConfigSet
    enet_io.o(i.main) refers to sysctl.o(i.SysCtlClockFreqSet) for SysCtlClockFreqSet
    enet_io.o(i.main) refers to pinout.o(i.PinoutSet) for PinoutSet
    enet_io.o(i.main) refers to uartstdio.o(i.UARTStdioConfig) for UARTStdioConfig
    enet_io.o(i.main) refers to uartstdio.o(i.UARTprintf) for UARTprintf
    enet_io.o(i.main) refers to systick.o(i.SysTickPeriodSet) for SysTickPeriodSet
    enet_io.o(i.main) refers to systick.o(i.SysTickEnable) for SysTickEnable
    enet_io.o(i.main) refers to systick.o(i.SysTickIntEnable) for SysTickIntEnable
    enet_io.o(i.main) refers to flash.o(i.FlashUserGet) for FlashUserGet
    enet_io.o(i.main) refers to lwiplib.o(i.lwIPInit) for lwIPInit
    enet_io.o(i.main) refers to locator.o(i.LocatorInit) for LocatorInit
    enet_io.o(i.main) refers to locator.o(i.LocatorMACAddrSet) for LocatorMACAddrSet
    enet_io.o(i.main) refers to locator.o(i.LocatorAppTitleSet) for LocatorAppTitleSet
    enet_io.o(i.main) refers to httpd.o(i.httpd_init) for httpd_init
    enet_io.o(i.main) refers to interrupt.o(i.IntPrioritySet) for IntPrioritySet
    enet_io.o(i.main) refers to httpd.o(i.http_set_ssi_handler) for http_set_ssi_handler
    enet_io.o(i.main) refers to httpd.o(i.http_set_cgi_handlers) for http_set_cgi_handlers
    enet_io.o(i.main) refers to io.o(i.io_init) for io_init
    enet_io.o(i.main) refers to gpio.o(i.GPIOPinRead) for GPIOPinRead
    enet_io.o(i.main) refers to gpio.o(i.GPIOPinWrite) for GPIOPinWrite
    enet_io.o(i.main) refers to enet_io.o(.data) for .data
    enet_io.o(i.main) refers to enet_io.o(i.SSIHandler) for SSIHandler
    enet_io.o(i.main) refers to enet_io.o(.constdata) for .constdata
    enet_io.o(.constdata) refers to enet_io.o(.conststring) for .conststring
    enet_io.o(.constdata) refers to enet_io.o(i.ControlCGIHandler) for ControlCGIHandler
    enet_io.o(.constdata) refers to enet_io.o(i.SetTextCGIHandler) for SetTextCGIHandler
[...]
    http_sent                                0x00003929   Thumb Code    22  httpd.o(i.http_sent)
    i.http_set_cgi_handlers                  0x00003940   Section        0  httpd.o(i.http_set_cgi_handlers)
    i.http_set_ssi_handler                   0x0000394c   Section        0  httpd.o(i.http_set_ssi_handler)
    i.http_state_free                        0x0000395c   Section        0  httpd.o(i.http_state_free)
    http_state_free                          0x0000395d   Thumb Code    40  httpd.o(i.http_state_free)
    i.http_write                             0x00003984   Section        0  httpd.o(i.http_write)
    http_write                               0x00003985   Thumb Code    60  httpd.o(i.http_write)
    i.httpd_init                             0x000039c0   Section        0  httpd.o(i.httpd_init)
    i.icmp_dest_unreach                      0x00003a00   Section        0  lwiplib.o(i.icmp_dest_unreach)
    i.icmp_input                             0x00003a08   Section        0  lwiplib.o(i.icmp_input)
    i.icmp_send_response                     0x00003b6c   Section        0  lwiplib.o(i.icmp_send_response)
    icmp_send_response                       0x00003b6d   Thumb Code   108  lwiplib.o(i.icmp_send_response)
    i.inet_chksum                            0x00003bdc   Section        0  lwiplib.o(i.inet_chksum)
    i.inet_chksum_pbuf                       0x00003be8   Section        0  lwiplib.o(i.inet_chksum_pbuf)
    i.inet_chksum_pseudo                     0x00003c30   Section        0  lwiplib.o(i.inet_chksum_pseudo)
    i.io_get_animation_speed                 0x00003cb8   Section        0  io.o(i.io_get_animation_speed)
    i.io_get_animation_speed_string          0x00003cc4   Section        0  io.o(i.io_get_animation_speed_string)
    i.io_get_ledstate                        0x00003cdc   Section        0  io.o(i.io_get_ledstate)
    i.io_init                                0x00003d10   Section        0  io.o(i.io_init)
    i.io_is_led_on                           0x00003d88   Section        0  io.o(i.io_is_led_on)
    i.io_set_animation_speed                 0x00003da4   Section        0  io.o(i.io_set_animation_speed)
    i.io_set_animation_speed_string          0x00003db8   Section        0  io.o(i.io_set_animation_speed_string)
    i.io_set_led                             0x00003de8   Section        0  io.o(i.io_set_led)
    i.io_set_timer                           0x00003dfc   Section        0  io.o(i.io_set_timer)
    io_set_timer                             0x00003dfd   Thumb Code    68  io.o(i.io_set_timer)
    i.ip4_addr_isbroadcast                   0x00003e48   Section        0  lwiplib.o(i.ip4_addr_isbroadcast)
    i.ip_input                               0x00003e78   Section        0  lwiplib.o(i.ip_input)
    i.ip_output                              0x00004088   Section        0  lwiplib.o(i.ip_output)
    i.ip_output_if                           0x000040c8   Section        0  lwiplib.o(i.ip_output_if)
    i.ip_route                               0x0000418c   Section        0  lwiplib.o(i.ip_route)
    i.lwIPEthernetIntHandler                 0x000041d4   Section        0  lwiplib.o(i.lwIPEthernetIntHandler)
    i.lwIPHostTimerHandler                   0x0000422c   Section        0  enet_io.o(i.lwIPHostTimerHandler)
    i.lwIPInit                               0x00004314   Section        0  lwiplib.o(i.lwIPInit)
    i.lwIPLinkDetect                         0x000043e0   Section        0  lwiplib.o(i.lwIPLinkDetect)
    lwIPLinkDetect                           0x000043e1   Thumb Code   106  lwiplib.o(i.lwIPLinkDetect)
    i.lwIPLocalIPAddrGet                     0x00004458   Section        0  lwiplib.o(i.lwIPLocalIPAddrGet)
    i.lwIPPrivateInit                        0x00004474   Section        0  lwiplib.o(i.lwIPPrivateInit)
    lwIPPrivateInit                          0x00004475   Thumb Code    80  lwiplib.o(i.lwIPPrivateInit)
    i.lwIPServiceTimers                      0x000044d4   Section        0  lwiplib.o(i.lwIPServiceTimers)
    lwIPServiceTimers                        0x000044d5   Thumb Code   132  lwiplib.o(i.lwIPServiceTimers)
    i.lwIPTimer                              0x0000455c   Section        0  lwiplib.o(i.lwIPTimer)
    i.lwip_init                              0x00004578   Section        0  lwiplib.o(i.lwip_init)
    i.lwip_standard_chksum                   0x0000458a   Section        0  lwiplib.o(i.lwip_standard_chksum)
    lwip_standard_chksum                     0x0000458b   Thumb Code    86  lwiplib.o(i.lwip_standard_chksum)
    i.main                                   0x000045e0   Section        0  enet_io.o(i.main)
    i.mem_free                               0x0000476c   Section        0  lwiplib.o(i.mem_free)
    i.mem_init                               0x000047c4   Section        0  lwiplib.o(i.mem_init)
    i.mem_malloc                             0x00004804   Section        0  lwiplib.o(i.mem_malloc)
    i.mem_trim                               0x000048e4   Section        0  lwiplib.o(i.mem_trim)
    i.memp_free                              0x000049c4   Section        0  lwiplib.o(i.memp_free)
    i.memp_init                              0x00004a04   Section        0  lwiplib.o(i.memp_init)
    i.memp_malloc                            0x00004a74   Section        0  lwiplib.o(i.memp_malloc)
    i.netif_add                              0x00004acc   Section        0  lwiplib.o(i.netif_add)
    i.netif_set_addr                         0x00004b18   Section        0  lwiplib.o(i.netif_set_addr)
    i.netif_set_down                         0x00004b38   Section        0  lwiplib.o(i.netif_set_down)
    i.netif_set_gw                           0x00004b52   Section        0  lwiplib.o(i.netif_set_gw)
    i.netif_set_ipaddr                       0x00004b5c   Section        0  lwiplib.o(i.netif_set_ipaddr)
    i.netif_set_link_down                    0x00004bd0   Section        0  lwiplib.o(i.netif_set_link_down)
    i.netif_set_link_up                      0x00004be2   Section        0  lwiplib.o(i.netif_set_link_up)
    i.netif_set_netmask                      0x00004c24   Section        0  lwiplib.o(i.netif_set_netmask)
    i.netif_set_up                           0x00004c2c   Section        0  lwiplib.o(i.netif_set_up)
    i.pbuf_alloc                             0x00004c4c   Section        0  lwiplib.o(i.pbuf_alloc)
    i.pbuf_cat                               0x00004d68   Section        0  lwiplib.o(i.pbuf_cat)
    i.pbuf_chain                             0x00004d90   Section        0  lwiplib.o(i.pbuf_chain)
    i.pbuf_clen                              0x00004da2   Section        0  lwiplib.o(i.pbuf_clen)
    i.pbuf_copy                              0x00004db4   Section        0  lwiplib.o(i.pbuf_copy)
    i.pbuf_copy_partial                      0x00004e4e   Section        0  lwiplib.o(i.pbuf_copy_partial)
    i.pbuf_free                              0x00004eb6   Section        0  lwiplib.o(i.pbuf_free)
    i.pbuf_header                            0x00004f08   Section        0  lwiplib.o(i.pbuf_header)
    i.pbuf_pool_is_empty                     0x00004f68   Section        0  lwiplib.o(i.pbuf_pool_is_empty)
    pbuf_pool_is_empty                       0x00004f69   Thumb Code    20  lwiplib.o(i.pbuf_pool_is_empty)
    i.pbuf_realloc                           0x00004f80   Section        0  lwiplib.o(i.pbuf_realloc)
    i.pbuf_ref                               0x00004fce   Section        0  lwiplib.o(i.pbuf_ref)
    i.plug_holes                             0x00004fe8   Section        0  lwiplib.o(i.plug_holes)
    plug_holes                               0x00004fe9   Thumb Code    78  lwiplib.o(i.plug_holes)
    i.raw_input                              0x0000503c   Section        0  lwiplib.o(i.raw_input)
    i.strnstr                                0x000050ac   Section        0  httpd.o(i.strnstr)
    strnstr                                  0x000050ad   Thumb Code    64  httpd.o(i.strnstr)
    i.sys_arch_protect                       0x000050ec   Section        0  lwiplib.o(i.sys_arch_protect)
    i.sys_arch_unprotect                     0x000050f6   Section        0  lwiplib.o(i.sys_arch_unprotect)
    i.sys_timeout                            0x00005108   Section        0  lwiplib.o(i.sys_timeout)
    i.sys_timeouts_init                      0x00005164   Section        0  lwiplib.o(i.sys_timeouts_init)
    i.tcp_abandon                            0x000051b4   Section        0  lwiplib.o(i.tcp_abandon)
    i.tcp_abort                              0x00005248   Section        0  lwiplib.o(i.tcp_abort)
    i.tcp_accept                             0x0000524e   Section        0  lwiplib.o(i.tcp_accept)
    i.tcp_accept_null                        0x00005252   Section        0  lwiplib.o(i.tcp_accept_null)
    tcp_accept_null                          0x00005253   Thumb Code     6  lwiplib.o(i.tcp_accept_null)
    i.tcp_alloc                              0x00005258   Section        0  lwiplib.o(i.tcp_alloc)
    i.tcp_arg                                0x0000536c   Section        0  lwiplib.o(i.tcp_arg)
    i.tcp_bind                               0x00005370   Section        0  lwiplib.o(i.tcp_bind)
    i.tcp_close                              0x000053f0   Section        0  lwiplib.o(i.tcp_close)
    i.tcp_close_shutdown                     0x00005404   Section        0  lwiplib.o(i.tcp_close_shutdown)
    tcp_close_shutdown                       0x00005405   Thumb Code   288  lwiplib.o(i.tcp_close_shutdown)
    i.tcp_create_segment                     0x00005528   Section        0  lwiplib.o(i.tcp_create_segment)
    tcp_create_segment                       0x00005529   Thumb Code   152  lwiplib.o(i.tcp_create_segment)
    i.tcp_eff_send_mss                       0x000055c4   Section        0  lwiplib.o(i.tcp_eff_send_mss)
    i.tcp_enqueue_flags                      0x000055e4   Section        0  lwiplib.o(i.tcp_enqueue_flags)
    i.tcp_err                                0x000056b8   Section        0  lwiplib.o(i.tcp_err)
    i.tcp_fasttmr                            0x000056c0   Section        0  lwiplib.o(i.tcp_fasttmr)
    i.tcp_input                              0x0000571c   Section        0  lwiplib.o(i.tcp_input)
    i.tcp_keepalive                          0x00005a6c   Section        0  lwiplib.o(i.tcp_keepalive)
    i.tcp_listen_input                       0x00005ac4   Section        0  lwiplib.o(i.tcp_listen_input)
    tcp_listen_input                         0x00005ac5   Thumb Code   218  lwiplib.o(i.tcp_listen_input)
    i.tcp_listen_with_backlog                0x00005ba8   Section        0  lwiplib.o(i.tcp_listen_with_backlog)
    i.tcp_new                                0x00005c30   Section        0  lwiplib.o(i.tcp_new)
    i.tcp_new_port                           0x00005c38   Section        0  lwiplib.o(i.tcp_new_port)
    tcp_new_port                             0x00005c39   Thumb Code    82  lwiplib.o(i.tcp_new_port)
    i.tcp_next_iss                           0x00005c94   Section        0  lwiplib.o(i.tcp_next_iss)
    i.tcp_oos_insert_segment                 0x00005ca4   Section        0  lwiplib.o(i.tcp_oos_insert_segment)
    tcp_oos_insert_segment                   0x00005ca5   Thumb Code   106  lwiplib.o(i.tcp_oos_insert_segment)
    i.tcp_output                             0x00005d14   Section        0  lwiplib.o(i.tcp_output)
    i.tcp_output_alloc_header                0x00005e68   Section        0  lwiplib.o(i.tcp_output_alloc_header)
    tcp_output_alloc_header                  0x00005e69   Thumb Code    88  lwiplib.o(i.tcp_output_alloc_header)
    i.tcp_output_segment                     0x00005ec0   Section        0  lwiplib.o(i.tcp_output_segment)
    tcp_output_segment                       0x00005ec1   Thumb Code   192  lwiplib.o(i.tcp_output_segment)
    i.tcp_parseopt                           0x00005f88   Section        0  lwiplib.o(i.tcp_parseopt)
    tcp_parseopt                             0x00005f89   Thumb Code   110  lwiplib.o(i.tcp_parseopt)
    i.tcp_pbuf_prealloc                      0x00005ffc   Section        0  lwiplib.o(i.tcp_pbuf_prealloc)
    tcp_pbuf_prealloc                        0x00005ffd   Thumb Code    78  lwiplib.o(i.tcp_pbuf_prealloc)
    i.tcp_pcb_purge                          0x0000604a   Section        0  lwiplib.o(i.tcp_pcb_purge)
    i.tcp_pcb_remove                         0x0000608c   Section        0  lwiplib.o(i.tcp_pcb_remove)
    i.tcp_poll                               0x000060e4   Section        0  lwiplib.o(i.tcp_poll)
    i.tcp_process                            0x000060ec   Section        0  lwiplib.o(i.tcp_process)
    tcp_process                              0x000060ed   Thumb Code   784  lwiplib.o(i.tcp_process)
    i.tcp_process_refused_data               0x00006400   Section        0  lwiplib.o(i.tcp_process_refused_data)
    i.tcp_receive                            0x00006468   Section        0  lwiplib.o(i.tcp_receive)
    tcp_receive                              0x00006469   Thumb Code  1620  lwiplib.o(i.tcp_receive)
    i.tcp_recv                               0x00006ac4   Section        0  lwiplib.o(i.tcp_recv)
    i.tcp_recv_null                          0x00006aca   Section        0  lwiplib.o(i.tcp_recv_null)
    i.tcp_recved                             0x00006aee   Section        0  lwiplib.o(i.tcp_recved)
    i.tcp_rexmit                             0x00006b24   Section        0  lwiplib.o(i.tcp_rexmit)
    i.tcp_rexmit_fast                        0x00006b66   Section        0  lwiplib.o(i.tcp_rexmit_fast)
    i.tcp_rexmit_rto                         0x00006bbe   Section        0  lwiplib.o(i.tcp_rexmit_rto)
    i.tcp_rst                                0x00006bec   Section        0  lwiplib.o(i.tcp_rst)
    i.tcp_seg_copy                           0x00006c70   Section        0  lwiplib.o(i.tcp_seg_copy)
    i.tcp_seg_free                           0x00006c90   Section        0  lwiplib.o(i.tcp_seg_free)
    i.tcp_segs_free                          0x00006cac   Section        0  lwiplib.o(i.tcp_segs_free)
    i.tcp_send_empty_ack                     0x00006cbe   Section        0  lwiplib.o(i.tcp_send_empty_ack)
    i.tcp_send_fin                           0x00006d14   Section        0  lwiplib.o(i.tcp_send_fin)
    i.tcp_sent                               0x00006d46   Section        0  lwiplib.o(i.tcp_sent)
    i.tcp_setprio                            0x00006d4a   Section        0  lwiplib.o(i.tcp_setprio)
    i.tcp_slowtmr                            0x00006d50   Section        0  lwiplib.o(i.tcp_slowtmr)
    i.tcp_timer_needed                       0x00006fd0   Section        0  lwiplib.o(i.tcp_timer_needed)
    i.tcp_timewait_input                     0x00006ffc   Section        0  lwiplib.o(i.tcp_timewait_input)
    tcp_timewait_input                       0x00006ffd   Thumb Code    92  lwiplib.o(i.tcp_timewait_input)
    i.tcp_tmr                                0x0000705c   Section        0  lwiplib.o(i.tcp_tmr)
    i.tcp_update_rcv_ann_wnd                 0x0000707c   Section        0  lwiplib.o(i.tcp_update_rcv_ann_wnd)
    i.tcp_write                              0x000070b0   Section        0  lwiplib.o(i.tcp_write)
    i.tcp_zero_window_probe                  0x0000739c   Section        0  lwiplib.o(i.tcp_zero_window_probe)
    i.tcpip_tcp_timer                        0x00007448   Section        0  lwiplib.o(i.tcpip_tcp_timer)
    tcpip_tcp_timer                          0x00007449   Thumb Code    40  lwiplib.o(i.tcpip_tcp_timer)
    i.tivaif_hwinit                          0x00007478   Section        0  lwiplib.o(i.tivaif_hwinit)
    tivaif_hwinit                            0x00007479   Thumb Code   180  lwiplib.o(i.tivaif_hwinit)
    i.tivaif_init                            0x00007534   Section        0  lwiplib.o(i.tivaif_init)
    i.tivaif_interrupt                       0x00007568   Section        0  lwiplib.o(i.tivaif_interrupt)
    i.tivaif_process_phy_interrupt           0x000075b4   Section        0  lwiplib.o(i.tivaif_process_phy_interrupt)
    i.tivaif_process_transmit                0x00007630   Section        0  lwiplib.o(i.tivaif_process_transmit)
    tivaif_process_transmit                  0x00007631   Thumb Code    88  lwiplib.o(i.tivaif_process_transmit)
    i.tivaif_receive                         0x00007688   Section        0  lwiplib.o(i.tivaif_receive)
    tivaif_receive                           0x00007689   Thumb Code   382  lwiplib.o(i.tivaif_receive)
    i.tivaif_transmit                        0x0000780c   Section        0  lwiplib.o(i.tivaif_transmit)
    tivaif_transmit                          0x0000780d   Thumb Code   314  lwiplib.o(i.tivaif_transmit)
    i.udp_bind                               0x00007954   Section        0  lwiplib.o(i.udp_bind)
    i.udp_connect                            0x000079fc   Section        0  lwiplib.o(i.udp_connect)
    i.udp_input                              0x00007a48   Section        0  lwiplib.o(i.udp_input)
    i.udp_new                                0x00007c18   Section        0  lwiplib.o(i.udp_new)
    i.udp_recv                               0x00007c32   Section        0  lwiplib.o(i.udp_recv)
    i.udp_remove                             0x00007c38   Section        0  lwiplib.o(i.udp_remove)
    i.udp_sendto                             0x00007c64   Section        0  lwiplib.o(i.udp_sendto)
    i.udp_sendto_if                          0x00007c98   Section        0  lwiplib.o(i.udp_sendto_if)
    i.usnprintf                              0x00007d74   Section        0  ustdlib.o(i.usnprintf)
    i.usprintf                               0x00007d86   Section        0  ustdlib.o(i.usprintf)
    i.ustrncmp                               0x00007d9c   Section        0  ustdlib.o(i.ustrncmp)
    i.ustrncpy                               0x00007dca   Section        0  ustdlib.o(i.ustrncpy)
    i.uvsnprintf                             0x00007dec   Section        0  ustdlib.o(i.uvsnprintf)
    .constdata                               0x0000803c   Section       16  enet_io.o(.constdata)
    g_psConfigCGIURIs                        0x0000803c   Data          16  enet_io.o(.constdata)
    .constdata                               0x0000804c   Section      304  httpd.o(.constdata)
    g_psHTTPHeaderStrings                    0x00008054   Data         104  httpd.o(.constdata)
    g_psHTTPHeaders                          0x000080bc   Data         136  httpd.o(.constdata)
    .constdata                               0x0000817c   Section      300  io_fs.o(.constdata)
    data_404_htm                             0x0000817c   Data         300  io_fs.o(.constdata)
    .constdata                               0x000082a8   Section     1821  io_fs.o(.constdata)
    data_about_htm                           0x000082a8   Data        1821  io_fs.o(.constdata)
    .constdata                               0x000089c5   Section      504  io_fs.o(.constdata)
    data_block_htm                           0x000089c5   Data         504  io_fs.o(.constdata)
    .constdata                               0x00008bbd   Section    180262  io_fs.o(.constdata)
    data_block_jpg                           0x00008bbd   Data       180262  io_fs.o(.constdata)
    .constdata                               0x00034be3   Section    46672  io_fs.o(.constdata)
    data_ek_tm4c1294xl_jpg                   0x00034be3   Data       46672  io_fs.o(.constdata)
    .constdata                               0x00040233   Section     1731  io_fs.o(.constdata)
    data_favicon_ico                         0x00040233   Data        1731  io_fs.o(.constdata)
    .constdata                               0x000408f6   Section     2250  io_fs.o(.constdata)
    data_index_htm                           0x000408f6   Data        2250  io_fs.o(.constdata)
    .constdata                               0x000411c0   Section     7592  io_fs.o(.constdata)
    data_io_cgi_ssi                          0x000411c0   Data        7592  io_fs.o(.constdata)
    .constdata                               0x00042f68   Section     2919  io_fs.o(.constdata)
    data_io_http_htm                         0x00042f68   Data        2919  io_fs.o(.constdata)
    .constdata                               0x00043acf   Section     4280  io_fs.o(.constdata)
    data_javascript_js                       0x00043acf   Data        4280  io_fs.o(.constdata)
    .constdata                               0x00044b87   Section      408  io_fs.o(.constdata)
    data_javascript_load_js                  0x00044b87   Data         408  io_fs.o(.constdata)
    .constdata                               0x00044d1f   Section     1545  io_fs.o(.constdata)
    data_overview_htm                        0x00044d1f   Data        1545  io_fs.o(.constdata)
    .constdata                               0x00045328   Section     2840  io_fs.o(.constdata)
    data_perror_htm                          0x00045328   Data        2840  io_fs.o(.constdata)
    .constdata                               0x00045e40   Section     1540  io_fs.o(.constdata)
    data_styles_css                          0x00045e40   Data        1540  io_fs.o(.constdata)
    .constdata                               0x00046444   Section     7164  io_fs.o(.constdata)
    data_ti_jpg                              0x00046444   Data        7164  io_fs.o(.constdata)
    .constdata                               0x00048040   Section     3379  io_fs.o(.constdata)
    data_tm4c_jpg                            0x00048040   Data        3379  io_fs.o(.constdata)
    .constdata                               0x00048d74   Section       20  io_fs.o(.constdata)
    .constdata                               0x00048d88   Section       20  io_fs.o(.constdata)
    .constdata                               0x00048d9c   Section       20  io_fs.o(.constdata)
    .constdata                               0x00048db0   Section       20  io_fs.o(.constdata)
    .constdata                               0x00048dc4   Section       20  io_fs.o(.constdata)
    .constdata                               0x00048dd8   Section       20  io_fs.o(.constdata)
    .constdata                               0x00048dec   Section       20  io_fs.o(.constdata)
    .constdata                               0x00048e00   Section       20  io_fs.o(.constdata)
    .constdata                               0x00048e14   Section       20  io_fs.o(.constdata)
    .constdata                               0x00048e28   Section       20  io_fs.o(.constdata)
    .constdata                               0x00048e3c   Section       20  io_fs.o(.constdata)
    .constdata                               0x00048e50   Section       20  io_fs.o(.constdata)
    .constdata                               0x00048e64   Section       20  io_fs.o(.constdata)
    .constdata                               0x00048e78   Section       20  io_fs.o(.constdata)
    .constdata                               0x00048e8c   Section       20  io_fs.o(.constdata)
    .constdata                               0x00048ea0   Section       20  io_fs.o(.constdata)
    .constdata                               0x00048eb4   Section      136  lwiplib.o(.constdata)
    memp_sizes                               0x00048ed0   Data          16  lwiplib.o(.constdata)
    memp_num                                 0x00048ee0   Data          16  lwiplib.o(.constdata)
    .constdata                               0x00048f3c   Section       28  uartstdio.o(.constdata)
    g_pcHex                                  0x00048f3c   Data           4  uartstdio.o(.constdata)
    g_ui32UARTBase                           0x00048f40   Data          12  uartstdio.o(.constdata)
    g_ui32UARTPeriph                         0x00048f4c   Data          12  uartstdio.o(.constdata)
    .constdata                               0x00048f58   Section       76  ustdlib.o(.constdata)
    g_pcHex                                  0x00048f58   Data           4  ustdlib.o(.constdata)
    g_psDaysToMonth                          0x00048f5c   Data          48  ustdlib.o(.constdata)
    g_pfExponents                            0x00048f8c   Data          24  ustdlib.o(.constdata)
    .constdata                               0x00048fa4   Section      268  interrupt.o(.constdata)
    g_pui32Priority                          0x00048fa4   Data          32  interrupt.o(.constdata)
    g_pui32Regs                              0x00048fc4   Data         156  interrupt.o(.constdata)
    g_pui32EnRegs                            0x00049060   Data          20  interrupt.o(.constdata)
    g_pui32Dii16Regs                         0x00049074   Data          20  interrupt.o(.constdata)
    g_pui32PendRegs                          0x00049088   Data          20  interrupt.o(.constdata)
    g_pui32UnpendRegs                        0x0004909c   Data          20  interrupt.o(.constdata)
    .constdata                               0x000490b0   Section      452  sysctl.o(.constdata)
    g_pui32VCOFrequencies                    0x000490b0   Data           8  sysctl.o(.constdata)
    g_pui32Xtals                             0x000490b8   Data         108  sysctl.o(.constdata)
    g_pppui32XTALtoVCO                       0x00049124   Data         288  sysctl.o(.constdata)
    g_sXTALtoMEMTIM                          0x00049244   Data          48  sysctl.o(.constdata)
    .conststring                             0x00049274   Section       49  enet_io.o(.conststring)
    .conststring                             0x000492a5   Section      987  httpd.o(.conststring)
    .conststring                             0x00049680   Section      104  lwiplib.o(.conststring)
    .conststring                             0x000496e8   Section       17  uartstdio.o(.conststring)
    .data                                    0x20000000   Section       24  enet_io.o(.data)
    g_ulFlags                                0x20000000   Data           4  enet_io.o(.data)
    g_pcConfigSSITags                        0x2000000c   Data          12  enet_io.o(.data)
    .data                                    0x20000018   Section       20  httpd.o(.data)
    .data                                    0x2000002c   Section        4  io.o(.data)
    .data                                    0x20000030   Section       20  io_fs.o(.data)
    pcBuf                                    0x20000030   Data           4  io_fs.o(.data)
    pcBuf                                    0x20000034   Data           4  io_fs.o(.data)
    pcBuf                                    0x20000038   Data           6  io_fs.o(.data)
    pcBuf                                    0x2000003e   Data           6  io_fs.o(.data)
    .data                                    0x20000044   Section      220  lwiplib.o(.data)
    g_bLinkActive                            0x20000044   Data           1  lwiplib.o(.data)
    netif_num                                0x20000045   Data           1  lwiplib.o(.data)
    tcp_timer                                0x20000048   Data           1  lwiplib.o(.data)
    tcp_timer_ctr                            0x20000049   Data           1  lwiplib.o(.data)
    flags                                    0x2000004a   Data           1  lwiplib.o(.data)
    recv_flags                               0x2000004b   Data           1  lwiplib.o(.data)
    etharp_cached_entry                      0x2000004c   Data           1  lwiplib.o(.data)
    tcp_port                                 0x2000004e   Data           2  lwiplib.o(.data)
    udp_port                                 0x20000050   Data           2  lwiplib.o(.data)
    tcplen                                   0x20000052   Data           2  lwiplib.o(.data)
    ip_id                                    0x20000054   Data           2  lwiplib.o(.data)
    g_ui32TCPTimer                           0x2000005c   Data           4  lwiplib.o(.data)
    g_ui32HostTimer                          0x20000060   Data           4  lwiplib.o(.data)
    g_ui32ARPTimer                           0x20000064   Data           4  lwiplib.o(.data)
    g_ui32AutoIPTimer                        0x20000068   Data           4  lwiplib.o(.data)
    g_ui32DHCPCoarseTimer                    0x2000006c   Data           4  lwiplib.o(.data)
    g_ui32DHCPFineTimer                      0x20000070   Data           4  lwiplib.o(.data)
    g_ui32LinkTimer                          0x20000074   Data           4  lwiplib.o(.data)
    g_ui32IPMode                             0x20000078   Data           4  lwiplib.o(.data)
    xid                                      0x2000007c   Data           4  lwiplib.o(.data)
    iss                                      0x20000080   Data           4  lwiplib.o(.data)
    ram                                      0x20000084   Data           4  lwiplib.o(.data)
    ram_end                                  0x20000088   Data           4  lwiplib.o(.data)
    lfree                                    0x2000008c   Data           4  lwiplib.o(.data)
    raw_pcbs                                 0x20000098   Data           4  lwiplib.o(.data)
    tcphdr                                   0x200000b4   Data           4  lwiplib.o(.data)
    iphdr                                    0x200000b8   Data           4  lwiplib.o(.data)
    seqno                                    0x200000bc   Data           4  lwiplib.o(.data)
    ackno                                    0x200000c0   Data           4  lwiplib.o(.data)
    recv_data                                0x200000c4   Data           4  lwiplib.o(.data)
    next_timeout                             0x200000cc   Data           4  lwiplib.o(.data)
    timeouts_last_time                       0x200000d0   Data           4  lwiplib.o(.data)
    tcpip_tcp_timer_active                   0x200000d4   Data           4  lwiplib.o(.data)
    g_ui32IPAddr                             0x200000f8   Data           4  lwiplib.o(.data)
    g_ui32NetMask                            0x200000fc   Data           4  lwiplib.o(.data)
    g_ui32GWAddr                             0x20000100   Data           4  lwiplib.o(.data)
    g_StellarisIFData                        0x20000114   Data          12  lwiplib.o(.data)
    .data                                    0x20000120   Section       16  lwiplib.o(.data)
    .data                                    0x20000130   Section        8  uartstdio.o(.data)
    bLastWasCR                               0x20000130   Data           1  uartstdio.o(.data)
    g_ui32Base                               0x20000134   Data           4  uartstdio.o(.data)
    .bss                                     0x20000138   Section       84  locator.o(.bss)
    g_pui8LocatorData                        0x20000138   Data          84  locator.o(.bss)
    .bss                                     0x2000018c   Section    97028  lwiplib.o(.bss)
    str                                      0x2000018c   Data          16  lwiplib.o(.bss)
    memp_tab                                 0x200101ec   Data          32  lwiplib.o(.bss)
    memp_memory                              0x2001020c   Data       29651  lwiplib.o(.bss)
    inseg                                    0x20017700   Data          16  lwiplib.o(.bss)
    arp_table                                0x20017710   Data         200  lwiplib.o(.bss)
    g_sNetIF                                 0x20017c58   Data          56  lwiplib.o(.bss)
    STACK                                    0x20017c90   Section     1024  startup_rvmdk.o(STACK)
    StackMem                                 0x20017c90   Data           0  startup_rvmdk.o(STACK)

    Global Symbols

    Symbol Name                              Value     Ov Type        Size  Object(Section)

    BuildAttributes$$THM_ISAv4$E$P$D$K$B$S$7EM$VFPi3$EXTD16$VFPS$VFMA$PE$A:L22UL41UL21$X:L11$S22US41US21$IEEE1$IW$USESV6$~STKCKD$USESV7$~SHL$OTIME$EBA8$MICROLIB$REQ8$PRES8$EABIv2 0x00000000   Number         0  anon$$obj.o ABSOLUTE
    __ARM_use_no_argv                        0x00000000   Number         0  enet_io.o ABSOLUTE
    __Vectors                                0x00000000   Data           0  startup_rvmdk.o(RESET)
    __cpp_initialize__aeabi_                  - Undefined Weak Reference
    __cxa_finalize                            - Undefined Weak Reference
    _clock_init                               - Undefined Weak Reference
    _microlib_exit                            - Undefined Weak Reference
    Reset_Handler                            0x00000201   Thumb Code     0  startup_rvmdk.o(RESET)
    __main                                   0x0000021d   Thumb Code     0  entry.o(.ARM.Collect$$$$00000000)
    _main_stk                                0x0000021d   Thumb Code     0  entry2.o(.ARM.Collect$$$$00000001)
    _main_scatterload                        0x00000221   Thumb Code     0  entry5.o(.ARM.Collect$$$$00000004)
    __main_after_scatterload                 0x00000225   Thumb Code     0  entry5.o(.ARM.Collect$$$$00000004)
    _main_clock                              0x00000225   Thumb Code     0  entry7b.o(.ARM.Collect$$$$00000008)
    _main_cpp_init                           0x00000225   Thumb Code     0  entry8b.o(.ARM.Collect$$$$0000000A)
    _main_init                               0x00000225   Thumb Code     0  entry9a.o(.ARM.Collect$$$$0000000B)
    __rt_final_cpp                           0x0000022d   Thumb Code     0  entry10a.o(.ARM.Collect$$$$0000000D)
    __rt_final_exit                          0x0000022d   Thumb Code     0  entry11a.o(.ARM.Collect$$$$0000000F)
    SysCtlDelay                              0x00000231   Thumb Code     6  sysctl.o(.emb_text)
    CPUcpsid                                 0x00000239   Thumb Code     8  cpu.o(.emb_text)
    CPUprimask                               0x00000241   Thumb Code     6  cpu.o(.emb_text)
    CPUcpsie                                 0x00000247   Thumb Code     8  cpu.o(.emb_text)
    CPUwfi                                   0x0000024f   Thumb Code     4  cpu.o(.emb_text)
    CPUbasepriSet                            0x00000253   Thumb Code     6  cpu.o(.emb_text)
    CPUbasepriGet                            0x00000259   Thumb Code     6  cpu.o(.emb_text)
    __aeabi_memcpy                           0x0000025f   Thumb Code    36  memcpya.o(.text)
    __aeabi_memcpy4                          0x0000025f   Thumb Code     0  memcpya.o(.text)
    __aeabi_memcpy8                          0x0000025f   Thumb Code     0  memcpya.o(.text)
    __aeabi_memset                           0x00000283   Thumb Code    14  memseta.o(.text)
    __aeabi_memset4                          0x00000283   Thumb Code     0  memseta.o(.text)
    __aeabi_memset8                          0x00000283   Thumb Code     0  memseta.o(.text)
    __aeabi_memclr                           0x00000291   Thumb Code     4  memseta.o(.text)
    __aeabi_memclr4                          0x00000291   Thumb Code     0  memseta.o(.text)
    __aeabi_memclr8                          0x00000291   Thumb Code     0  memseta.o(.text)
    _memset$wrapper                          0x00000295   Thumb Code    18  memseta.o(.text)
    strstr                                   0x000002a7   Thumb Code    36  strstr.o(.text)
    strchr                                   0x000002cb   Thumb Code    20  strchr.o(.text)
    strlen                                   0x000002df   Thumb Code    14  strlen.o(.text)
    strcmp                                   0x000002ed   Thumb Code    28  strcmp.o(.text)
    memcmp                                   0x00000309   Thumb Code    26  memcmp.o(.text)
    strncmp                                  0x00000323   Thumb Code    30  strncmp.o(.text)
    __scatterload                            0x00000341   Thumb Code    28  init.o(.text)
    __scatterload_rt2                        0x00000341   Thumb Code     0  init.o(.text)
    __decompress                             0x00000365   Thumb Code     0  __dczerorl2.o(.text)
    __decompress1                            0x00000365   Thumb Code    92  __dczerorl2.o(.text)
    AnimTimerIntHandler                      0x000003c1   Thumb Code    36  enet_io.o(i.AnimTimerIntHandler)
    CheckDecimalParam                        0x000003ed   Thumb Code   116  cgifuncs.o(i.CheckDecimalParam)
    DecodeFormString                         0x000004ed   Thumb Code    92  cgifuncs.o(i.DecodeFormString)
    DecodeHexEscape                          0x00000549   Thumb Code    56  cgifuncs.o(i.DecodeHexEscape)
    DisplayIPAddress                         0x00000581   Thumb Code    38  enet_io.o(i.DisplayIPAddress)
    EMACAddrGet                              0x000005b5   Thumb Code    30  emac.o(i.EMACAddrGet)
    EMACConfigGet                            0x000005d5   Thumb Code    62  emac.o(i.EMACConfigGet)
    EMACConfigSet                            0x00000619   Thumb Code    50  emac.o(i.EMACConfigSet)
    EMACFrameFilterSet                       0x00000651   Thumb Code    12  emac.o(i.EMACFrameFilterSet)
    EMACIntClear                             0x00000661   Thumb Code    62  emac.o(i.EMACIntClear)
    EMACIntEnable                            0x0000069f   Thumb Code    70  emac.o(i.EMACIntEnable)
    EMACIntStatus                            0x000006e5   Thumb Code    46  emac.o(i.EMACIntStatus)
    EMACPHYConfigSet                         0x00000715   Thumb Code    98  emac.o(i.EMACPHYConfigSet)
    EMACPHYRead                              0x00000789   Thumb Code    42  emac.o(i.EMACPHYRead)
    EMACPHYWrite                             0x000007b3   Thumb Code    42  emac.o(i.EMACPHYWrite)
    EMACRxDMADescriptorListSet               0x000007dd   Thumb Code     6  emac.o(i.EMACRxDMADescriptorListSet)
    EMACRxEnable                             0x000007e3   Thumb Code    22  emac.o(i.EMACRxEnable)
    EMACTimestampIntStatus                   0x000007f9   Thumb Code     6  emac.o(i.EMACTimestampIntStatus)
    EMACTxDMADescriptorListSet               0x000007ff   Thumb Code     6  emac.o(i.EMACTxDMADescriptorListSet)
    EMACTxDMAPollDemand                      0x00000805   Thumb Code     8  emac.o(i.EMACTxDMAPollDemand)
    EMACTxEnable                             0x0000080d   Thumb Code    22  emac.o(i.EMACTxEnable)
    FindCGIParameter                         0x00000823   Thumb Code    44  cgifuncs.o(i.FindCGIParameter)
    FlashUserGet                             0x00000851   Thumb Code    14  flash.o(i.FlashUserGet)
    GPIODirModeSet                           0x00000865   Thumb Code    40  gpio.o(i.GPIODirModeSet)
    GPIOPadConfigSet                         0x0000088d   Thumb Code   314  gpio.o(i.GPIOPadConfigSet)
    GPIOPinRead                              0x000009c7   Thumb Code     6  gpio.o(i.GPIOPinRead)
    GPIOPinTypeEthernetLED                   0x000009cd   Thumb Code    28  gpio.o(i.GPIOPinTypeEthernetLED)
    GPIOPinWrite                             0x000009e9   Thumb Code     6  gpio.o(i.GPIOPinWrite)
    GetCGIParam                              0x000009ef   Thumb Code    40  cgifuncs.o(i.GetCGIParam)
    HexDigit                                 0x00000a17   Thumb Code    42  cgifuncs.o(i.HexDigit)
    InitDMADescriptors                       0x00000a41   Thumb Code   168  lwiplib.o(i.InitDMADescriptors)
    IntEnable                                0x00000afd   Thumb Code    92  interrupt.o(i.IntEnable)
    IntMasterEnable                          0x00000b61   Thumb Code    14  interrupt.o(i.IntMasterEnable)
    IntPrioritySet                           0x00000b71   Thumb Code    36  interrupt.o(i.IntPrioritySet)
    IsValidHexDigit                          0x00000b99   Thumb Code    28  cgifuncs.o(i.IsValidHexDigit)
    LocatorAppTitleSet                       0x00000bb5   Thumb Code    42  locator.o(i.LocatorAppTitleSet)
    LocatorInit                              0x00000be5   Thumb Code    68  locator.o(i.LocatorInit)
    LocatorMACAddrSet                        0x00000c35   Thumb Code    28  locator.o(i.LocatorMACAddrSet)
    PinoutSet                                0x00000cdd   Thumb Code   406  pinout.o(i.PinoutSet)
    SysCtlClockFreqSet                       0x00000fc1   Thumb Code   672  sysctl.o(i.SysCtlClockFreqSet)
    SysCtlMOSCConfigSet                      0x00001289   Thumb Code     6  sysctl.o(i.SysCtlMOSCConfigSet)
    SysCtlPeripheralReady                    0x00001295   Thumb Code    40  sysctl.o(i.SysCtlPeripheralReady)
    SysCtlPeripheralReset                    0x000012c1   Thumb Code    56  sysctl.o(i.SysCtlPeripheralReset)
    SysTickEnable                            0x000012fd   Thumb Code    14  systick.o(i.SysTickEnable)
    SysTickIntEnable                         0x0000130b   Thumb Code    14  systick.o(i.SysTickIntEnable)
    SysTickIntHandler                        0x00001319   Thumb Code     6  enet_io.o(i.SysTickIntHandler)
    SysTickPeriodSet                         0x0000131f   Thumb Code    10  systick.o(i.SysTickPeriodSet)
    TimerIntClear                            0x00001329   Thumb Code     4  timer.o(i.TimerIntClear)
    UARTStdioConfig                          0x0000132d   Thumb Code    82  uartstdio.o(i.UARTStdioConfig)
    UARTprintf                               0x00001389   Thumb Code    18  uartstdio.o(i.UARTprintf)
    UARTvprintf                              0x0000139d   Thumb Code   420  uartstdio.o(i.UARTvprintf)
    UARTwrite                                0x00001551   Thumb Code    56  uartstdio.o(i.UARTwrite)
    __scatterload_copy                       0x0000158d   Thumb Code    14  handlers.o(i.__scatterload_copy)
    __scatterload_null                       0x0000159b   Thumb Code     2  handlers.o(i.__scatterload_null)
    __scatterload_zeroinit                   0x0000159d   Thumb Code    14  handlers.o(i.__scatterload_zeroinit)
    autoip_arp_reply                         0x000015f1   Thumb Code   124  lwiplib.o(i.autoip_arp_reply)
    autoip_network_changed                   0x0000166d   Thumb Code    34  lwiplib.o(i.autoip_network_changed)
    autoip_start                             0x0000169d   Thumb Code   128  lwiplib.o(i.autoip_start)
    autoip_stop                              0x0000176d   Thumb Code    16  lwiplib.o(i.autoip_stop)
    autoip_tmr                               0x00001795   Thumb Code   260  lwiplib.o(i.autoip_tmr)
    dhcp_arp_reply                           0x000018a1   Thumb Code    30  lwiplib.o(i.dhcp_arp_reply)
    dhcp_coarse_tmr                          0x000019b9   Thumb Code    90  lwiplib.o(i.dhcp_coarse_tmr)
    dhcp_fine_tmr                            0x00001c85   Thumb Code    46  lwiplib.o(i.dhcp_fine_tmr)
    dhcp_network_changed                     0x00001d11   Thumb Code    84  lwiplib.o(i.dhcp_network_changed)
    dhcp_release                             0x00002251   Thumb Code   158  lwiplib.o(i.dhcp_release)
    dhcp_renew                               0x000022f5   Thumb Code   130  lwiplib.o(i.dhcp_renew)
    dhcp_start                               0x00002469   Thumb Code   152  lwiplib.o(i.dhcp_start)
    dhcp_stop                                0x00002509   Thumb Code    62  lwiplib.o(i.dhcp_stop)
    etharp_cleanup_netif                     0x0000272d   Thumb Code    42  lwiplib.o(i.etharp_cleanup_netif)
    etharp_output                            0x00002871   Thumb Code   274  lwiplib.o(i.etharp_output)
    etharp_query                             0x000029d9   Thumb Code   262  lwiplib.o(i.etharp_query)
    etharp_raw                               0x00002aed   Thumb Code   184  lwiplib.o(i.etharp_raw)
    etharp_request                           0x00002bad   Thumb Code    32  lwiplib.o(i.etharp_request)
    etharp_tmr                               0x00002bf1   Thumb Code    66  lwiplib.o(i.etharp_tmr)
    ethernet_input                           0x00002cb5   Thumb Code   160  lwiplib.o(i.ethernet_input)
    fs_bytes_left                            0x00002dc5   Thumb Code     8  io_fs.o(i.fs_bytes_left)
    fs_close                                 0x00002dcd   Thumb Code     4  io_fs.o(i.fs_close)
    fs_open                                  0x00002dd1   Thumb Code   224  io_fs.o(i.fs_open)
    fs_read                                  0x00002f01   Thumb Code    66  io_fs.o(i.fs_read)
    http_set_cgi_handlers                    0x00003941   Thumb Code     8  httpd.o(i.http_set_cgi_handlers)
    http_set_ssi_handler                     0x0000394d   Thumb Code    10  httpd.o(i.http_set_ssi_handler)
    httpd_init                               0x000039c1   Thumb Code    54  httpd.o(i.httpd_init)
    icmp_dest_unreach                        0x00003a01   Thumb Code     8  lwiplib.o(i.icmp_dest_unreach)
    icmp_input                               0x00003a09   Thumb Code   348  lwiplib.o(i.icmp_input)
    inet_chksum                              0x00003bdd   Thumb Code    12  lwiplib.o(i.inet_chksum)
    inet_chksum_pbuf                         0x00003be9   Thumb Code    72  lwiplib.o(i.inet_chksum_pbuf)
    inet_chksum_pseudo                       0x00003c31   Thumb Code   134  lwiplib.o(i.inet_chksum_pseudo)
    io_get_animation_speed                   0x00003cb9   Thumb Code     6  io.o(i.io_get_animation_speed)
    io_get_animation_speed_string            0x00003cc5   Thumb Code    10  io.o(i.io_get_animation_speed_string)
    io_get_ledstate                          0x00003cdd   Thumb Code    40  io.o(i.io_get_ledstate)
    io_init                                  0x00003d11   Thumb Code   102  io.o(i.io_init)
    io_is_led_on                             0x00003d89   Thumb Code    24  io.o(i.io_is_led_on)
    io_set_animation_speed                   0x00003da5   Thumb Code    16  io.o(i.io_set_animation_speed)
    io_set_animation_speed_string            0x00003db9   Thumb Code    42  io.o(i.io_set_animation_speed_string)
    io_set_led                               0x00003de9   Thumb Code    16  io.o(i.io_set_led)
    ip4_addr_isbroadcast                     0x00003e49   Thumb Code    46  lwiplib.o(i.ip4_addr_isbroadcast)
    ip_input                                 0x00003e79   Thumb Code   518  lwiplib.o(i.ip_input)
    ip_output                                0x00004089   Thumb Code    60  lwiplib.o(i.ip_output)
    ip_output_if                             0x000040c9   Thumb Code   186  lwiplib.o(i.ip_output_if)
    ip_route                                 0x0000418d   Thumb Code    62  lwiplib.o(i.ip_route)
    lwIPEthernetIntHandler                   0x000041d5   Thumb Code    76  lwiplib.o(i.lwIPEthernetIntHandler)
    lwIPHostTimerHandler                     0x0000422d   Thumb Code   110  enet_io.o(i.lwIPHostTimerHandler)
    lwIPInit                                 0x00004315   Thumb Code   182  lwiplib.o(i.lwIPInit)
    lwIPLocalIPAddrGet                       0x00004459   Thumb Code    18  lwiplib.o(i.lwIPLocalIPAddrGet)
    lwIPTimer                                0x0000455d   Thumb Code    20  lwiplib.o(i.lwIPTimer)
    lwip_init                                0x00004579   Thumb Code    18  lwiplib.o(i.lwip_init)
    main                                     0x000045e1   Thumb Code   274  enet_io.o(i.main)
    mem_free                                 0x0000476d   Thumb Code    80  lwiplib.o(i.mem_free)
    mem_init                                 0x000047c5   Thumb Code    50  lwiplib.o(i.mem_init)
    mem_malloc                               0x00004805   Thumb Code   214  lwiplib.o(i.mem_malloc)
    mem_trim                                 0x000048e5   Thumb Code   216  lwiplib.o(i.mem_trim)
    memp_free                                0x000049c5   Thumb Code    54  lwiplib.o(i.memp_free)
    memp_init                                0x00004a05   Thumb Code    98  lwiplib.o(i.memp_init)
    memp_malloc                              0x00004a75   Thumb Code    78  lwiplib.o(i.memp_malloc)
    netif_add                                0x00004acd   Thumb Code    70  lwiplib.o(i.netif_add)
    netif_set_addr                           0x00004b19   Thumb Code    32  lwiplib.o(i.netif_set_addr)
    netif_set_down                           0x00004b39   Thumb Code    26  lwiplib.o(i.netif_set_down)
    netif_set_gw                             0x00004b53   Thumb Code     8  lwiplib.o(i.netif_set_gw)
    netif_set_ipaddr                         0x00004b5d   Thumb Code   112  lwiplib.o(i.netif_set_ipaddr)
    netif_set_link_down                      0x00004bd1   Thumb Code    18  lwiplib.o(i.netif_set_link_down)
    netif_set_link_up                        0x00004be3   Thumb Code    66  lwiplib.o(i.netif_set_link_up)
    netif_set_netmask                        0x00004c25   Thumb Code     8  lwiplib.o(i.netif_set_netmask)
    netif_set_up                             0x00004c2d   Thumb Code    32  lwiplib.o(i.netif_set_up)
    pbuf_alloc                               0x00004c4d   Thumb Code   284  lwiplib.o(i.pbuf_alloc)
    pbuf_cat                                 0x00004d69   Thumb Code    40  lwiplib.o(i.pbuf_cat)
    pbuf_chain                               0x00004d91   Thumb Code    18  lwiplib.o(i.pbuf_chain)
    pbuf_clen                                0x00004da3   Thumb Code    18  lwiplib.o(i.pbuf_clen)
    pbuf_copy                                0x00004db5   Thumb Code   154  lwiplib.o(i.pbuf_copy)
    pbuf_copy_partial                        0x00004e4f   Thumb Code   104  lwiplib.o(i.pbuf_copy_partial)
    pbuf_free                                0x00004eb7   Thumb Code    82  lwiplib.o(i.pbuf_free)
    pbuf_header                              0x00004f09   Thumb Code    96  lwiplib.o(i.pbuf_header)
    pbuf_realloc                             0x00004f81   Thumb Code    78  lwiplib.o(i.pbuf_realloc)
    pbuf_ref                                 0x00004fcf   Thumb Code    26  lwiplib.o(i.pbuf_ref)
    raw_input                                0x0000503d   Thumb Code   108  lwiplib.o(i.raw_input)
    sys_arch_protect                         0x000050ed   Thumb Code    10  lwiplib.o(i.sys_arch_protect)
    sys_arch_unprotect                       0x000050f7   Thumb Code    16  lwiplib.o(i.sys_arch_unprotect)
    sys_timeout                              0x00005109   Thumb Code    88  lwiplib.o(i.sys_timeout)
    sys_timeouts_init                        0x00005165   Thumb Code    60  lwiplib.o(i.sys_timeouts_init)
    tcp_abandon                              0x000051b5   Thumb Code   144  lwiplib.o(i.tcp_abandon)
    tcp_abort                                0x00005249   Thumb Code     6  lwiplib.o(i.tcp_abort)
    tcp_accept                               0x0000524f   Thumb Code     4  lwiplib.o(i.tcp_accept)
    tcp_alloc                                0x00005259   Thumb Code   260  lwiplib.o(i.tcp_alloc)
    tcp_arg                                  0x0000536d   Thumb Code     4  lwiplib.o(i.tcp_arg)
    tcp_bind                                 0x00005371   Thumb Code   118  lwiplib.o(i.tcp_bind)
    tcp_close                                0x000053f1   Thumb Code    20  lwiplib.o(i.tcp_close)
    tcp_eff_send_mss                         0x000055c5   Thumb Code    32  lwiplib.o(i.tcp_eff_send_mss)
    tcp_enqueue_flags                        0x000055e5   Thumb Code   208  lwiplib.o(i.tcp_enqueue_flags)
    tcp_err                                  0x000056b9   Thumb Code     6  lwiplib.o(i.tcp_err)
    tcp_fasttmr                              0x000056c1   Thumb Code    88  lwiplib.o(i.tcp_fasttmr)
    tcp_input                                0x0000571d   Thumb Code   836  lwiplib.o(i.tcp_input)
    tcp_keepalive                            0x00005a6d   Thumb Code    84  lwiplib.o(i.tcp_keepalive)
    tcp_listen_with_backlog                  0x00005ba9   Thumb Code   126  lwiplib.o(i.tcp_listen_with_backlog)
    tcp_new                                  0x00005c31   Thumb Code     6  lwiplib.o(i.tcp_new)
    tcp_next_iss                             0x00005c95   Thumb Code    12  lwiplib.o(i.tcp_next_iss)
    tcp_output                               0x00005d15   Thumb Code   336  lwiplib.o(i.tcp_output)
    tcp_pcb_purge                            0x0000604b   Thumb Code    66  lwiplib.o(i.tcp_pcb_purge)
    tcp_pcb_remove                           0x0000608d   Thumb Code    84  lwiplib.o(i.tcp_pcb_remove)
    tcp_poll                                 0x000060e5   Thumb Code     8  lwiplib.o(i.tcp_poll)
    tcp_process_refused_data                 0x00006401   Thumb Code   102  lwiplib.o(i.tcp_process_refused_data)
    tcp_recv                                 0x00006ac5   Thumb Code     6  lwiplib.o(i.tcp_recv)
    tcp_recv_null                            0x00006acb   Thumb Code    36  lwiplib.o(i.tcp_recv_null)
    tcp_recved                               0x00006aef   Thumb Code    54  lwiplib.o(i.tcp_recved)
    tcp_rexmit                               0x00006b25   Thumb Code    66  lwiplib.o(i.tcp_rexmit)
    tcp_rexmit_fast                          0x00006b67   Thumb Code    88  lwiplib.o(i.tcp_rexmit_fast)
    tcp_rexmit_rto                           0x00006bbf   Thumb Code    46  lwiplib.o(i.tcp_rexmit_rto)
    tcp_rst                                  0x00006bed   Thumb Code   128  lwiplib.o(i.tcp_rst)
    tcp_seg_copy                             0x00006c71   Thumb Code    32  lwiplib.o(i.tcp_seg_copy)
    tcp_seg_free                             0x00006c91   Thumb Code    28  lwiplib.o(i.tcp_seg_free)
    tcp_segs_free                            0x00006cad   Thumb Code    18  lwiplib.o(i.tcp_segs_free)
    tcp_send_empty_ack                       0x00006cbf   Thumb Code    86  lwiplib.o(i.tcp_send_empty_ack)
    tcp_send_fin                             0x00006d15   Thumb Code    50  lwiplib.o(i.tcp_send_fin)
    tcp_sent                                 0x00006d47   Thumb Code     4  lwiplib.o(i.tcp_sent)
    tcp_setprio                              0x00006d4b   Thumb Code     4  lwiplib.o(i.tcp_setprio)
    tcp_slowtmr                              0x00006d51   Thumb Code   628  lwiplib.o(i.tcp_slowtmr)
    tcp_timer_needed                         0x00006fd1   Thumb Code    36  lwiplib.o(i.tcp_timer_needed)
    tcp_tmr                                  0x0000705d   Thumb Code    28  lwiplib.o(i.tcp_tmr)
    tcp_update_rcv_ann_wnd                   0x0000707d   Thumb Code    52  lwiplib.o(i.tcp_update_rcv_ann_wnd)
    tcp_write                                0x000070b1   Thumb Code   744  lwiplib.o(i.tcp_write)
    tcp_zero_window_probe                    0x0000739d   Thumb Code   166  lwiplib.o(i.tcp_zero_window_probe)
    tivaif_init                              0x00007535   Thumb Code    40  lwiplib.o(i.tivaif_init)
    tivaif_interrupt                         0x00007569   Thumb Code    70  lwiplib.o(i.tivaif_interrupt)
    tivaif_process_phy_interrupt             0x000075b5   Thumb Code   118  lwiplib.o(i.tivaif_process_phy_interrupt)
    udp_bind                                 0x00007955   Thumb Code   162  lwiplib.o(i.udp_bind)
    udp_connect                              0x000079fd   Thumb Code    70  lwiplib.o(i.udp_connect)
    udp_input                                0x00007a49   Thumb Code   454  lwiplib.o(i.udp_input)
    udp_new                                  0x00007c19   Thumb Code    26  lwiplib.o(i.udp_new)
    udp_recv                                 0x00007c33   Thumb Code     6  lwiplib.o(i.udp_recv)
    udp_remove                               0x00007c39   Thumb Code    40  lwiplib.o(i.udp_remove)
    udp_sendto                               0x00007c65   Thumb Code    48  lwiplib.o(i.udp_sendto)
    udp_sendto_if                            0x00007c99   Thumb Code   214  lwiplib.o(i.udp_sendto_if)
    usnprintf                                0x00007d75   Thumb Code    18  ustdlib.o(i.usnprintf)
    usprintf                                 0x00007d87   Thumb Code    22  ustdlib.o(i.usprintf)
    ustrncmp                                 0x00007d9d   Thumb Code    46  ustdlib.o(i.ustrncmp)
    ustrncpy                                 0x00007dcb   Thumb Code    34  ustdlib.o(i.ustrncpy)
    uvsnprintf                               0x00007ded   Thumb Code   578  ustdlib.o(i.uvsnprintf)
    g_pcTagLeadIn                            0x0000804c   Data           4  httpd.o(.constdata)
    g_pcTagLeadOut                           0x00008050   Data           4  httpd.o(.constdata)
    g_psDefaultFilenames                     0x00008144   Data          40  httpd.o(.constdata)
    g_pcSSIExtensions                        0x0000816c   Data          16  httpd.o(.constdata)
    file_tm4c_jpg                            0x00048d74   Data          20  io_fs.o(.constdata)
    file_ti_jpg                              0x00048d88   Data          20  io_fs.o(.constdata)
    file_styles_css                          0x00048d9c   Data          20  io_fs.o(.constdata)
    file_perror_htm                          0x00048db0   Data          20  io_fs.o(.constdata)
    file_overview_htm                        0x00048dc4   Data          20  io_fs.o(.constdata)
    file_javascript_load_js                  0x00048dd8   Data          20  io_fs.o(.constdata)
    file_javascript_js                       0x00048dec   Data          20  io_fs.o(.constdata)
    file_io_http_htm                         0x00048e00   Data          20  io_fs.o(.constdata)
    file_io_cgi_ssi                          0x00048e14   Data          20  io_fs.o(.constdata)
    file_index_htm                           0x00048e28   Data          20  io_fs.o(.constdata)
    file_favicon_ico                         0x00048e3c   Data          20  io_fs.o(.constdata)
    file_ek_tm4c1294xl_jpg                   0x00048e50   Data          20  io_fs.o(.constdata)
    file_block_jpg                           0x00048e64   Data          20  io_fs.o(.constdata)
    file_block_htm                           0x00048e78   Data          20  io_fs.o(.constdata)
    file_about_htm                           0x00048e8c   Data          20  io_fs.o(.constdata)
    file_404_htm                             0x00048ea0   Data          20  io_fs.o(.constdata)
    ip_addr_any                              0x00048eb4   Data           4  lwiplib.o(.constdata)
    ip_addr_broadcast                        0x00048eb8   Data           4  lwiplib.o(.constdata)
    ethbroadcast                             0x00048ebc   Data           6  lwiplib.o(.constdata)
    ethzero                                  0x00048ec2   Data           6  lwiplib.o(.constdata)
    tcp_persist_backoff                      0x00048ec8   Data           7  lwiplib.o(.constdata)
    tcp_state_str                            0x00048ef0   Data          44  lwiplib.o(.constdata)
    tcp_backoff                              0x00048f1c   Data          13  lwiplib.o(.constdata)
    tcp_pcb_lists                            0x00048f2c   Data          16  lwiplib.o(.constdata)
    Region$$Table$$Base                      0x000496fc   Number         0  anon$$obj.o(Region$$Table)
    Region$$Table$$Limit                     0x0004971c   Number         0  anon$$obj.o(Region$$Table)
    g_ui32IPAddress                          0x20000004   Data           4  enet_io.o(.data)
    g_ui32SysClock                           0x20000008   Data           4  enet_io.o(.data)
    g_pfnSSIHandler                          0x20000018   Data           4  httpd.o(.data)
    g_iNumTags                               0x2000001c   Data           4  httpd.o(.data)
    g_ppcTags                                0x20000020   Data           4  httpd.o(.data)
    g_pCGIs                                  0x20000024   Data           4  httpd.o(.data)
    g_iNumCGIs                               0x20000028   Data           4  httpd.o(.data)
    g_ulAnimSpeed                            0x2000002c   Data           4  io.o(.data)
    pbuf_free_ooseq_pending                  0x20000046   Data           1  lwiplib.o(.data)
    tcp_active_pcbs_changed                  0x20000047   Data           1  lwiplib.o(.data)
    g_ui32LocalTimer                         0x20000058   Data           4  lwiplib.o(.data)
    netif_list                               0x20000090   Data           4  lwiplib.o(.data)
    netif_default                            0x20000094   Data           4  lwiplib.o(.data)
    tcp_ticks                                0x2000009c   Data           4  lwiplib.o(.data)
    tcp_bound_pcbs                           0x200000a0   Data           4  lwiplib.o(.data)
    tcp_listen_pcbs                          0x200000a4   Data           4  lwiplib.o(.data)
    tcp_active_pcbs                          0x200000a8   Data           4  lwiplib.o(.data)
    tcp_tw_pcbs                              0x200000ac   Data           4  lwiplib.o(.data)
    tcp_tmp_pcb                              0x200000b0   Data           4  lwiplib.o(.data)
    tcp_input_pcb                            0x200000c8   Data           4  lwiplib.o(.data)
    udp_pcbs                                 0x200000d8   Data           4  lwiplib.o(.data)
    current_netif                            0x200000dc   Data           4  lwiplib.o(.data)
    current_header                           0x200000e0   Data           4  lwiplib.o(.data)
    current_iphdr_src                        0x200000e4   Data           4  lwiplib.o(.data)
    current_iphdr_dest                       0x200000e8   Data           4  lwiplib.o(.data)
    g_ui32NormalInts                         0x200000ec   Data           4  lwiplib.o(.data)
    g_ui32AbnormalInts                       0x200000f0   Data           4  lwiplib.o(.data)
    g_pfnTimerHandler                        0x200000f4   Data           4  lwiplib.o(.data)
    g_TxDescList                             0x20000104   Data          16  lwiplib.o(.data)
    g_RxDescList                             0x20000120   Data          16  lwiplib.o(.data)
    dhcp_rx_options_val                      0x2000019c   Data          40  lwiplib.o(.bss)
    dhcp_rx_options_given                    0x200001c4   Data          10  lwiplib.o(.bss)
    ram_heap                                 0x200001ce   Data       65564  lwiplib.o(.bss)
    lwip_stats                               0x200175e0   Data         288  lwiplib.o(.bss)
    g_pTxDescriptors                         0x200177d8   Data         864  lwiplib.o(.bss)
    g_pRxDescriptors                         0x20017b38   Data         288  lwiplib.o(.bss)
    __initial_sp                             0x20018090   Data           0  startup_rvmdk.o(STACK)



==============================================================================

Memory Map of the image

  Image Entry point : 0x00000201

  Load Region LR_IROM (Base: 0x00000000, Size: 0x00049854, Max: 0x00100000, ABSOLUTE, COMPRESSED[0x0004974c])

    Execution Region ER_IROM (Base: 0x00000000, Size: 0x0004971c, Max: 0x00100000, ABSOLUTE)

    Base Addr    Size         Type   Attr      Idx    E Section Name        Object

    0x00000000   0x0000021c   Code   RO         2267  * RESET               startup_rvmdk.o
    0x0000021c   0x00000000   Code   RO         4113  * .ARM.Collect$$$$00000000  mc_w.l(entry.o)
    0x0000021c   0x00000004   Code   RO         4134    .ARM.Collect$$$$00000001  mc_w.l(entry2.o)
    0x00000220   0x00000004   Code   RO         4137    .ARM.Collect$$$$00000004  mc_w.l(entry5.o)
    0x00000224   0x00000000   Code   RO         4139    .ARM.Collect$$$$00000008  mc_w.l(entry7b.o)
    0x00000224   0x00000000   Code   RO         4141    .ARM.Collect$$$$0000000A  mc_w.l(entry8b.o)
    0x00000224   0x00000008   Code   RO         4142    .ARM.Collect$$$$0000000B  mc_w.l(entry9a.o)
    0x0000022c   0x00000000   Code   RO         4144    .ARM.Collect$$$$0000000D  mc_w.l(entry10a.o)
    0x0000022c   0x00000000   Code   RO         4146    .ARM.Collect$$$$0000000F  mc_w.l(entry11a.o)
    0x0000022c   0x00000004   Code   RO         4135    .ARM.Collect$$$$00002712  mc_w.l(entry2.o)
    0x00000230   0x00000006   Code   RO         3424    .emb_text           driverlib.lib(sysctl.o)
    0x00000236   0x00000002   PAD
    0x00000238   0x00000026   Code   RO         4065    .emb_text           driverlib.lib(cpu.o)
    0x0000025e   0x00000024   Code   RO         4116    .text               mc_w.l(memcpya.o)
    0x00000282   0x00000024   Code   RO         4118    .text               mc_w.l(memseta.o)
    0x000002a6   0x00000024   Code   RO         4120    .text               mc_w.l(strstr.o)
    0x000002ca   0x00000014   Code   RO         4122    .text               mc_w.l(strchr.o)
    0x000002de   0x0000000e   Code   RO         4124    .text               mc_w.l(strlen.o)
    0x000002ec   0x0000001c   Code   RO         4126    .text               mc_w.l(strcmp.o)
    0x00000308   0x0000001a   Code   RO         4128    .text               mc_w.l(memcmp.o)
    0x00000322   0x0000001e   Code   RO         4130    .text               mc_w.l(strncmp.o)
    0x00000340   0x00000024   Code   RO         4148    .text               mc_w.l(init.o)
    0x00000364   0x0000005c   Code   RO         4158    .text               mc_w.l(__dczerorl2.o)
    0x000003c0   0x0000002c   Code   RO           80    i.AnimTimerIntHandler  enet_io.o
    0x000003ec   0x00000074   Code   RO            1    i.CheckDecimalParam  cgifuncs.o
    0x00000460   0x0000008c   Code   RO           81    i.ControlCGIHandler  enet_io.o
    0x000004ec   0x0000005c   Code   RO            2    i.DecodeFormString  cgifuncs.o
    0x00000548   0x00000038   Code   RO            3    i.DecodeHexEscape   cgifuncs.o
    0x00000580   0x00000034   Code   RO           82    i.DisplayIPAddress  enet_io.o
    0x000005b4   0x0000001e   Code   RO         2436    i.EMACAddrGet       driverlib.lib(emac.o)
    0x000005d2   0x00000002   PAD
    0x000005d4   0x00000044   Code   RO         2438    i.EMACConfigGet     driverlib.lib(emac.o)
    0x00000618   0x00000038   Code   RO         2439    i.EMACConfigSet     driverlib.lib(emac.o)
    0x00000650   0x00000010   Code   RO         2442    i.EMACFrameFilterSet  driverlib.lib(emac.o)
    0x00000660   0x0000003e   Code   RO         2447    i.EMACIntClear      driverlib.lib(emac.o)
    0x0000069e   0x00000046   Code   RO         2449    i.EMACIntEnable     driverlib.lib(emac.o)
    0x000006e4   0x0000002e   Code   RO         2451    i.EMACIntStatus     driverlib.lib(emac.o)
    0x00000712   0x00000002   PAD
    0x00000714   0x00000074   Code   RO         2454    i.EMACPHYConfigSet  driverlib.lib(emac.o)
    0x00000788   0x0000002a   Code   RO         2459    i.EMACPHYRead       driverlib.lib(emac.o)
    0x000007b2   0x0000002a   Code   RO         2460    i.EMACPHYWrite      driverlib.lib(emac.o)
    0x000007dc   0x00000006   Code   RO         2470    i.EMACRxDMADescriptorListSet  driverlib.lib(emac.o)
    0x000007e2   0x00000016   Code   RO         2473    i.EMACRxEnable      driverlib.lib(emac.o)
    0x000007f8   0x00000006   Code   RO         2481    i.EMACTimestampIntStatus  driverlib.lib(emac.o)
    0x000007fe   0x00000006   Code   RO         2495    i.EMACTxDMADescriptorListSet  driverlib.lib(emac.o)
    0x00000804   0x00000008   Code   RO         2496    i.EMACTxDMAPollDemand  driverlib.lib(emac.o)
    0x0000080c   0x00000016   Code   RO         2498    i.EMACTxEnable      driverlib.lib(emac.o)
    0x00000822   0x0000002c   Code   RO            5    i.FindCGIParameter  cgifuncs.o
    0x0000084e   0x00000002   PAD
    0x00000850   0x00000014   Code   RO         2916    i.FlashUserGet      driverlib.lib(flash.o)
    0x00000864   0x00000028   Code   RO         3011    i.GPIODirModeSet    driverlib.lib(gpio.o)
    0x0000088c   0x0000013a   Code   RO         3021    i.GPIOPadConfigSet  driverlib.lib(gpio.o)
    0x000009c6   0x00000006   Code   RO         3023    i.GPIOPinRead       driverlib.lib(gpio.o)
    0x000009cc   0x0000001c   Code   RO         3029    i.GPIOPinTypeEthernetLED  driverlib.lib(gpio.o)
    0x000009e8   0x00000006   Code   RO         3053    i.GPIOPinWrite      driverlib.lib(gpio.o)
    0x000009ee   0x00000028   Code   RO            6    i.GetCGIParam       cgifuncs.o
    0x00000a16   0x0000002a   Code   RO            7    i.HexDigit          cgifuncs.o
    0x00000a40   0x000000bc   Code   RO          661    i.InitDMADescriptors  lwiplib.o
    0x00000afc   0x00000064   Code   RO         3309    i.IntEnable         driverlib.lib(interrupt.o)
    0x00000b60   0x0000000e   Code   RO         3312    i.IntMasterEnable   driverlib.lib(interrupt.o)
    0x00000b6e   0x00000002   PAD
    0x00000b70   0x00000028   Code   RO         3320    i.IntPrioritySet    driverlib.lib(interrupt.o)
    0x00000b98   0x0000001c   Code   RO            8    i.IsValidHexDigit   cgifuncs.o
    0x00000bb4   0x00000030   Code   RO          606    i.LocatorAppTitleSet  locator.o
    0x00000be4   0x00000050   Code   RO          610    i.LocatorInit       locator.o
    0x00000c34   0x00000020   Code   RO          611    i.LocatorMACAddrSet  locator.o
    0x00000c54   0x00000088   Code   RO          612    i.LocatorReceive    locator.o
    0x00000cdc   0x000001c8   Code   RO         2237    i.PinoutSet         pinout.o
    0x00000ea4   0x000000bc   Code   RO           83    i.SSIHandler        enet_io.o
    0x00000f60   0x00000060   Code   RO           84    i.SetTextCGIHandler  enet_io.o
    0x00000fc0   0x000002c8   Code   RO         3426    i.SysCtlClockFreqSet  driverlib.lib(sysctl.o)
    0x00001288   0x0000000c   Code   RO         3448    i.SysCtlMOSCConfigSet  driverlib.lib(sysctl.o)
    0x00001294   0x0000002c   Code   RO         3462    i.SysCtlPeripheralReady  driverlib.lib(sysctl.o)
    0x000012c0   0x0000003c   Code   RO         3463    i.SysCtlPeripheralReset  driverlib.lib(sysctl.o)
    0x000012fc   0x0000000e   Code   RO         3761    i.SysTickEnable     driverlib.lib(systick.o)
    0x0000130a   0x0000000e   Code   RO         3763    i.SysTickIntEnable  driverlib.lib(systick.o)
    0x00001318   0x00000006   Code   RO           85    i.SysTickIntHandler  enet_io.o
    0x0000131e   0x0000000a   Code   RO         3767    i.SysTickPeriodSet  driverlib.lib(systick.o)
    0x00001328   0x00000004   Code   RO         3837    i.TimerIntClear     driverlib.lib(timer.o)
    0x0000132c   0x0000005c   Code   RO         2272    i.UARTStdioConfig   uartstdio.o
    0x00001388   0x00000012   Code   RO         2275    i.UARTprintf        uartstdio.o
    0x0000139a   0x00000002   PAD
    0x0000139c   0x000001b4   Code   RO         2276    i.UARTvprintf       uartstdio.o
    0x00001550   0x0000003c   Code   RO         2277    i.UARTwrite         uartstdio.o
    0x0000158c   0x0000000e   Code   RO         4152    i.__scatterload_copy  mc_w.l(handlers.o)
    0x0000159a   0x00000002   Code   RO         4153    i.__scatterload_null  mc_w.l(handlers.o)
    0x0000159c   0x0000000e   Code   RO         4154    i.__scatterload_zeroinit  mc_w.l(handlers.o)
    0x000015aa   0x00000002   PAD
    0x000015ac   0x0000001c   Code   RO          662    i.arp_timer         lwiplib.o
    0x000015c8   0x00000028   Code   RO          663    i.autoip_arp_announce  lwiplib.o
    0x000015f0   0x0000007c   Code   RO          664    i.autoip_arp_reply  lwiplib.o
    0x0000166c   0x00000022   Code   RO          665    i.autoip_network_changed  lwiplib.o
    0x0000168e   0x0000000c   Code   RO          666    i.autoip_restart    lwiplib.o
    0x0000169a   0x00000002   PAD
    0x0000169c   0x0000008c   Code   RO          668    i.autoip_start      lwiplib.o
    0x00001728   0x00000044   Code   RO          669    i.autoip_start_probing  lwiplib.o
    0x0000176c   0x00000010   Code   RO          670    i.autoip_stop       lwiplib.o
    0x0000177c   0x00000018   Code   RO          671    i.autoip_timer      lwiplib.o
    0x00001794   0x0000010c   Code   RO          672    i.autoip_tmr        lwiplib.o
    0x000018a0   0x0000001e   Code   RO          673    i.dhcp_arp_reply    lwiplib.o
    0x000018be   0x000000d2   Code   RO          674    i.dhcp_bind         lwiplib.o
    0x00001990   0x00000026   Code   RO          675    i.dhcp_check        lwiplib.o
    0x000019b6   0x00000002   PAD
    0x000019b8   0x00000060   Code   RO          677    i.dhcp_coarse_tmr   lwiplib.o
    0x00001a18   0x0000011c   Code   RO          678    i.dhcp_create_msg   lwiplib.o
    0x00001b34   0x00000068   Code   RO          679    i.dhcp_decline      lwiplib.o
    0x00001b9c   0x00000016   Code   RO          680    i.dhcp_delete_msg   lwiplib.o
    0x00001bb2   0x00000002   PAD
    0x00001bb4   0x000000d0   Code   RO          681    i.dhcp_discover     lwiplib.o
    0x00001c84   0x00000034   Code   RO          682    i.dhcp_fine_tmr     lwiplib.o
    0x00001cb8   0x00000058   Code   RO          683    i.dhcp_handle_ack   lwiplib.o
    0x00001d10   0x00000054   Code   RO          685    i.dhcp_network_changed  lwiplib.o
    0x00001d64   0x00000020   Code   RO          686    i.dhcp_option       lwiplib.o
    0x00001d84   0x00000010   Code   RO          687    i.dhcp_option_byte  lwiplib.o
    0x00001d94   0x00000042   Code   RO          688    i.dhcp_option_long  lwiplib.o
    0x00001dd6   0x00000022   Code   RO          689    i.dhcp_option_short  lwiplib.o
    0x00001df8   0x0000002c   Code   RO          690    i.dhcp_option_trailer  lwiplib.o
    0x00001e24   0x00000200   Code   RO          691    i.dhcp_parse_reply  lwiplib.o
    0x00002024   0x00000084   Code   RO          692    i.dhcp_rebind       lwiplib.o
    0x000020a8   0x0000009c   Code   RO          693    i.dhcp_reboot       lwiplib.o
    0x00002144   0x0000010c   Code   RO          694    i.dhcp_recv         lwiplib.o
    0x00002250   0x000000a4   Code   RO          695    i.dhcp_release      lwiplib.o
    0x000022f4   0x00000082   Code   RO          696    i.dhcp_renew        lwiplib.o
    0x00002376   0x00000002   PAD
    0x00002378   0x000000e0   Code   RO          697    i.dhcp_select       lwiplib.o
    0x00002458   0x00000010   Code   RO          698    i.dhcp_set_state    lwiplib.o
    0x00002468   0x000000a0   Code   RO          700    i.dhcp_start        lwiplib.o
    0x00002508   0x0000003e   Code   RO          701    i.dhcp_stop         lwiplib.o
    0x00002546   0x00000088   Code   RO          702    i.dhcp_timeout      lwiplib.o
    0x000025ce   0x00000002   PAD
    0x000025d0   0x0000001c   Code   RO          703    i.dhcp_timer_coarse  lwiplib.o
    0x000025ec   0x0000001c   Code   RO          704    i.dhcp_timer_fine   lwiplib.o
    0x00002608   0x00000124   Code   RO          705    i.etharp_arp_input  lwiplib.o
    0x0000272c   0x00000030   Code   RO          706    i.etharp_cleanup_netif  lwiplib.o
    0x0000275c   0x000000f0   Code   RO          708    i.etharp_find_entry  lwiplib.o
    0x0000284c   0x00000024   Code   RO          709    i.etharp_free_entry  lwiplib.o
    0x00002870   0x00000124   Code   RO          710    i.etharp_output     lwiplib.o
    0x00002994   0x00000044   Code   RO          711    i.etharp_output_to_arp_index  lwiplib.o
    0x000029d8   0x00000114   Code   RO          712    i.etharp_query      lwiplib.o
    0x00002aec   0x000000c0   Code   RO          713    i.etharp_raw        lwiplib.o
    0x00002bac   0x00000024   Code   RO          714    i.etharp_request    lwiplib.o
    0x00002bd0   0x00000020   Code   RO          715    i.etharp_send_ip    lwiplib.o
    0x00002bf0   0x00000048   Code   RO          716    i.etharp_tmr        lwiplib.o
    0x00002c38   0x0000007c   Code   RO          717    i.etharp_update_arp_entry  lwiplib.o
    0x00002cb4   0x000000a8   Code   RO          718    i.ethernet_input    lwiplib.o
    0x00002d5c   0x00000068   Code   RO          264    i.extract_uri_parameters  httpd.o
    0x00002dc4   0x00000008   Code   RO          509    i.fs_bytes_left     io_fs.o
    0x00002dcc   0x00000004   Code   RO          510    i.fs_close          io_fs.o
    0x00002dd0   0x00000130   Code   RO          511    i.fs_open           io_fs.o
    0x00002f00   0x00000042   Code   RO          512    i.fs_read           io_fs.o
    0x00002f42   0x00000002   PAD
    0x00002f44   0x00000100   Code   RO          265    i.get_http_headers  httpd.o
    0x00003044   0x000000b0   Code   RO          266    i.get_tag_insert    httpd.o
    0x000030f4   0x0000006c   Code   RO          267    i.http_accept       httpd.o
    0x00003160   0x00000054   Code   RO          268    i.http_close_conn   httpd.o
    0x000031b4   0x0000000a   Code   RO          269    i.http_err          httpd.o
    0x000031be   0x00000002   PAD
    0x000031c0   0x000000f4   Code   RO          270    i.http_find_file    httpd.o
    0x000032b4   0x00000054   Code   RO          271    i.http_get_404_file  httpd.o
    0x00003308   0x00000070   Code   RO          272    i.http_init_file    httpd.o
    0x00003378   0x0000009c   Code   RO          273    i.http_parse_request  httpd.o
    0x00003414   0x00000032   Code   RO          274    i.http_poll         httpd.o
    0x00003446   0x00000066   Code   RO          275    i.http_recv         httpd.o
    0x000034ac   0x0000047c   Code   RO          276    i.http_send_data    httpd.o
    0x00003928   0x00000016   Code   RO          277    i.http_sent         httpd.o
    0x0000393e   0x00000002   PAD
    0x00003940   0x0000000c   Code   RO          278    i.http_set_cgi_handlers  httpd.o
    0x0000394c   0x00000010   Code   RO          279    i.http_set_ssi_handler  httpd.o
    0x0000395c   0x00000028   Code   RO          280    i.http_state_free   httpd.o
    0x00003984   0x0000003c   Code   RO          281    i.http_write        httpd.o
    0x000039c0   0x00000040   Code   RO          282    i.httpd_init        httpd.o
    0x00003a00   0x00000008   Code   RO          719    i.icmp_dest_unreach  lwiplib.o
    0x00003a08   0x00000164   Code   RO          720    i.icmp_input        lwiplib.o
    0x00003b6c   0x00000070   Code   RO          721    i.icmp_send_response  lwiplib.o
    0x00003bdc   0x0000000c   Code   RO          722    i.inet_chksum       lwiplib.o
    0x00003be8   0x00000048   Code   RO          723    i.inet_chksum_pbuf  lwiplib.o
    0x00003c30   0x00000086   Code   RO          724    i.inet_chksum_pseudo  lwiplib.o
    0x00003cb6   0x00000002   PAD
    0x00003cb8   0x0000000c   Code   RO          431    i.io_get_animation_speed  io.o
    0x00003cc4   0x00000018   Code   RO          432    i.io_get_animation_speed_string  io.o
    0x00003cdc   0x00000034   Code   RO          433    i.io_get_ledstate   io.o
    0x00003d10   0x00000078   Code   RO          434    i.io_init           io.o
    0x00003d88   0x0000001c   Code   RO          435    i.io_is_led_on      io.o
    0x00003da4   0x00000014   Code   RO          436    i.io_set_animation_speed  io.o
    0x00003db8   0x00000030   Code   RO          437    i.io_set_animation_speed_string  io.o
    0x00003de8   0x00000014   Code   RO          438    i.io_set_led        io.o
    0x00003dfc   0x0000004c   Code   RO          439    i.io_set_timer      io.o
    0x00003e48   0x0000002e   Code   RO          726    i.ip4_addr_isbroadcast  lwiplib.o
    0x00003e76   0x00000002   PAD
    0x00003e78   0x00000210   Code   RO          728    i.ip_input          lwiplib.o
    0x00004088   0x00000040   Code   RO          729    i.ip_output         lwiplib.o
    0x000040c8   0x000000c4   Code   RO          730    i.ip_output_if      lwiplib.o
    0x0000418c   0x00000048   Code   RO          731    i.ip_route          lwiplib.o
    0x000041d4   0x00000058   Code   RO          736    i.lwIPEthernetIntHandler  lwiplib.o
    0x0000422c   0x000000e8   Code   RO           86    i.lwIPHostTimerHandler  enet_io.o
    0x00004314   0x000000cc   Code   RO          737    i.lwIPInit          lwiplib.o
    0x000043e0   0x00000078   Code   RO          738    i.lwIPLinkDetect    lwiplib.o
    0x00004458   0x0000001c   Code   RO          740    i.lwIPLocalIPAddrGet  lwiplib.o
    0x00004474   0x00000060   Code   RO          744    i.lwIPPrivateInit   lwiplib.o
    0x000044d4   0x00000088   Code   RO          746    i.lwIPServiceTimers  lwiplib.o
    0x0000455c   0x0000001c   Code   RO          747    i.lwIPTimer         lwiplib.o
    0x00004578   0x00000012   Code   RO          751    i.lwip_init         lwiplib.o
    0x0000458a   0x00000056   Code   RO          754    i.lwip_standard_chksum  lwiplib.o
    0x000045e0   0x0000018c   Code   RO           87    i.main              enet_io.o
    0x0000476c   0x00000058   Code   RO          756    i.mem_free          lwiplib.o
    0x000047c4   0x00000040   Code   RO          757    i.mem_init          lwiplib.o
    0x00004804   0x000000e0   Code   RO          758    i.mem_malloc        lwiplib.o
    0x000048e4   0x000000e0   Code   RO          759    i.mem_trim          lwiplib.o
    0x000049c4   0x00000040   Code   RO          760    i.memp_free         lwiplib.o
    0x00004a04   0x00000070   Code   RO          761    i.memp_init         lwiplib.o
    0x00004a74   0x00000058   Code   RO          762    i.memp_malloc       lwiplib.o
    0x00004acc   0x0000004c   Code   RO          763    i.netif_add         lwiplib.o
    0x00004b18   0x00000020   Code   RO          767    i.netif_set_addr    lwiplib.o
    0x00004b38   0x0000001a   Code   RO          769    i.netif_set_down    lwiplib.o
    0x00004b52   0x00000008   Code   RO          770    i.netif_set_gw      lwiplib.o
    0x00004b5a   0x00000002   PAD
    0x00004b5c   0x00000074   Code   RO          771    i.netif_set_ipaddr  lwiplib.o
    0x00004bd0   0x00000012   Code   RO          772    i.netif_set_link_down  lwiplib.o
    0x00004be2   0x00000042   Code   RO          773    i.netif_set_link_up  lwiplib.o
    0x00004c24   0x00000008   Code   RO          774    i.netif_set_netmask  lwiplib.o
    0x00004c2c   0x00000020   Code   RO          775    i.netif_set_up      lwiplib.o
    0x00004c4c   0x0000011c   Code   RO          776    i.pbuf_alloc        lwiplib.o
    0x00004d68   0x00000028   Code   RO          777    i.pbuf_cat          lwiplib.o
    0x00004d90   0x00000012   Code   RO          778    i.pbuf_chain        lwiplib.o
    0x00004da2   0x00000012   Code   RO          779    i.pbuf_clen         lwiplib.o
    0x00004db4   0x0000009a   Code   RO          781    i.pbuf_copy         lwiplib.o
    0x00004e4e   0x00000068   Code   RO          782    i.pbuf_copy_partial  lwiplib.o
    0x00004eb6   0x00000052   Code   RO          784    i.pbuf_free         lwiplib.o
    0x00004f08   0x00000060   Code   RO          787    i.pbuf_header       lwiplib.o
    0x00004f68   0x00000018   Code   RO          790    i.pbuf_pool_is_empty  lwiplib.o
    0x00004f80   0x0000004e   Code   RO          791    i.pbuf_realloc      lwiplib.o
    0x00004fce   0x0000001a   Code   RO          792    i.pbuf_ref          lwiplib.o
    0x00004fe8   0x00000054   Code   RO          796    i.plug_holes        lwiplib.o
    0x0000503c   0x00000070   Code   RO          799    i.raw_input         lwiplib.o
    0x000050ac   0x00000040   Code   RO          283    i.strnstr           httpd.o
    0x000050ec   0x0000000a   Code   RO          806    i.sys_arch_protect  lwiplib.o
    0x000050f6   0x00000010   Code   RO          807    i.sys_arch_unprotect  lwiplib.o
    0x00005106   0x00000002   PAD
    0x00005108   0x0000005c   Code   RO          811    i.sys_timeout       lwiplib.o
    0x00005164   0x00000050   Code   RO          812    i.sys_timeouts_init  lwiplib.o
    0x000051b4   0x00000094   Code   RO          814    i.tcp_abandon       lwiplib.o
    0x00005248   0x00000006   Code   RO          815    i.tcp_abort         lwiplib.o
    0x0000524e   0x00000004   Code   RO          816    i.tcp_accept        lwiplib.o
    0x00005252   0x00000006   Code   RO          817    i.tcp_accept_null   lwiplib.o
    0x00005258   0x00000114   Code   RO          818    i.tcp_alloc         lwiplib.o
    0x0000536c   0x00000004   Code   RO          819    i.tcp_arg           lwiplib.o
    0x00005370   0x00000080   Code   RO          820    i.tcp_bind          lwiplib.o
    0x000053f0   0x00000014   Code   RO          821    i.tcp_close         lwiplib.o
    0x00005404   0x00000124   Code   RO          822    i.tcp_close_shutdown  lwiplib.o
    0x00005528   0x0000009c   Code   RO          824    i.tcp_create_segment  lwiplib.o
    0x000055c4   0x00000020   Code   RO          826    i.tcp_eff_send_mss  lwiplib.o
    0x000055e4   0x000000d4   Code   RO          827    i.tcp_enqueue_flags  lwiplib.o
    0x000056b8   0x00000006   Code   RO          828    i.tcp_err           lwiplib.o
    0x000056be   0x00000002   PAD
    0x000056c0   0x0000005c   Code   RO          829    i.tcp_fasttmr       lwiplib.o
    0x0000571c   0x00000350   Code   RO          831    i.tcp_input         lwiplib.o
    0x00005a6c   0x00000058   Code   RO          832    i.tcp_keepalive     lwiplib.o
    0x00005ac4   0x000000e4   Code   RO          833    i.tcp_listen_input  lwiplib.o
    0x00005ba8   0x00000088   Code   RO          834    i.tcp_listen_with_backlog  lwiplib.o
    0x00005c30   0x00000006   Code   RO          835    i.tcp_new           lwiplib.o
    0x00005c36   0x00000002   PAD
    0x00005c38   0x0000005c   Code   RO          836    i.tcp_new_port      lwiplib.o
    0x00005c94   0x00000010   Code   RO          837    i.tcp_next_iss      lwiplib.o
    0x00005ca4   0x00000070   Code   RO          838    i.tcp_oos_insert_segment  lwiplib.o
    0x00005d14   0x00000154   Code   RO          839    i.tcp_output        lwiplib.o
    0x00005e68   0x00000058   Code   RO          840    i.tcp_output_alloc_header  lwiplib.o
    0x00005ec0   0x000000c8   Code   RO          841    i.tcp_output_segment  lwiplib.o
    0x00005f88   0x00000074   Code   RO          842    i.tcp_parseopt      lwiplib.o
    0x00005ffc   0x0000004e   Code   RO          843    i.tcp_pbuf_prealloc  lwiplib.o
    0x0000604a   0x00000042   Code   RO          844    i.tcp_pcb_purge     lwiplib.o
    0x0000608c   0x00000058   Code   RO          845    i.tcp_pcb_remove    lwiplib.o
    0x000060e4   0x00000008   Code   RO          846    i.tcp_poll          lwiplib.o
    0x000060ec   0x00000314   Code   RO          847    i.tcp_process       lwiplib.o
    0x00006400   0x00000066   Code   RO          848    i.tcp_process_refused_data  lwiplib.o
    0x00006466   0x00000002   PAD
    0x00006468   0x0000065c   Code   RO          849    i.tcp_receive       lwiplib.o
    0x00006ac4   0x00000006   Code   RO          850    i.tcp_recv          lwiplib.o
    0x00006aca   0x00000024   Code   RO          851    i.tcp_recv_null     lwiplib.o
    0x00006aee   0x00000036   Code   RO          852    i.tcp_recved        lwiplib.o
    0x00006b24   0x00000042   Code   RO          853    i.tcp_rexmit        lwiplib.o
    0x00006b66   0x00000058   Code   RO          854    i.tcp_rexmit_fast   lwiplib.o
    0x00006bbe   0x0000002e   Code   RO          855    i.tcp_rexmit_rto    lwiplib.o
    0x00006bec   0x00000084   Code   RO          856    i.tcp_rst           lwiplib.o
    0x00006c70   0x00000020   Code   RO          857    i.tcp_seg_copy      lwiplib.o
    0x00006c90   0x0000001c   Code   RO          858    i.tcp_seg_free      lwiplib.o
    0x00006cac   0x00000012   Code   RO          859    i.tcp_segs_free     lwiplib.o
    0x00006cbe   0x00000056   Code   RO          860    i.tcp_send_empty_ack  lwiplib.o
    0x00006d14   0x00000032   Code   RO          861    i.tcp_send_fin      lwiplib.o
    0x00006d46   0x00000004   Code   RO          862    i.tcp_sent          lwiplib.o
    0x00006d4a   0x00000004   Code   RO          863    i.tcp_setprio       lwiplib.o
    0x00006d4e   0x00000002   PAD
    0x00006d50   0x00000280   Code   RO          865    i.tcp_slowtmr       lwiplib.o
    0x00006fd0   0x0000002c   Code   RO          866    i.tcp_timer_needed  lwiplib.o
    0x00006ffc   0x00000060   Code   RO          867    i.tcp_timewait_input  lwiplib.o
    0x0000705c   0x00000020   Code   RO          868    i.tcp_tmr           lwiplib.o
    0x0000707c   0x00000034   Code   RO          869    i.tcp_update_rcv_ann_wnd  lwiplib.o
    0x000070b0   0x000002ec   Code   RO          870    i.tcp_write         lwiplib.o
    0x0000739c   0x000000ac   Code   RO          871    i.tcp_zero_window_probe  lwiplib.o
    0x00007448   0x00000030   Code   RO          872    i.tcpip_tcp_timer   lwiplib.o
    0x00007478   0x000000bc   Code   RO          873    i.tivaif_hwinit     lwiplib.o
    0x00007534   0x00000034   Code   RO          874    i.tivaif_init       lwiplib.o
    0x00007568   0x0000004c   Code   RO          875    i.tivaif_interrupt  lwiplib.o
    0x000075b4   0x0000007c   Code   RO          876    i.tivaif_process_phy_interrupt  lwiplib.o
    0x00007630   0x00000058   Code   RO          877    i.tivaif_process_transmit  lwiplib.o
    0x00007688   0x00000184   Code   RO          878    i.tivaif_receive    lwiplib.o
    0x0000780c   0x00000148   Code   RO          879    i.tivaif_transmit   lwiplib.o
    0x00007954   0x000000a8   Code   RO          880    i.udp_bind          lwiplib.o
    0x000079fc   0x0000004c   Code   RO          881    i.udp_connect       lwiplib.o
    0x00007a48   0x000001d0   Code   RO          884    i.udp_input         lwiplib.o
    0x00007c18   0x0000001a   Code   RO          885    i.udp_new           lwiplib.o
    0x00007c32   0x00000006   Code   RO          886    i.udp_recv          lwiplib.o
    0x00007c38   0x0000002c   Code   RO          887    i.udp_remove        lwiplib.o
    0x00007c64   0x00000034   Code   RO          889    i.udp_sendto        lwiplib.o
    0x00007c98   0x000000dc   Code   RO          890    i.udp_sendto_if     lwiplib.o
    0x00007d74   0x00000012   Code   RO         2328    i.usnprintf         ustdlib.o
    0x00007d86   0x00000016   Code   RO         2329    i.usprintf          ustdlib.o
    0x00007d9c   0x0000002e   Code   RO         2335    i.ustrncmp          ustdlib.o
    0x00007dca   0x00000022   Code   RO         2336    i.ustrncpy          ustdlib.o
    0x00007dec   0x00000250   Code   RO         2340    i.uvsnprintf        ustdlib.o
    0x0000803c   0x00000010   Data   RO           88    .constdata          enet_io.o
    0x0000804c   0x00000130   Data   RO          284    .constdata          httpd.o
    0x0000817c   0x0000012c   Data   RO          513    .constdata          io_fs.o
    0x000082a8   0x0000071d   Data   RO          514    .constdata          io_fs.o
    0x000089c5   0x000001f8   Data   RO          515    .constdata          io_fs.o
    0x00008bbd   0x0002c026   Data   RO          516    .constdata          io_fs.o
    0x00034be3   0x0000b650   Data   RO          517    .constdata          io_fs.o
    0x00040233   0x000006c3   Data   RO          518    .constdata          io_fs.o
    0x000408f6   0x000008ca   Data   RO          519    .constdata          io_fs.o
    0x000411c0   0x00001da8   Data   RO          520    .constdata          io_fs.o
    0x00042f68   0x00000b67   Data   RO          521    .constdata          io_fs.o
    0x00043acf   0x000010b8   Data   RO          522    .constdata          io_fs.o
    0x00044b87   0x00000198   Data   RO          523    .constdata          io_fs.o
    0x00044d1f   0x00000609   Data   RO          524    .constdata          io_fs.o
    0x00045328   0x00000b18   Data   RO          525    .constdata          io_fs.o
    0x00045e40   0x00000604   Data   RO          526    .constdata          io_fs.o
    0x00046444   0x00001bfc   Data   RO          527    .constdata          io_fs.o
    0x00048040   0x00000d33   Data   RO          528    .constdata          io_fs.o
    0x00048d73   0x00000001   PAD
    0x00048d74   0x00000014   Data   RO          529    .constdata          io_fs.o
    0x00048d88   0x00000014   Data   RO          530    .constdata          io_fs.o
    0x00048d9c   0x00000014   Data   RO          531    .constdata          io_fs.o
    0x00048db0   0x00000014   Data   RO          532    .constdata          io_fs.o
    0x00048dc4   0x00000014   Data   RO          533    .constdata          io_fs.o
    0x00048dd8   0x00000014   Data   RO          534    .constdata          io_fs.o
    0x00048dec   0x00000014   Data   RO          535    .constdata          io_fs.o
    0x00048e00   0x00000014   Data   RO          536    .constdata          io_fs.o
    0x00048e14   0x00000014   Data   RO          537    .constdata          io_fs.o
    0x00048e28   0x00000014   Data   RO          538    .constdata          io_fs.o
    0x00048e3c   0x00000014   Data   RO          539    .constdata          io_fs.o
    0x00048e50   0x00000014   Data   RO          540    .constdata          io_fs.o
    0x00048e64   0x00000014   Data   RO          541    .constdata          io_fs.o
    0x00048e78   0x00000014   Data   RO          542    .constdata          io_fs.o
    0x00048e8c   0x00000014   Data   RO          543    .constdata          io_fs.o
    0x00048ea0   0x00000014   Data   RO          544    .constdata          io_fs.o
    0x00048eb4   0x00000088   Data   RO          893    .constdata          lwiplib.o
    0x00048f3c   0x0000001c   Data   RO         2278    .constdata          uartstdio.o
    0x00048f58   0x0000004c   Data   RO         2341    .constdata          ustdlib.o
    0x00048fa4   0x0000010c   Data   RO         3325    .constdata          driverlib.lib(interrupt.o)
    0x000490b0   0x000001c4   Data   RO         3479    .constdata          driverlib.lib(sysctl.o)
    0x00049274   0x00000031   Data   RO           89    .conststring        enet_io.o
    0x000492a5   0x000003db   Data   RO          285    .conststring        httpd.o
    0x00049680   0x00000068   Data   RO          894    .conststring        lwiplib.o
    0x000496e8   0x00000011   Data   RO         2279    .conststring        uartstdio.o
    0x000496f9   0x00000003   PAD
    0x000496fc   0x00000020   Data   RO         4150    Region$$Table       anon$$obj.o


    Execution Region RW_IRAM (Base: 0x20000000, Size: 0x00018090, Max: 0x00040000, ABSOLUTE, COMPRESSED[0x00000030])

    Base Addr    Size         Type   Attr      Idx    E Section Name        Object

    0x20000000   0x00000018   Data   RW           90    .data               enet_io.o
    0x20000018   0x00000014   Data   RW          286    .data               httpd.o
    0x2000002c   0x00000004   Data   RW          440    .data               io.o
    0x20000030   0x00000014   Data   RW          545    .data               io_fs.o
    0x20000044   0x000000dc   Data   RW          895    .data               lwiplib.o
    0x20000120   0x00000010   Data   RW          896    .data               lwiplib.o
    0x20000130   0x00000008   Data   RW         2280    .data               uartstdio.o
    0x20000138   0x00000054   Zero   RW          614    .bss                locator.o
    0x2000018c   0x00017b04   Zero   RW          891    .bss                lwiplib.o
    0x20017c90   0x00000400   Zero   RW         2265    STACK               startup_rvmdk.o

